###############################################################################
#                                                                             #
# IAR ELF Linker V6.10.1.52143/W32 for ARM              06/Jul/2023  13:48:26 #
# Copyright 2007-2010 IAR Systems AB.                                         #
#                                                                             #
#    Output file  =  E:\car_item_v1\jinshan\car_control_v1.2.7.9\master___CAR #
#                    _CTRL_PROJECT_v1.2.7.9\Project\EWARMv5_iap\STM3210C-EVAL #
#                    \Exe\STM3210C-EVAL.out                                   #
#    Map file     =  E:\car_item_v1\jinshan\car_control_v1.2.7.9\master___CAR #
#                    _CTRL_PROJECT_v1.2.7.9\Project\EWARMv5_iap\STM3210C-EVAL #
#                    \List\STM3210C-EVAL.map                                  #
#    Command line =  E:\car_item_v1\jinshan\car_control_v1.2.7.9\master___CAR #
#                    _CTRL_PROJECT_v1.2.7.9\Project\EWARMv5_iap\STM3210C-EVAL #
#                    \Obj\TCPclient.o E:\car_item_v1\jinshan\car_control_v1.2 #
#                    .7.9\master___CAR_CTRL_PROJECT_v1.2.7.9\Project\EWARMv5_ #
#                    iap\STM3210C-EVAL\Obj\api_lib.o                          #
#                    E:\car_item_v1\jinshan\car_control_v1.2.7.9\master___CAR #
#                    _CTRL_PROJECT_v1.2.7.9\Project\EWARMv5_iap\STM3210C-EVAL #
#                    \Obj\api_msg.o E:\car_item_v1\jinshan\car_control_v1.2.7 #
#                    .9\master___CAR_CTRL_PROJECT_v1.2.7.9\Project\EWARMv5_ia #
#                    p\STM3210C-EVAL\Obj\autoip.o                             #
#                    E:\car_item_v1\jinshan\car_control_v1.2.7.9\master___CAR #
#                    _CTRL_PROJECT_v1.2.7.9\Project\EWARMv5_iap\STM3210C-EVAL #
#                    \Obj\can_bus.o E:\car_item_v1\jinshan\car_control_v1.2.7 #
#                    .9\master___CAR_CTRL_PROJECT_v1.2.7.9\Project\EWARMv5_ia #
#                    p\STM3210C-EVAL\Obj\core_cm3.o                           #
#                    E:\car_item_v1\jinshan\car_control_v1.2.7.9\master___CAR #
#                    _CTRL_PROJECT_v1.2.7.9\Project\EWARMv5_iap\STM3210C-EVAL #
#                    \Obj\dhcp.o E:\car_item_v1\jinshan\car_control_v1.2.7.9\ #
#                    master___CAR_CTRL_PROJECT_v1.2.7.9\Project\EWARMv5_iap\S #
#                    TM3210C-EVAL\Obj\err.o E:\car_item_v1\jinshan\car_contro #
#                    l_v1.2.7.9\master___CAR_CTRL_PROJECT_v1.2.7.9\Project\EW #
#                    ARMv5_iap\STM3210C-EVAL\Obj\etharp.o                     #
#                    E:\car_item_v1\jinshan\car_control_v1.2.7.9\master___CAR #
#                    _CTRL_PROJECT_v1.2.7.9\Project\EWARMv5_iap\STM3210C-EVAL #
#                    \Obj\ethernetif.o E:\car_item_v1\jinshan\car_control_v1. #
#                    2.7.9\master___CAR_CTRL_PROJECT_v1.2.7.9\Project\EWARMv5 #
#                    _iap\STM3210C-EVAL\Obj\fun.o                             #
#                    E:\car_item_v1\jinshan\car_control_v1.2.7.9\master___CAR #
#                    _CTRL_PROJECT_v1.2.7.9\Project\EWARMv5_iap\STM3210C-EVAL #
#                    \Obj\gndfun.o E:\car_item_v1\jinshan\car_control_v1.2.7. #
#                    9\master___CAR_CTRL_PROJECT_v1.2.7.9\Project\EWARMv5_iap #
#                    \STM3210C-EVAL\Obj\guangdian.o                           #
#                    E:\car_item_v1\jinshan\car_control_v1.2.7.9\master___CAR #
#                    _CTRL_PROJECT_v1.2.7.9\Project\EWARMv5_iap\STM3210C-EVAL #
#                    \Obj\icmp.o E:\car_item_v1\jinshan\car_control_v1.2.7.9\ #
#                    master___CAR_CTRL_PROJECT_v1.2.7.9\Project\EWARMv5_iap\S #
#                    TM3210C-EVAL\Obj\igmp.o E:\car_item_v1\jinshan\car_contr #
#                    ol_v1.2.7.9\master___CAR_CTRL_PROJECT_v1.2.7.9\Project\E #
#                    WARMv5_iap\STM3210C-EVAL\Obj\inet.o                      #
#                    E:\car_item_v1\jinshan\car_control_v1.2.7.9\master___CAR #
#                    _CTRL_PROJECT_v1.2.7.9\Project\EWARMv5_iap\STM3210C-EVAL #
#                    \Obj\inet_chksum.o E:\car_item_v1\jinshan\car_control_v1 #
#                    .2.7.9\master___CAR_CTRL_PROJECT_v1.2.7.9\Project\EWARMv #
#                    5_iap\STM3210C-EVAL\Obj\init.o                           #
#                    E:\car_item_v1\jinshan\car_control_v1.2.7.9\master___CAR #
#                    _CTRL_PROJECT_v1.2.7.9\Project\EWARMv5_iap\STM3210C-EVAL #
#                    \Obj\ip.o E:\car_item_v1\jinshan\car_control_v1.2.7.9\ma #
#                    ster___CAR_CTRL_PROJECT_v1.2.7.9\Project\EWARMv5_iap\STM #
#                    3210C-EVAL\Obj\ip_addr.o E:\car_item_v1\jinshan\car_cont #
#                    rol_v1.2.7.9\master___CAR_CTRL_PROJECT_v1.2.7.9\Project\ #
#                    EWARMv5_iap\STM3210C-EVAL\Obj\ip_frag.o                  #
#                    E:\car_item_v1\jinshan\car_control_v1.2.7.9\master___CAR #
#                    _CTRL_PROJECT_v1.2.7.9\Project\EWARMv5_iap\STM3210C-EVAL #
#                    \Obj\main.o E:\car_item_v1\jinshan\car_control_v1.2.7.9\ #
#                    master___CAR_CTRL_PROJECT_v1.2.7.9\Project\EWARMv5_iap\S #
#                    TM3210C-EVAL\Obj\mem.o E:\car_item_v1\jinshan\car_contro #
#                    l_v1.2.7.9\master___CAR_CTRL_PROJECT_v1.2.7.9\Project\EW #
#                    ARMv5_iap\STM3210C-EVAL\Obj\memp.o                       #
#                    E:\car_item_v1\jinshan\car_control_v1.2.7.9\master___CAR #
#                    _CTRL_PROJECT_v1.2.7.9\Project\EWARMv5_iap\STM3210C-EVAL #
#                    \Obj\misc.o E:\car_item_v1\jinshan\car_control_v1.2.7.9\ #
#                    master___CAR_CTRL_PROJECT_v1.2.7.9\Project\EWARMv5_iap\S #
#                    TM3210C-EVAL\Obj\moto.o E:\car_item_v1\jinshan\car_contr #
#                    ol_v1.2.7.9\master___CAR_CTRL_PROJECT_v1.2.7.9\Project\E #
#                    WARMv5_iap\STM3210C-EVAL\Obj\netbuf.o                    #
#                    E:\car_item_v1\jinshan\car_control_v1.2.7.9\master___CAR #
#                    _CTRL_PROJECT_v1.2.7.9\Project\EWARMv5_iap\STM3210C-EVAL #
#                    \Obj\netconf.o E:\car_item_v1\jinshan\car_control_v1.2.7 #
#                    .9\master___CAR_CTRL_PROJECT_v1.2.7.9\Project\EWARMv5_ia #
#                    p\STM3210C-EVAL\Obj\netdb.o                              #
#                    E:\car_item_v1\jinshan\car_control_v1.2.7.9\master___CAR #
#                    _CTRL_PROJECT_v1.2.7.9\Project\EWARMv5_iap\STM3210C-EVAL #
#                    \Obj\netif.o E:\car_item_v1\jinshan\car_control_v1.2.7.9 #
#                    \master___CAR_CTRL_PROJECT_v1.2.7.9\Project\EWARMv5_iap\ #
#                    STM3210C-EVAL\Obj\netifapi.o                             #
#                    E:\car_item_v1\jinshan\car_control_v1.2.7.9\master___CAR #
#                    _CTRL_PROJECT_v1.2.7.9\Project\EWARMv5_iap\STM3210C-EVAL #
#                    \Obj\pbuf.o E:\car_item_v1\jinshan\car_control_v1.2.7.9\ #
#                    master___CAR_CTRL_PROJECT_v1.2.7.9\Project\EWARMv5_iap\S #
#                    TM3210C-EVAL\Obj\photo.o E:\car_item_v1\jinshan\car_cont #
#                    rol_v1.2.7.9\master___CAR_CTRL_PROJECT_v1.2.7.9\Project\ #
#                    EWARMv5_iap\STM3210C-EVAL\Obj\raw.o                      #
#                    E:\car_item_v1\jinshan\car_control_v1.2.7.9\master___CAR #
#                    _CTRL_PROJECT_v1.2.7.9\Project\EWARMv5_iap\STM3210C-EVAL #
#                    \Obj\startup_stm32f10x_cl.o                              #
#                    E:\car_item_v1\jinshan\car_control_v1.2.7.9\master___CAR #
#                    _CTRL_PROJECT_v1.2.7.9\Project\EWARMv5_iap\STM3210C-EVAL #
#                    \Obj\stats.o E:\car_item_v1\jinshan\car_control_v1.2.7.9 #
#                    \master___CAR_CTRL_PROJECT_v1.2.7.9\Project\EWARMv5_iap\ #
#                    STM3210C-EVAL\Obj\stm32_eth.o                            #
#                    E:\car_item_v1\jinshan\car_control_v1.2.7.9\master___CAR #
#                    _CTRL_PROJECT_v1.2.7.9\Project\EWARMv5_iap\STM3210C-EVAL #
#                    \Obj\stm32f107.o E:\car_item_v1\jinshan\car_control_v1.2 #
#                    .7.9\master___CAR_CTRL_PROJECT_v1.2.7.9\Project\EWARMv5_ #
#                    iap\STM3210C-EVAL\Obj\stm32f10x_adc.o                    #
#                    E:\car_item_v1\jinshan\car_control_v1.2.7.9\master___CAR #
#                    _CTRL_PROJECT_v1.2.7.9\Project\EWARMv5_iap\STM3210C-EVAL #
#                    \Obj\stm32f10x_bkp.o E:\car_item_v1\jinshan\car_control_ #
#                    v1.2.7.9\master___CAR_CTRL_PROJECT_v1.2.7.9\Project\EWAR #
#                    Mv5_iap\STM3210C-EVAL\Obj\stm32f10x_can.o                #
#                    E:\car_item_v1\jinshan\car_control_v1.2.7.9\master___CAR #
#                    _CTRL_PROJECT_v1.2.7.9\Project\EWARMv5_iap\STM3210C-EVAL #
#                    \Obj\stm32f10x_dma.o E:\car_item_v1\jinshan\car_control_ #
#                    v1.2.7.9\master___CAR_CTRL_PROJECT_v1.2.7.9\Project\EWAR #
#                    Mv5_iap\STM3210C-EVAL\Obj\stm32f10x_exti.o               #
#                    E:\car_item_v1\jinshan\car_control_v1.2.7.9\master___CAR #
#                    _CTRL_PROJECT_v1.2.7.9\Project\EWARMv5_iap\STM3210C-EVAL #
#                    \Obj\stm32f10x_flash.o E:\car_item_v1\jinshan\car_contro #
#                    l_v1.2.7.9\master___CAR_CTRL_PROJECT_v1.2.7.9\Project\EW #
#                    ARMv5_iap\STM3210C-EVAL\Obj\stm32f10x_gpio.o             #
#                    E:\car_item_v1\jinshan\car_control_v1.2.7.9\master___CAR #
#                    _CTRL_PROJECT_v1.2.7.9\Project\EWARMv5_iap\STM3210C-EVAL #
#                    \Obj\stm32f10x_i2c.o E:\car_item_v1\jinshan\car_control_ #
#                    v1.2.7.9\master___CAR_CTRL_PROJECT_v1.2.7.9\Project\EWAR #
#                    Mv5_iap\STM3210C-EVAL\Obj\stm32f10x_it.o                 #
#                    E:\car_item_v1\jinshan\car_control_v1.2.7.9\master___CAR #
#                    _CTRL_PROJECT_v1.2.7.9\Project\EWARMv5_iap\STM3210C-EVAL #
#                    \Obj\stm32f10x_pwr.o E:\car_item_v1\jinshan\car_control_ #
#                    v1.2.7.9\master___CAR_CTRL_PROJECT_v1.2.7.9\Project\EWAR #
#                    Mv5_iap\STM3210C-EVAL\Obj\stm32f10x_rcc.o                #
#                    E:\car_item_v1\jinshan\car_control_v1.2.7.9\master___CAR #
#                    _CTRL_PROJECT_v1.2.7.9\Project\EWARMv5_iap\STM3210C-EVAL #
#                    \Obj\stm32f10x_rtc.o E:\car_item_v1\jinshan\car_control_ #
#                    v1.2.7.9\master___CAR_CTRL_PROJECT_v1.2.7.9\Project\EWAR #
#                    Mv5_iap\STM3210C-EVAL\Obj\stm32f10x_spi.o                #
#                    E:\car_item_v1\jinshan\car_control_v1.2.7.9\master___CAR #
#                    _CTRL_PROJECT_v1.2.7.9\Project\EWARMv5_iap\STM3210C-EVAL #
#                    \Obj\stm32f10x_tim.o E:\car_item_v1\jinshan\car_control_ #
#                    v1.2.7.9\master___CAR_CTRL_PROJECT_v1.2.7.9\Project\EWAR #
#                    Mv5_iap\STM3210C-EVAL\Obj\stm32f10x_usart.o              #
#                    E:\car_item_v1\jinshan\car_control_v1.2.7.9\master___CAR #
#                    _CTRL_PROJECT_v1.2.7.9\Project\EWARMv5_iap\STM3210C-EVAL #
#                    \Obj\sys.o E:\car_item_v1\jinshan\car_control_v1.2.7.9\m #
#                    aster___CAR_CTRL_PROJECT_v1.2.7.9\Project\EWARMv5_iap\ST #
#                    M3210C-EVAL\Obj\system_stm32f10x.o                       #
#                    E:\car_item_v1\jinshan\car_control_v1.2.7.9\master___CAR #
#                    _CTRL_PROJECT_v1.2.7.9\Project\EWARMv5_iap\STM3210C-EVAL #
#                    \Obj\tcp.o E:\car_item_v1\jinshan\car_control_v1.2.7.9\m #
#                    aster___CAR_CTRL_PROJECT_v1.2.7.9\Project\EWARMv5_iap\ST #
#                    M3210C-EVAL\Obj\tcp_in.o E:\car_item_v1\jinshan\car_cont #
#                    rol_v1.2.7.9\master___CAR_CTRL_PROJECT_v1.2.7.9\Project\ #
#                    EWARMv5_iap\STM3210C-EVAL\Obj\tcp_out.o                  #
#                    E:\car_item_v1\jinshan\car_control_v1.2.7.9\master___CAR #
#                    _CTRL_PROJECT_v1.2.7.9\Project\EWARMv5_iap\STM3210C-EVAL #
#                    \Obj\tcpip.o E:\car_item_v1\jinshan\car_control_v1.2.7.9 #
#                    \master___CAR_CTRL_PROJECT_v1.2.7.9\Project\EWARMv5_iap\ #
#                    STM3210C-EVAL\Obj\udp.o E:\car_item_v1\jinshan\car_contr #
#                    ol_v1.2.7.9\master___CAR_CTRL_PROJECT_v1.2.7.9\Project\E #
#                    WARMv5_iap\STM3210C-EVAL\Obj\zongxian.o -o               #
#                    E:\car_item_v1\jinshan\car_control_v1.2.7.9\master___CAR #
#                    _CTRL_PROJECT_v1.2.7.9\Project\EWARMv5_iap\STM3210C-EVAL #
#                    \Exe\STM3210C-EVAL.out --map                             #
#                    E:\car_item_v1\jinshan\car_control_v1.2.7.9\master___CAR #
#                    _CTRL_PROJECT_v1.2.7.9\Project\EWARMv5_iap\STM3210C-EVAL #
#                    \List\STM3210C-EVAL.map --config                         #
#                    E:\car_item_v1\jinshan\car_control_v1.2.7.9\master___CAR #
#                    _CTRL_PROJECT_v1.2.7.9\Project\EWARMv5_iap\STM32F10x_FLA #
#                    SH.icf --semihosting --entry __iar_program_start         #
#                                                                             #
#                                                                             #
###############################################################################

*******************************************************************************
*** RUNTIME MODEL ATTRIBUTES
***

CppFlavor       = *
__SystemLibrary = DLib


*******************************************************************************
*** PLACEMENT SUMMARY
***

"A1":  place at 0x08010000 { ro section .intvec };
"P1":  place in [from 0x08008000 to 0x0803ffff] { ro };
"P2":  place in [from 0x20000000 to 0x2000ffff] { rw, block CSTACK, block HEAP };

  Section            Kind        Address    Size  Object
  -------            ----        -------    ----  ------
"A1":                                      0x150
  .intvec            ro code  0x08010000   0x150  startup_stm32f10x_cl.o [1]
                            - 0x08010150   0x150

"P1":                                     0xbfd8
  .text              ro code  0x08010150  0x16dc  fun.o [1]
  .text              ro code  0x0801182c    0x70  ABImemcpy.o [4]
  .text              ro code  0x0801189c    0x20  stm32f10x_bkp.o [1]
  .text              ro code  0x080118bc   0xef0  moto.o [1]
  .text              ro code  0x080127ac   0x718  can_bus.o [1]
  .text              ro code  0x08012ec4    0x16  tcp_out.o [1]
  .text              ro code  0x08012eda    0x2e  copy_init3.o [4]
  .text              ro code  0x08012f08   0xa08  photo.o [1]
  .text              ro code  0x08013910   0x1fc  stm32f10x_gpio.o [1]
  .text              ro code  0x08013b0c   0x204  stm32f10x_dma.o [1]
  .text              ro code  0x08013d10   0x544  stm32f10x_can.o [1]
  .text              ro code  0x08014254   0x244  guangdian.o [1]
  .text              ro code  0x08014498   0x270  stm32f10x_rcc.o [1]
  .text              ro code  0x08014708  0x141c  tcp_in.o [1]
  .text              ro code  0x08015b24    0x3e  inet.o [1]
  .text              ro code  0x08015b62   0x614  pbuf.o [1]
  .text              ro code  0x08016176    0x22  zero_init3.o [4]
  .text              ro code  0x08016198    0x58  ip_addr.o [1]
  .text              ro code  0x080161f0   0x518  tcp.o [1]
  .text              ro code  0x08016708    0xf8  memp.o [1]
  .text              ro code  0x08016800   0x998  tcp_out.o [1]
  .text              ro code  0x08017198   0x3e0  mem.o [1]
  .text              ro code  0x08017578    0x16  udp.o [1]
  .text              ro code  0x08017590   0x38c  ip.o [1]
  .text              ro code  0x0801791c    0x66  ABImemset.o [4]
  .text              ro code  0x08017984   0x170  netif.o [1]
  .text              ro code  0x08017af4   0x678  ip_frag.o [1]
  .text              ro code  0x0801816c    0x88  raw.o [1]
  .text              ro code  0x080181f4   0x438  udp.o [1]
  .text              ro code  0x0801862c   0x232  icmp.o [1]
  .text              ro code  0x08018860   0xb34  etharp.o [1]
  .text              ro code  0x08019394    0xd6  inet_chksum.o [1]
  .text              ro code  0x0801946c   0x820  stm32f107.o [1]
  .text              ro code  0x08019c8c   0x1d6  stm32f10x_usart.o [1]
  .text              ro code  0x08019e64   0x19c  system_stm32f10x.o [1]
  .text              ro code  0x0801a000   0x746  stm32_eth.o [1]
  .text              ro code  0x0801a748    0x9c  misc.o [1]
  .text              ro code  0x0801a7e4   0x5bc  main.o [1]
  .text              ro code  0x0801ada0   0x590  gndfun.o [1]
  .text              ro code  0x0801b330    0xb8  netconf.o [1]
  .text              ro code  0x0801b3e8   0x504  TCPclient.o [1]
  .text              ro code  0x0801b8ec    0xec  zongxian.o [1]
  .text              ro code  0x0801b9d8   0x300  ethernetif.o [1]
  .text              ro code  0x0801bcd8   0x230  stm32f10x_it.o [1]
  .text              ro code  0x0801bf08    0x3a  stm32f10x_tim.o [1]
  .text              ro code  0x0801bf44    0x2c  data_init3.o [4]
  .iar.init_table    const    0x0801bf70    0x24  - Linker created -
  .text              ro code  0x0801bf94    0x16  cmain.o [4]
  .text              ro code  0x0801bfaa     0x4  low_level_init.o [3]
  .text              ro code  0x0801bfae     0x8  exit.o [3]
  .text              ro code  0x0801bfb8     0xa  cexit.o [4]
  .text              ro code  0x0801bfc4    0x14  exit.o [5]
  .text              ro code  0x0801bfd8     0xc  cstartup_M.o [4]
  .text              ro code  0x0801bfe4     0x4  startup_stm32f10x_cl.o [1]
  .text              ro code  0x0801bfe8     0x4  startup_stm32f10x_cl.o [1]
  .text              ro code  0x0801bfec     0x4  startup_stm32f10x_cl.o [1]
  .text              ro code  0x0801bff0     0x4  startup_stm32f10x_cl.o [1]
  .text              ro code  0x0801bff4     0x4  startup_stm32f10x_cl.o [1]
  .text              ro code  0x0801bff8     0x4  startup_stm32f10x_cl.o [1]
  .text              ro code  0x0801bffc     0x4  startup_stm32f10x_cl.o [1]
  .text              ro code  0x0801c000     0x4  startup_stm32f10x_cl.o [1]
  .text              ro code  0x0801c004     0x4  startup_stm32f10x_cl.o [1]
  .text              ro code  0x0801c008     0x4  startup_stm32f10x_cl.o [1]
  .text              ro code  0x0801c00c     0x4  startup_stm32f10x_cl.o [1]
  .text              ro code  0x0801c010     0x4  startup_stm32f10x_cl.o [1]
  .text              ro code  0x0801c014     0x4  startup_stm32f10x_cl.o [1]
  .text              ro code  0x0801c018     0x4  startup_stm32f10x_cl.o [1]
  .text              ro code  0x0801c01c     0x4  startup_stm32f10x_cl.o [1]
  .text              ro code  0x0801c020     0x4  startup_stm32f10x_cl.o [1]
  .text              ro code  0x0801c024     0x4  startup_stm32f10x_cl.o [1]
  .text              ro code  0x0801c028     0x4  startup_stm32f10x_cl.o [1]
  .text              ro code  0x0801c02c     0x4  startup_stm32f10x_cl.o [1]
  .text              ro code  0x0801c030     0x4  startup_stm32f10x_cl.o [1]
  .text              ro code  0x0801c034     0x4  startup_stm32f10x_cl.o [1]
  .text              ro code  0x0801c038     0x4  startup_stm32f10x_cl.o [1]
  .text              ro code  0x0801c03c     0x4  startup_stm32f10x_cl.o [1]
  .text              ro code  0x0801c040     0x4  startup_stm32f10x_cl.o [1]
  .text              ro code  0x0801c044     0x4  startup_stm32f10x_cl.o [1]
  .text              ro code  0x0801c048     0x4  startup_stm32f10x_cl.o [1]
  .text              ro code  0x0801c04c     0x4  startup_stm32f10x_cl.o [1]
  .text              ro code  0x0801c050     0x4  startup_stm32f10x_cl.o [1]
  .text              ro code  0x0801c054     0x4  startup_stm32f10x_cl.o [1]
  .text              ro code  0x0801c058     0x4  startup_stm32f10x_cl.o [1]
  .text              ro code  0x0801c05c     0x4  startup_stm32f10x_cl.o [1]
  .text              ro code  0x0801c060     0x4  startup_stm32f10x_cl.o [1]
  .text              ro code  0x0801c064     0x4  startup_stm32f10x_cl.o [1]
  .text              ro code  0x0801c068     0x4  startup_stm32f10x_cl.o [1]
  .text              ro code  0x0801c06c     0x4  startup_stm32f10x_cl.o [1]
  .text              ro code  0x0801c070     0x4  startup_stm32f10x_cl.o [1]
  .text              ro code  0x0801c074     0x4  startup_stm32f10x_cl.o [1]
  .text              ro code  0x0801c078     0x4  startup_stm32f10x_cl.o [1]
  .text              ro code  0x0801c07c     0x4  startup_stm32f10x_cl.o [1]
  .text              ro code  0x0801c080     0x4  startup_stm32f10x_cl.o [1]
  .text              ro code  0x0801c084     0x4  startup_stm32f10x_cl.o [1]
  .text              ro code  0x0801c088     0x4  startup_stm32f10x_cl.o [1]
  .text              ro code  0x0801c08c     0x4  startup_stm32f10x_cl.o [1]
  .text              ro code  0x0801c090     0x4  startup_stm32f10x_cl.o [1]
  .text              ro code  0x0801c094     0x4  startup_stm32f10x_cl.o [1]
  .text              ro code  0x0801c098     0x4  startup_stm32f10x_cl.o [1]
  .text              ro code  0x0801c09c     0x4  startup_stm32f10x_cl.o [1]
  .text              ro code  0x0801c0a0     0x4  startup_stm32f10x_cl.o [1]
  .text              ro code  0x0801c0a4     0x4  startup_stm32f10x_cl.o [1]
  .text              ro code  0x0801c0a8     0x4  startup_stm32f10x_cl.o [1]
  .text              ro code  0x0801c0ac     0x4  startup_stm32f10x_cl.o [1]
  .text              ro code  0x0801c0b0     0x4  startup_stm32f10x_cl.o [1]
  .text              ro code  0x0801c0b4     0x4  startup_stm32f10x_cl.o [1]
  .text              ro code  0x0801c0b8     0x4  startup_stm32f10x_cl.o [1]
  .text              ro code  0x0801c0bc     0x4  startup_stm32f10x_cl.o [1]
  .text              ro code  0x0801c0c0     0x4  startup_stm32f10x_cl.o [1]
  .text              ro code  0x0801c0c4     0x4  startup_stm32f10x_cl.o [1]
  .text              ro code  0x0801c0c8     0x4  startup_stm32f10x_cl.o [1]
  .text              ro code  0x0801c0cc     0x4  startup_stm32f10x_cl.o [1]
  .text              ro code  0x0801c0d0     0x4  startup_stm32f10x_cl.o [1]
  .text              ro code  0x0801c0d4     0x4  startup_stm32f10x_cl.o [1]
  .text              ro code  0x0801c0d8     0x4  startup_stm32f10x_cl.o [1]
  .text              ro code  0x0801c0dc     0x4  startup_stm32f10x_cl.o [1]
  .text              ro code  0x0801c0e0     0x4  startup_stm32f10x_cl.o [1]
  .text              ro code  0x0801c0e4     0x4  startup_stm32f10x_cl.o [1]
  .text              ro code  0x0801c0e8     0x4  startup_stm32f10x_cl.o [1]
  .text              ro code  0x0801c0ec     0x4  startup_stm32f10x_cl.o [1]
  .text              ro code  0x0801c0f0     0x4  startup_stm32f10x_cl.o [1]
  .text              ro code  0x0801c0f4     0x4  startup_stm32f10x_cl.o [1]
  .text              ro code  0x0801c0f8     0x4  startup_stm32f10x_cl.o [1]
  Initializer bytes  ro data  0x0801c0fc    0x2c  <for P2 s0>
                            - 0x0801c128  0xbfd8

"P2", part 1 of 3:                          0x2c
  P2 s0                       0x20000000    0x2c  <Init block>
    .data            inited   0x20000000    0x10  stm32f10x_rcc.o [1]
    .data            inited   0x20000010     0x4  can_bus.o [1]
    .data            inited   0x20000014     0x4  fun.o [1]
    .data            inited   0x20000018     0x4  stm32f10x_rcc.o [1]
    .data            inited   0x2000001c     0x4  tcp.o [1]
    .data            inited   0x20000020     0x2  main.o [1]
    .data            inited   0x20000022     0x2  photo.o [1]
    .data            inited   0x20000024     0x2  photo.o [1]
    .data            inited   0x20000026     0x2  photo.o [1]
    .data            inited   0x20000028     0x1  fun.o [1]
    .data            inited   0x20000029     0x1  moto.o [1]
                            - 0x2000002c    0x2c

"P2", part 2 of 3:                        0xd9a4
  .bss               zero     0x2000002c  0x45cc  memp.o [1]
  .bss               zero     0x200045f8  0x2814  mem.o [1]
  .bss               zero     0x20006e0c  0x17c0  ethernetif.o [1]
  .bss               zero     0x200085cc  0x14ec  fun.o [1]
  .bss               zero     0x20009ab8  0x1418  TCPclient.o [1]
  .bss               zero     0x2000aed0   0xbe0  ethernetif.o [1]
  .bss               zero     0x2000bab0   0x700  can_bus.o [1]
  .bss               zero     0x2000c1b0   0x5e0  ip_frag.o [1]
  .bss               zero     0x2000c790   0x400  fun.o [1]
  .bss               zero     0x2000cb90   0x3e8  zongxian.o [1]
  .bss               zero     0x2000cf78   0x100  moto.o [1]
  .bss               zero     0x2000d078    0xdc  fun.o [1]
  .bss               zero     0x2000d154    0xdc  fun.o [1]
  .bss               zero     0x2000d230    0xcc  fun.o [1]
  .bss               zero     0x2000d2fc    0xc8  etharp.o [1]
  .bss               zero     0x2000d3c4    0xc8  fun.o [1]
  .bss               zero     0x2000d48c    0xa0  photo.o [1]
  .bss               zero     0x2000d52c    0x98  can_bus.o [1]
  .bss               zero     0x2000d5c4    0x50  photo.o [1]
  .bss               zero     0x2000d614    0x40  ethernetif.o [1]
  .bss               zero     0x2000d654    0x34  can_bus.o [1]
  .bss               zero     0x2000d688    0x34  zongxian.o [1]
  .bss               zero     0x2000d6bc    0x34  zongxian.o [1]
  .bss               zero     0x2000d6f0    0x34  zongxian.o [1]
  .bss               zero     0x2000d724    0x30  netconf.o [1]
  .bss               zero     0x2000d754    0x28  gndfun.o [1]
  .bss               zero     0x2000d77c    0x24  memp.o [1]
  .bss               zero     0x2000d7a0    0x20  ethernetif.o [1]
  .bss               zero     0x2000d7c0    0x20  photo.o [1]
  .bss               zero     0x2000d7e0    0x14  fun.o [1]
  .bss               zero     0x2000d7f4    0x14  moto.o [1]
  .bss               zero     0x2000d808    0x14  moto.o [1]
  .bss               zero     0x2000d81c    0x14  tcp_in.o [1]
  .bss               zero     0x2000d830    0x10  fun.o [1]
  .bss               zero     0x2000d840    0x10  photo.o [1]
  .bss               zero     0x2000d850    0x10  photo.o [1]
  .bss               zero     0x2000d860    0x10  photo.o [1]
  .bss               zero     0x2000d870     0xc  can_bus.o [1]
  .bss               zero     0x2000d87c     0xc  can_bus.o [1]
  .bss               zero     0x2000d888     0xc  can_bus.o [1]
  .bss               zero     0x2000d894     0xc  fun.o [1]
  .bss               zero     0x2000d8a0     0xc  fun.o [1]
  .bss               zero     0x2000d8ac     0xc  gndfun.o [1]
  .bss               zero     0x2000d8b8     0xc  photo.o [1]
  .bss               zero     0x2000d8c4     0xc  photo.o [1]
  .bss               zero     0x2000d8d0     0xc  photo.o [1]
  .bss               zero     0x2000d8dc     0x8  ethernetif.o [1]
  .bss               zero     0x2000d8e4     0x8  gndfun.o [1]
  .bss               zero     0x2000d8ec     0x8  photo.o [1]
  .bss               zero     0x2000d8f4     0x4  can_bus.o [1]
  .bss               zero     0x2000d8f8     0x4  fun.o [1]
  .bss               zero     0x2000d8fc     0x4  fun.o [1]
  .bss               zero     0x2000d900     0x4  fun.o [1]
  .bss               zero     0x2000d904     0x4  fun.o [1]
  .bss               zero     0x2000d908     0x4  fun.o [1]
  .bss               zero     0x2000d90c     0x4  ip.o [1]
  .bss               zero     0x2000d910     0x4  ip.o [1]
  .bss               zero     0x2000d914     0x4  ip_frag.o [1]
  .bss               zero     0x2000d918     0x4  main.o [1]
  .bss               zero     0x2000d91c     0x4  mem.o [1]
  .bss               zero     0x2000d920     0x4  mem.o [1]
  .bss               zero     0x2000d924     0x4  mem.o [1]
  .bss               zero     0x2000d928     0x4  netconf.o [1]
  .bss               zero     0x2000d92c     0x4  netif.o [1]
  .bss               zero     0x2000d930     0x4  netif.o [1]
  .bss               zero     0x2000d934     0x4  raw.o [1]
  .bss               zero     0x2000d938     0x4  stm32_eth.o [1]
  .bss               zero     0x2000d93c     0x4  stm32_eth.o [1]
  .bss               zero     0x2000d940     0x4  stm32f107.o [1]
  .bss               zero     0x2000d944     0x4  tcp.o [1]
  .bss               zero     0x2000d948     0x4  tcp.o [1]
  .bss               zero     0x2000d94c     0x4  tcp.o [1]
  .bss               zero     0x2000d950     0x4  tcp.o [1]
  .bss               zero     0x2000d954     0x4  tcp.o [1]
  .bss               zero     0x2000d958     0x4  tcp.o [1]
  .bss               zero     0x2000d95c     0x4  tcp_in.o [1]
  .bss               zero     0x2000d960     0x4  tcp_in.o [1]
  .bss               zero     0x2000d964     0x4  tcp_in.o [1]
  .bss               zero     0x2000d968     0x4  tcp_in.o [1]
  .bss               zero     0x2000d96c     0x4  tcp_in.o [1]
  .bss               zero     0x2000d970     0x4  tcp_in.o [1]
  .bss               zero     0x2000d974     0x4  udp.o [1]
  .bss               zero     0x2000d978     0x2  TCPclient.o [1]
  .bss               zero     0x2000d97a     0x2  can_bus.o [1]
  .bss               zero     0x2000d97c     0x2  can_bus.o [1]
  .bss               zero     0x2000d97e     0x2  gndfun.o [1]
  .bss               zero     0x2000d980     0x2  guangdian.o [1]
  .bss               zero     0x2000d982     0x2  guangdian.o [1]
  .bss               zero     0x2000d984     0x2  guangdian.o [1]
  .bss               zero     0x2000d986     0x2  ip.o [1]
  .bss               zero     0x2000d988     0x2  ip_frag.o [1]
  .bss               zero     0x2000d98a     0x2  main.o [1]
  .bss               zero     0x2000d98c     0x2  main.o [1]
  .bss               zero     0x2000d98e     0x2  main.o [1]
  .bss               zero     0x2000d990     0x2  main.o [1]
  .bss               zero     0x2000d992     0x2  moto.o [1]
  .bss               zero     0x2000d994     0x2  photo.o [1]
  .bss               zero     0x2000d996     0x2  photo.o [1]
  .bss               zero     0x2000d998     0x2  photo.o [1]
  .bss               zero     0x2000d99a     0x2  tcp_in.o [1]
  .bss               zero     0x2000d99c     0x2  zongxian.o [1]
  .bss               zero     0x2000d99e     0x2  zongxian.o [1]
  .bss               zero     0x2000d9a0     0x2  zongxian.o [1]
  .bss               zero     0x2000d9a2     0x1  TCPclient.o [1]
  .bss               zero     0x2000d9a3     0x1  TCPclient.o [1]
  .bss               zero     0x2000d9a4     0x1  can_bus.o [1]
  .bss               zero     0x2000d9a5     0x1  can_bus.o [1]
  .bss               zero     0x2000d9a6     0x1  can_bus.o [1]
  .bss               zero     0x2000d9a7     0x1  can_bus.o [1]
  .bss               zero     0x2000d9a8     0x1  can_bus.o [1]
  .bss               zero     0x2000d9a9     0x1  can_bus.o [1]
  .bss               zero     0x2000d9aa     0x1  can_bus.o [1]
  .bss               zero     0x2000d9ab     0x1  etharp.o [1]
  .bss               zero     0x2000d9ac     0x1  fun.o [1]
  .bss               zero     0x2000d9ad     0x1  fun.o [1]
  .bss               zero     0x2000d9ae     0x1  fun.o [1]
  .bss               zero     0x2000d9af     0x1  gndfun.o [1]
  .bss               zero     0x2000d9b0     0x1  gndfun.o [1]
  .bss               zero     0x2000d9b1     0x1  guangdian.o [1]
  .bss               zero     0x2000d9b2     0x1  guangdian.o [1]
  .bss               zero     0x2000d9b3     0x1  main.o [1]
  .bss               zero     0x2000d9b4     0x1  main.o [1]
  .bss               zero     0x2000d9b5     0x1  main.o [1]
  .bss               zero     0x2000d9b6     0x1  main.o [1]
  .bss               zero     0x2000d9b7     0x1  main.o [1]
  .bss               zero     0x2000d9b8     0x1  main.o [1]
  .bss               zero     0x2000d9b9     0x1  main.o [1]
  .bss               zero     0x2000d9ba     0x1  mem.o [1]
  .bss               zero     0x2000d9bb     0x1  moto.o [1]
  .bss               zero     0x2000d9bc     0x1  moto.o [1]
  .bss               zero     0x2000d9bd     0x1  moto.o [1]
  .bss               zero     0x2000d9be     0x1  moto.o [1]
  .bss               zero     0x2000d9bf     0x1  moto.o [1]
  .bss               zero     0x2000d9c0     0x1  moto.o [1]
  .bss               zero     0x2000d9c1     0x1  moto.o [1]
  .bss               zero     0x2000d9c2     0x1  moto.o [1]
  .bss               zero     0x2000d9c3     0x1  moto.o [1]
  .bss               zero     0x2000d9c4     0x1  moto.o [1]
  .bss               zero     0x2000d9c5     0x1  moto.o [1]
  .bss               zero     0x2000d9c6     0x1  moto.o [1]
  .bss               zero     0x2000d9c7     0x1  netif.o [1]
  .bss               zero     0x2000d9c8     0x1  photo.o [1]
  .bss               zero     0x2000d9c9     0x1  photo.o [1]
  .bss               zero     0x2000d9ca     0x1  tcp_in.o [1]
  .bss               zero     0x2000d9cb     0x1  tcp_in.o [1]
  .bss               zero     0x2000d9cc     0x1  zongxian.o [1]
  .bss               zero     0x2000d9cd     0x1  zongxian.o [1]
                            - 0x2000d9ce  0xd9a2

"P2", part 3 of 3:                         0x800
  CSTACK                      0x2000d9d0   0x800  <Block>
    CSTACK           uninit   0x2000d9d0   0x800  <Block tail>
                            - 0x2000e1d0   0x800


*******************************************************************************
*** INIT TABLE
***

          Address     Size
          -------     ----
Zero (__iar_zero_init3)
    1 destination range, total size 0xd9a2:
          0x2000002c  0xd9a2

Copy (__iar_copy_init3)
    1 source range, total size 0x2c (104% of destination):
          0x0801c0fc    0x2c
    1 destination range, total size 0x2a:
          0x20000000    0x2a


*******************************************************************************
*** MODULE SUMMARY
***

    Module                  ro code  ro data  rw data
    ------                  -------  -------  -------
E:\car_item_v1\jinshan\car_control_v1.2.7.9\master___CAR_CTRL_PROJECT_v1.2.7.9\Project\EWARMv5_iap\STM3210C-EVAL\Obj: [1]
    TCPclient.o               1 284             5 148
    can_bus.o                 1 816        4    2 051
    etharp.o                  2 868               201
    ethernetif.o                768             9 224
    fun.o                     5 852        5    7 312
    gndfun.o                  1 424                64
    guangdian.o                 580                 8
    icmp.o                      562
    inet.o                       62
    inet_chksum.o               214
    ip.o                        908                10
    ip_addr.o                    88
    ip_frag.o                 1 656             1 510
    main.o                    1 468        2       21
    mem.o                       992            10 273
    memp.o                      248            17 904
    misc.o                      156
    moto.o                    3 824        1      311
    netconf.o                   184                52
    netif.o                     368                 9
    pbuf.o                    1 556
    photo.o                   2 568        6      378
    raw.o                       136                 4
    startup_stm32f10x_cl.o      616
    stm32_eth.o               1 862                 8
    stm32f107.o               2 080                 4
    stm32f10x_bkp.o              32
    stm32f10x_can.o           1 348
    stm32f10x_dma.o             516
    stm32f10x_gpio.o            508
    stm32f10x_it.o              560
    stm32f10x_rcc.o             624       20       20
    stm32f10x_tim.o              58
    stm32f10x_usart.o           470
    system_stm32f10x.o          412
    tcp.o                     1 304        4       28
    tcp_in.o                  5 148                48
    tcp_out.o                 2 478
    udp.o                     1 102                 4
    zongxian.o                  236             1 164
    -------------------------------------------------
    Total:                   48 936       42   55 756

command line: [2]
    -------------------------------------------------
    Total:

dl7M_tlf.a: [3]
    exit.o                        8
    low_level_init.o              4
    -------------------------------------------------
    Total:                       12

rt7M_tl.a: [4]
    ABImemcpy.o                 112
    ABImemset.o                 102
    cexit.o                      10
    cmain.o                      22
    copy_init3.o                 46
    cstartup_M.o                 12
    data_init3.o                 44
    zero_init3.o                 34
    -------------------------------------------------
    Total:                      382

shb_l.a: [5]
    exit.o                       20
    -------------------------------------------------
    Total:                       20

    Gaps                         18                 2
    Linker created                        38    2 048
-----------------------------------------------------
    Grand Total:             49 368       80   57 806


*******************************************************************************
*** ENTRY LIST
***

Entry                      Address    Size  Type      Object
-----                      -------    ----  ----      ------
?main                   0x0801bf95          Code  Gb  cmain.o [4]
ADC1_2_IRQHandler       0x0801c051          Code  Wk  startup_stm32f10x_cl.o [1]
ADCPrescTable           0x20000018     0x4  Data  Lc  stm32f10x_rcc.o [1]
APBAHBPrescTable        0x20000000    0x10  Data  Lc  stm32f10x_rcc.o [1]
ARPTimer                0x2000d928     0x4  Data  Gb  netconf.o [1]
AddSendMsgToQueue       0x08010247    0x12  Code  Gb  fun.o [1]
BKP_WriteBackupRegister
                        0x0801189d    0x1c  Code  Gb  stm32f10x_bkp.o [1]
BusFault_Handler        0x0801bd01     0x8  Code  Gb  stm32f10x_it.o [1]
CAN1_RX0_IRQHandler     0x0801be8f    0x2c  Code  Gb  stm32f10x_it.o [1]
CAN1_RX1_IRQHandler     0x0801c05d          Code  Wk  startup_stm32f10x_cl.o [1]
CAN1_SCE_IRQHandler     0x0801c061          Code  Wk  startup_stm32f10x_cl.o [1]
CAN1_TX_IRQHandler      0x0801c055          Code  Wk  startup_stm32f10x_cl.o [1]
CAN2_RX0_IRQHandler     0x0801c0ed          Code  Wk  startup_stm32f10x_cl.o [1]
CAN2_RX1_IRQHandler     0x0801c0f1          Code  Wk  startup_stm32f10x_cl.o [1]
CAN2_SCE_IRQHandler     0x0801c0f5          Code  Wk  startup_stm32f10x_cl.o [1]
CAN2_TX_IRQHandler      0x0801c0e9          Code  Wk  startup_stm32f10x_cl.o [1]
CAN_ClearITPendingBit   0x080141bd    0x98  Code  Gb  stm32f10x_can.o [1]
CAN_Configuration       0x080196f7    0xaa  Code  Gb  stm32f107.o [1]
CAN_DeInit              0x08013d11    0x36  Code  Gb  stm32f10x_can.o [1]
CAN_FIFORelease         0x080140c9    0x12  Code  Gb  stm32f10x_can.o [1]
CAN_FilterInit          0x08013e5f    0xe2  Code  Gb  stm32f10x_can.o [1]
CAN_ITConfig            0x08013f8d    0x16  Code  Gb  stm32f10x_can.o [1]
CAN_Init                0x08013d47   0x118  Code  Gb  stm32f10x_can.o [1]
CAN_Receive             0x080140db    0xe2  Code  Gb  stm32f10x_can.o [1]
CAN_StructInit          0x08013f41    0x2e  Code  Gb  stm32f10x_can.o [1]
CAN_Transmit            0x08013fa3   0x126  Code  Gb  stm32f10x_can.o [1]
CSTACK$$Base            0x2000d9d0           --   Gb  - Linker created -
CSTACK$$Limit           0x2000e1d0           --   Gb  - Linker created -
DEBUG_recv_flag         0x2000d9b4     0x1  Data  Gb  main.o [1]
DMA1_Channel1_IRQHandler
                        0x0801c035          Code  Wk  startup_stm32f10x_cl.o [1]
DMA1_Channel2_IRQHandler
                        0x0801c039          Code  Wk  startup_stm32f10x_cl.o [1]
DMA1_Channel3_IRQHandler
                        0x0801c03d          Code  Wk  startup_stm32f10x_cl.o [1]
DMA1_Channel4_IRQHandler
                        0x0801bd5d    0x2c  Code  Gb  stm32f10x_it.o [1]
DMA1_Channel5_IRQHandler
                        0x0801c045          Code  Wk  startup_stm32f10x_cl.o [1]
DMA1_Channel6_IRQHandler
                        0x0801c049          Code  Wk  startup_stm32f10x_cl.o [1]
DMA1_Channel7_IRQHandler
                        0x0801c04d          Code  Wk  startup_stm32f10x_cl.o [1]
DMA2_Channel1_IRQHandler
                        0x0801c0cd          Code  Wk  startup_stm32f10x_cl.o [1]
DMA2_Channel2_IRQHandler
                        0x0801c0d1          Code  Wk  startup_stm32f10x_cl.o [1]
DMA2_Channel3_IRQHandler
                        0x0801c0d5          Code  Wk  startup_stm32f10x_cl.o [1]
DMA2_Channel4_IRQHandler
                        0x0801c0d9          Code  Wk  startup_stm32f10x_cl.o [1]
DMA2_Channel5_IRQHandler
                        0x0801bd3b    0x22  Code  Gb  stm32f10x_it.o [1]
DMARxDescToGet          0x2000d93c     0x4  Data  Gb  stm32_eth.o [1]
DMARxDscrTab            0x2000d614    0x40  Data  Gb  ethernetif.o [1]
DMATxDescToSet          0x2000d938     0x4  Data  Gb  stm32_eth.o [1]
DMATxDscrTab            0x2000d7a0    0x20  Data  Gb  ethernetif.o [1]
DMA_ClearFlag           0x08013c93    0x10  Code  Gb  stm32f10x_dma.o [1]
DMA_Cmd                 0x08013c55    0x1c  Code  Gb  stm32f10x_dma.o [1]
DMA_Configuration       0x0801958f   0x168  Code  Gb  stm32f107.o [1]
DMA_DeInit              0x08013b0d   0x10a  Code  Gb  stm32f10x_dma.o [1]
DMA_GetCurrDataCounter  0x08013c8d     0x6  Code  Gb  stm32f10x_dma.o [1]
DMA_GetITStatus         0x08013ca3    0x2a  Code  Gb  stm32f10x_dma.o [1]
DMA_ITConfig            0x08013c71    0x16  Code  Gb  stm32f10x_dma.o [1]
DMA_Init                0x08013c17    0x3e  Code  Gb  stm32f10x_dma.o [1]
DMA_SetCurrDataCounter  0x08013c87     0x6  Code  Gb  stm32f10x_dma.o [1]
DebugMon_Handler        0x0801bd13     0x2  Code  Gb  stm32f10x_it.o [1]
Debug_recv_buff         0x2000d688    0x34  Data  Gb  zongxian.o [1]
Debug_recv_buff_shadow  0x2000d6bc    0x34  Data  Gb  zongxian.o [1]
Debug_recv_count        0x2000d9cc     0x1  Data  Gb  zongxian.o [1]
Debug_send_buff         0x2000d6f0    0x34  Data  Gb  zongxian.o [1]
ETH_DMAITConfig         0x0801a6a9    0x26  Code  Gb  stm32_eth.o [1]
ETH_DMAReceptionCmd     0x0801a67d    0x22  Code  Gb  stm32_eth.o [1]
ETH_DMARxDescChainInit  0x0801a5a5    0x4e  Code  Gb  stm32_eth.o [1]
ETH_DMARxDescReceiveITConfig
                        0x0801a5fb    0x1a  Code  Gb  stm32_eth.o [1]
ETH_DMATransmissionCmd  0x0801a64f    0x22  Code  Gb  stm32_eth.o [1]
ETH_DMATxDescChainInit  0x0801a555    0x48  Code  Gb  stm32_eth.o [1]
ETH_DMATxDescChecksumInsertionConfig
                        0x0801a59d     0x8  Code  Gb  stm32_eth.o [1]
ETH_DeInit              0x0801a001    0x18  Code  Gb  stm32_eth.o [1]
ETH_Delay               0x0801a729    0x1e  Code  Lc  stm32_eth.o [1]
ETH_FlushTransmitFIFO   0x0801a641     0xe  Code  Gb  stm32_eth.o [1]
ETH_GetCurrentTxBuffer  0x0801bc9f     0x8  Code  Gb  ethernetif.o [1]
ETH_GetDMARxDescFrameLength
                        0x0801a5f3     0x8  Code  Gb  stm32_eth.o [1]
ETH_GetRxPktSize        0x0801a3c3    0x2a  Code  Gb  stm32_eth.o [1]
ETH_GetSoftwareResetStatus
                        0x0801a627    0x1a  Code  Gb  stm32_eth.o [1]
ETH_IRQHandler          0x0801be8d     0x2  Code  Gb  stm32f10x_it.o [1]
ETH_Init                0x0801a019   0x2a0  Code  Gb  stm32_eth.o [1]
ETH_MACAddressConfig    0x0801a523    0x32  Code  Gb  stm32_eth.o [1]
ETH_MACReceptionCmd     0x0801a4f9    0x2a  Code  Gb  stm32_eth.o [1]
ETH_MACTransmissionCmd  0x0801a4cf    0x2a  Code  Gb  stm32_eth.o [1]
ETH_ReadPHYRegister     0x0801a3ed    0x70  Code  Gb  stm32_eth.o [1]
ETH_RxPkt_ChainMode     0x0801bbb5    0x8c  Code  Gb  ethernetif.o [1]
ETH_SoftwareReset       0x0801a615    0x12  Code  Gb  stm32_eth.o [1]
ETH_Start               0x0801a3a3    0x20  Code  Gb  stm32_eth.o [1]
ETH_StructInit          0x0801a2b9    0xea  Code  Gb  stm32_eth.o [1]
ETH_TxPkt_ChainMode     0x0801bc41    0x5e  Code  Gb  ethernetif.o [1]
ETH_WKUP_IRQHandler     0x0801c0e5          Code  Wk  startup_stm32f10x_cl.o [1]
ETH_WritePHYRegister    0x0801a45d    0x72  Code  Gb  stm32_eth.o [1]
EXTI0_IRQHandler        0x0801c021          Code  Wk  startup_stm32f10x_cl.o [1]
EXTI15_10_IRQHandler    0x0801c0a9          Code  Wk  startup_stm32f10x_cl.o [1]
EXTI1_IRQHandler        0x0801c025          Code  Wk  startup_stm32f10x_cl.o [1]
EXTI2_IRQHandler        0x0801c029          Code  Wk  startup_stm32f10x_cl.o [1]
EXTI3_IRQHandler        0x0801c02d          Code  Wk  startup_stm32f10x_cl.o [1]
EXTI4_IRQHandler        0x0801c031          Code  Wk  startup_stm32f10x_cl.o [1]
EXTI9_5_IRQHandler      0x0801c065          Code  Wk  startup_stm32f10x_cl.o [1]
EthInitStatus           0x2000d940     0x4  Data  Gb  stm32f107.o [1]
Ethernet_Configuration  0x080197fd    0x9e  Code  Gb  stm32f107.o [1]
FLASH_IRQHandler        0x0801c019          Code  Wk  startup_stm32f10x_cl.o [1]
GPIO_Configuration      0x0801989b   0x2b4  Code  Gb  stm32f107.o [1]
GPIO_ETH_MediaInterfaceConfig
                        0x08013afb     0x6  Code  Gb  stm32f10x_gpio.o [1]
GPIO_Init               0x08013911   0x138  Code  Gb  stm32f10x_gpio.o [1]
GPIO_PinRemapConfig     0x08013a89    0x72  Code  Gb  stm32f10x_gpio.o [1]
GPIO_ReadInputDataBit   0x08013a49    0x1a  Code  Gb  stm32f10x_gpio.o [1]
GPIO_ReadOutputDataBit  0x08013a63    0x1a  Code  Gb  stm32f10x_gpio.o [1]
GPIO_ResetBits          0x08013a83     0x6  Code  Gb  stm32f10x_gpio.o [1]
GPIO_SetBits            0x08013a7d     0x6  Code  Gb  stm32f10x_gpio.o [1]
GetSendMsgFromQueue     0x08010259     0xc  Code  Gb  fun.o [1]
HardFault_Handler       0x0801bcf1     0x8  Code  Gb  stm32f10x_it.o [1]
I2C1_ER_IRQHandler      0x0801c089          Code  Wk  startup_stm32f10x_cl.o [1]
I2C1_EV_IRQHandler      0x0801c085          Code  Wk  startup_stm32f10x_cl.o [1]
I2C2_ER_IRQHandler      0x0801c091          Code  Wk  startup_stm32f10x_cl.o [1]
I2C2_EV_IRQHandler      0x0801c08d          Code  Wk  startup_stm32f10x_cl.o [1]
INPUT2_count            0x2000d980     0x2  Data  Gb  guangdian.o [1]
INPUT2_count_error      0x2000d984     0x2  Data  Gb  guangdian.o [1]
InitSendMsgQueue        0x08010239     0xe  Code  Gb  fun.o [1]
Isphotovalue            0x20000028     0x1  Data  Gb  fun.o [1]
Isplcvalue              0x2000d9ae     0x1  Data  Gb  fun.o [1]
Load_info_t             0x2000d078    0xdc  Data  Gb  fun.o [1]
LocalTime               0x2000d918     0x4  Data  Gb  main.o [1]
LwIP_Init               0x0801b331    0x78  Code  Gb  netconf.o [1]
LwIP_Periodic_Handle    0x0801b3b3    0x1e  Code  Gb  netconf.o [1]
LwIP_Pkt_Handle         0x0801b3a9     0xa  Code  Gb  netconf.o [1]
MACaddr                 0x2000d8dc     0x8  Data  Gb  ethernetif.o [1]
MOTO_MAX_COUNT          0x2000d9bc     0x1  Data  Gb  moto.o [1]
MemManage_Handler       0x0801bcf9     0x8  Code  Gb  stm32f10x_it.o [1]
NMI_Handler             0x0801bcef     0x2  Code  Gb  stm32f10x_it.o [1]
NVIC_Configuration      0x08019bc1    0xcc  Code  Gb  stm32f107.o [1]
NVIC_Init               0x0801a753    0x68  Code  Gb  misc.o [1]
NVIC_PriorityGroupConfig
                        0x0801a749     0xa  Code  Gb  misc.o [1]
NVIC_SetPriority        0x0801946d    0x26  Code  Lc  stm32f107.o [1]
NVIC_SetVectorTable     0x0801a7bb     0xc  Code  Gb  misc.o [1]
NVIC_SystemReset        0x08010151    0x1c  Code  Lc  fun.o [1]
NVIC_SystemReset        0x0801bcd9    0x16  Code  Lc  stm32f10x_it.o [1]
OTG_FS_IRQHandler       0x0801c0f9          Code  Wk  startup_stm32f10x_cl.o [1]
OTG_FS_WKUP_IRQHandler  0x0801c0b1          Code  Wk  startup_stm32f10x_cl.o [1]
PVD_IRQHandler          0x0801c00d          Code  Wk  startup_stm32f10x_cl.o [1]
PendSV_Handler          0x0801bd15     0x2  Code  Gb  stm32f10x_it.o [1]
Photoeletricity_Process
                        0x08014255   0x244  Code  Gb  guangdian.o [1]
RCC_AHBPeriphClockCmd   0x08014639    0x1e  Code  Gb  stm32f10x_rcc.o [1]
RCC_AHBPeriphResetCmd   0x08014693    0x1e  Code  Gb  stm32f10x_rcc.o [1]
RCC_APB1PeriphClockCmd  0x08014675    0x1e  Code  Gb  stm32f10x_rcc.o [1]
RCC_APB1PeriphResetCmd  0x080146b1    0x1e  Code  Gb  stm32f10x_rcc.o [1]
RCC_APB2PeriphClockCmd  0x08014657    0x1e  Code  Gb  stm32f10x_rcc.o [1]
RCC_GetClocksFreq       0x08014499   0x1a0  Code  Gb  stm32f10x_rcc.o [1]
RCC_IRQHandler          0x0801c01d          Code  Wk  startup_stm32f10x_cl.o [1]
RCC_MCOConfig           0x080146cf     0x6  Code  Gb  stm32f10x_rcc.o [1]
RTCAlarm_IRQHandler     0x0801c0ad          Code  Wk  startup_stm32f10x_cl.o [1]
RTC_IRQHandler          0x0801c015          Code  Wk  startup_stm32f10x_cl.o [1]
Region$$Table$$Base     0x0801bf70           --   Gb  - Linker created -
Region$$Table$$Limit    0x0801bf94           --   Gb  - Linker created -
Rx_Buff                 0x20006e0c  0x17c0  Data  Gb  ethernetif.o [1]
SPI1_IRQHandler         0x0801c095          Code  Wk  startup_stm32f10x_cl.o [1]
SPI2_IRQHandler         0x0801c099          Code  Wk  startup_stm32f10x_cl.o [1]
SPI3_IRQHandler         0x0801c0b9          Code  Wk  startup_stm32f10x_cl.o [1]
SVC_Handler             0x0801bd11     0x2  Code  Gb  stm32f10x_it.o [1]
SetSysClock             0x08019ec3     0x8  Code  Lc  system_stm32f10x.o [1]
SetSysClockTo72         0x08019ecb   0x110  Code  Lc  system_stm32f10x.o [1]
Set_MAC_Address         0x0801b9d9    0x32  Code  Gb  ethernetif.o [1]
SysTick_Config          0x08019493    0x38  Code  Lc  stm32f107.o [1]
SysTick_Handler         0x0801bd17     0x8  Code  Gb  stm32f10x_it.o [1]
SystemInit              0x08019e65    0x5e  Code  Gb  system_stm32f10x.o [1]
System_Setup            0x080197a1    0x5c  Code  Gb  stm32f107.o [1]
TAMPER_IRQHandler       0x0801c011          Code  Wk  startup_stm32f10x_cl.o [1]
TCP_send_dely           0x2000d9a3     0x1  Data  Gb  TCPclient.o [1]
TIM1_BRK_IRQHandler     0x0801c069          Code  Wk  startup_stm32f10x_cl.o [1]
TIM1_CC_IRQHandler      0x0801c075          Code  Wk  startup_stm32f10x_cl.o [1]
TIM1_TRG_COM_IRQHandler
                        0x0801c071          Code  Wk  startup_stm32f10x_cl.o [1]
TIM1_UP_IRQHandler      0x0801c06d          Code  Wk  startup_stm32f10x_cl.o [1]
TIM2_IRQHandler         0x0801bd1f    0x1c  Code  Gb  stm32f10x_it.o [1]
TIM3_IRQHandler         0x0801c07d          Code  Wk  startup_stm32f10x_cl.o [1]
TIM4_IRQHandler         0x0801c081          Code  Wk  startup_stm32f10x_cl.o [1]
TIM5_IRQHandler         0x0801c0b5          Code  Wk  startup_stm32f10x_cl.o [1]
TIM6_IRQHandler         0x0801c0c5          Code  Wk  startup_stm32f10x_cl.o [1]
TIM7_IRQHandler         0x0801c0c9          Code  Wk  startup_stm32f10x_cl.o [1]
TIM_ClearITPendingBit   0x0801bf3b     0x8  Code  Gb  stm32f10x_tim.o [1]
TIM_GetITStatus         0x0801bf09    0x32  Code  Gb  stm32f10x_tim.o [1]
Time_Update             0x0801ab13    0xa6  Code  Gb  main.o [1]
Tx_Buff                 0x2000aed0   0xbe0  Data  Gb  ethernetif.o [1]
UART4_IRQHandler        0x0801bd89    0x7a  Code  Gb  stm32f10x_it.o [1]
UART5_IRQHandler        0x0801c0c1          Code  Wk  startup_stm32f10x_cl.o [1]
USART1_IRQHandler       0x0801be05    0x88  Code  Gb  stm32f10x_it.o [1]
USART2_IRQHandler       0x0801be03     0x2  Code  Gb  stm32f10x_it.o [1]
USART3_IRQHandler       0x0801c0a5          Code  Wk  startup_stm32f10x_cl.o [1]
USART_ClearFlag         0x08019dc5     0xc  Code  Gb  stm32f10x_usart.o [1]
USART_ClearITPendingBit
                        0x08019e3f    0x24  Code  Gb  stm32f10x_usart.o [1]
USART_Cmd               0x08019d3d    0x1c  Code  Gb  stm32f10x_usart.o [1]
USART_Configuration     0x080194cb    0xc4  Code  Gb  stm32f107.o [1]
USART_DMACmd            0x08019daf    0x16  Code  Gb  stm32f10x_usart.o [1]
USART_GetITStatus       0x08019dd1    0x6e  Code  Gb  stm32f10x_usart.o [1]
USART_ITConfig          0x08019d59    0x56  Code  Gb  stm32f10x_usart.o [1]
USART_Init              0x08019c8d    0xac  Code  Gb  stm32f10x_usart.o [1]
Unload_info_t           0x2000d154    0xdc  Data  Gb  fun.o [1]
UsageFault_Handler      0x0801bd09     0x8  Code  Gb  stm32f10x_it.o [1]
WCS_ACK_timer           0x2000d978     0x2  Data  Gb  TCPclient.o [1]
WCS_reply_timer_out     0x2000d9ac     0x1  Data  Gb  fun.o [1]
WIFI_test               0x2000d8f8     0x4  Data  Gb  fun.o [1]
WWDG_IRQHandler         0x0801c009          Code  Wk  startup_stm32f10x_cl.o [1]
XIAOCHE_GROUP_NUM       0x2000d9bb     0x1  Data  Gb  moto.o [1]
XIAOCHE_START_NUM       0x2000d992     0x2  Data  Gb  moto.o [1]
__aeabi_memcpy          0x0801182d          Code  Gb  ABImemcpy.o [4]
__aeabi_memcpy4         0x08011847          Code  Gb  ABImemcpy.o [4]
__aeabi_memcpy8         0x08011847          Code  Gb  ABImemcpy.o [4]
__aeabi_memset          0x0801791d          Code  Gb  ABImemset.o [4]
__cmain                 0x0801bf95          Code  Gb  cmain.o [4]
__exit                  0x0801bfc5    0x14  Code  Gb  exit.o [5]
__iar_Memset            0x0801791d          Code  Gb  ABImemset.o [4]
__iar_Memset_word       0x08017925          Code  Gb  ABImemset.o [4]
__iar_copy_init3        0x08012edb    0x2e  Code  Gb  copy_init3.o [4]
__iar_data_init3        0x0801bf45    0x2c  Code  Gb  data_init3.o [4]
__iar_program_start     0x0801bfd9          Code  Gb  cstartup_M.o [4]
__iar_zero_init3        0x08016177    0x22  Code  Gb  zero_init3.o [4]
__low_level_init        0x0801bfab     0x4  Code  Gb  low_level_init.o [3]
__vector_table          0x08010000          Data  Gb  startup_stm32f10x_cl.o [1]
_call_main              0x0801bfa1          Code  Gb  cmain.o [4]
_exit                   0x0801bfb9          Code  Gb  cexit.o [4]
_main                   0x0801bfa7          Code  Gb  cmain.o [4]
ackno                   0x2000d968     0x4  Data  Lc  tcp_in.o [1]
arp_table               0x2000d2fc    0xc8  Data  Lc  etharp.o [1]
broadcast_pthoto_over_flag
                        0x2000d9b3     0x1  Data  Gb  main.o [1]
buf                     0x2000c1b0   0x5e0  Data  Lc  ip_frag.o [1]
can_bus_frame_receive   0x08012ac5   0x2b4  Code  Gb  can_bus.o [1]
can_bus_send_photo_electricity
                        0x08012d79    0x7a  Code  Gb  can_bus.o [1]
can_bus_send_wcs_msg    0x08012df3    0x7c  Code  Gb  can_bus.o [1]
can_resend_cnt_1        0x2000d9a6     0x1  Data  Gb  can_bus.o [1]
can_resend_cnt_2        0x2000d9a7     0x1  Data  Gb  can_bus.o [1]
can_resend_delay_1      0x2000d9a4     0x1  Data  Gb  can_bus.o [1]
can_resend_delay_2      0x2000d9a5     0x1  Data  Gb  can_bus.o [1]
can_send_buff           0x20000010     0x4  Data  Gb  can_bus.o [1]
can_send_cnt            0x2000d9b7     0x1  Data  Gb  main.o [1]
can_send_cnt_bk         0x2000d9b8     0x1  Data  Gb  main.o [1]
can_send_flag_1         0x2000d9a8     0x1  Data  Gb  can_bus.o [1]
can_send_flag_2         0x2000d9a9     0x1  Data  Gb  can_bus.o [1]
can_send_frame_start    0x2000d9aa     0x1  Data  Gb  can_bus.o [1]
can_send_timeout        0x080129ab    0xb6  Code  Gb  can_bus.o [1]
can_send_tot            0x2000d97a     0x2  Data  Gb  can_bus.o [1]
canframequeue           0x2000d87c     0xc  Data  Gb  can_bus.o [1]
canframequeuebuff       0x2000bab0   0x700  Data  Gb  can_bus.o [1]
car2WcsOnlineData       0x2000d830    0x10  Data  Gb  fun.o [1]
car_test_allmsg_buff    0x2000d52c    0x98  Data  Gb  can_bus.o [1]
car_test_para_buff      0x2000d654    0x34  Data  Gb  can_bus.o [1]
car_test_para_errack_buff
                        0x2000d870     0xc  Data  Gb  can_bus.o [1]
check_car_cmd_process   0x0801062f    0x9a  Code  Gb  fun.o [1]
check_motor_flag        0x2000d9b6     0x1  Data  Gb  main.o [1]
creat_udp_connect_process
                        0x0801b3e9    0x96  Code  Gb  TCPclient.o [1]
cur_moto_para_num       0x2000d9c3     0x1  Data  Gb  moto.o [1]
current_header          0x2000d910     0x4  Data  Lc  ip.o [1]
current_netif           0x2000d90c     0x4  Data  Lc  ip.o [1]
enQueue                 0x080101df    0x32  Code  Gb  fun.o [1]
etharp_arp_input        0x08018d9f   0x180  Code  Gb  etharp.o [1]
etharp_cached_entry     0x2000d9ab     0x1  Data  Lc  etharp.o [1]
etharp_ip_input         0x08018d6f    0x30  Code  Gb  etharp.o [1]
etharp_output           0x08018f1f    0xce  Code  Gb  etharp.o [1]
etharp_query            0x08018fed   0x1f0  Code  Gb  etharp.o [1]
etharp_raw              0x080191e9   0x106  Code  Lc  etharp.o [1]
etharp_request          0x080192ef    0x2e  Code  Gb  etharp.o [1]
etharp_send_ip          0x08018bdb    0x64  Code  Lc  etharp.o [1]
etharp_tmr              0x08018889    0xbc  Code  Gb  etharp.o [1]
ethbroadcast            0x08019384     0x8  Data  Gb  etharp.o [1]
ethernet_input          0x0801931d    0x68  Code  Gb  etharp.o [1]
ethernetif_init         0x0801bb77    0x3e  Code  Gb  ethernetif.o [1]
ethernetif_input        0x0801bb41    0x36  Code  Gb  ethernetif.o [1]
ethzero                 0x0801938c     0x8  Data  Gb  etharp.o [1]
exit                    0x0801bfaf     0x8  Code  Gb  exit.o [3]
find_entry              0x08018945   0x296  Code  Lc  etharp.o [1]
flags                   0x2000d9ca     0x1  Data  Lc  tcp_in.o [1]
free_etharp_q           0x08018861    0x28  Code  Lc  etharp.o [1]
fun_head_car_position_cmd
                        0x08010fd5   0x1c8  Code  Gb  fun.o [1]
fun_send_car_all_msg_cmd
                        0x08010e8d    0xae  Code  Gb  fun.o [1]
fun_send_car_para_cmd   0x08010e0b    0x82  Code  Gb  fun.o [1]
fun_send_car_para_errack_msg_cmd
                        0x08010f45    0x7c  Code  Gb  fun.o [1]
fun_send_slaver_heart_err_cmd
                        0x0801119d    0x9e  Code  Gb  fun.o [1]
get_ip_para_process     0x0801b7ef    0xc8  Code  Gb  TCPclient.o [1]
get_load_num            0x08011c85   0x306  Code  Gb  moto.o [1]
get_xialiao_num_process
                        0x08011a7d   0x208  Code  Gb  moto.o [1]
gndcnt                  0x2000d8e4     0x8  Data  Gb  gndfun.o [1]
gndcntflag              0x2000d9af     0x1  Data  Gb  gndfun.o [1]
gndfirstreset           0x2000d9b0     0x1  Data  Gb  gndfun.o [1]
gndfunmsgBuff           0x2000d754    0x28  Data  Gb  gndfun.o [1]
gndfunmsgQueue          0x2000d8ac     0xc  Data  Gb  gndfun.o [1]
gndposcnt               0x2000d97e     0x2  Data  Gb  gndfun.o [1]
gndtrig                 0x2000d860    0x10  Data  Gb  photo.o [1]
guangdian_error         0x2000d9b1     0x1  Data  Gb  guangdian.o [1]
headcarpositoon         0x2000d908     0x4  Data  Gb  fun.o [1]
heart_dely              0x2000d9a2     0x1  Data  Gb  TCPclient.o [1]
htonl                   0x08015b3f    0x18  Code  Gb  inet.o [1]
htons                   0x08015b25     0xc  Code  Gb  inet.o [1]
icmp_dest_unreach       0x080187bd    0x14  Code  Gb  icmp.o [1]
icmp_input              0x0801862d   0x190  Code  Gb  icmp.o [1]
icmp_send_response      0x080187e5    0x7a  Code  Lc  icmp.o [1]
icmp_time_exceeded      0x080187d1    0x14  Code  Gb  icmp.o [1]
inet_chksum             0x080193f9    0x16  Code  Gb  inet_chksum.o [1]
inet_chksum_pbuf        0x0801940f    0x5c  Code  Gb  inet_chksum.o [1]
initQueue               0x080101cf    0x10  Code  Gb  fun.o [1]
inseg                   0x2000d81c    0x14  Data  Lc  tcp_in.o [1]
ip_addr_any             0x080161ec     0x4  Data  Gb  ip_addr.o [1]
ip_addr_isbroadcast     0x08016199    0x54  Code  Gb  ip_addr.o [1]
ip_frag                 0x08017fe5   0x17a  Code  Gb  ip_frag.o [1]
ip_input                0x080175df   0x1b4  Code  Gb  ip.o [1]
ip_output               0x080178d9    0x44  Code  Gb  ip.o [1]
ip_output_if            0x08017793   0x132  Code  Gb  ip.o [1]
ip_reass                0x08017e25   0x1c0  Code  Gb  ip_frag.o [1]
ip_reass_chain_frag_into_datagram_and_validate
                        0x08017c9d   0x188  Code  Lc  ip_frag.o [1]
ip_reass_dequeue_datagram
                        0x08017c73    0x2a  Code  Lc  ip_frag.o [1]
ip_reass_enqueue_new_datagram
                        0x08017c19    0x5a  Code  Lc  ip_frag.o [1]
ip_reass_free_complete_datagram
                        0x08017af5    0x9a  Code  Lc  ip_frag.o [1]
ip_reass_pbufcount      0x2000d988     0x2  Data  Lc  ip_frag.o [1]
ip_reass_remove_oldest_datagram
                        0x08017b8f    0x8a  Code  Lc  ip_frag.o [1]
ip_route                0x08017591    0x4e  Code  Gb  ip.o [1]
iphdr                   0x2000d960     0x4  Data  Lc  tcp_in.o [1]
key_value               0x2000d9b5     0x1  Data  Gb  main.o [1]
lfree                   0x2000d924     0x4  Data  Lc  mem.o [1]
low_level_init          0x0801ba0b    0x92  Code  Lc  ethernetif.o [1]
low_level_input         0x0801bad5    0x6c  Code  Lc  ethernetif.o [1]
low_level_output        0x0801ba9d    0x38  Code  Lc  ethernetif.o [1]
lwip_standard_chksum    0x08019395    0x64  Code  Lc  inet_chksum.o [1]
main                    0x0801aa3f    0xd4  Code  Gb  main.o [1]
main_onems_process      0x0801abb9   0x154  Code  Gb  main.o [1]
max_guandian_count_u16  0x2000d98c     0x2  Data  Gb  main.o [1]
mem_free                0x08017293    0x52  Code  Gb  mem.o [1]
mem_init                0x0801723d    0x56  Code  Gb  mem.o [1]
mem_malloc              0x08017439   0x12a  Code  Gb  mem.o [1]
mem_realloc             0x080172e5   0x154  Code  Gb  mem.o [1]
mem_sem                 0x2000d9ba     0x1  Data  Lc  mem.o [1]
memcpy                  0x08012ec5    0x16  Code  Gb  tcp_out.o [1]
memp_free               0x080167a7    0x2a  Code  Gb  memp.o [1]
memp_init               0x08016709    0x6a  Code  Gb  memp.o [1]
memp_malloc             0x08016773    0x34  Code  Gb  memp.o [1]
memp_memory             0x2000002c  0x45cc  Data  Lc  memp.o [1]
memp_num                0x080167ec    0x14  Data  Lc  memp.o [1]
memp_sizes              0x080167d8    0x14  Data  Lc  memp.o [1]
memp_tab                0x2000d77c    0x24  Data  Lc  memp.o [1]
memset                  0x08017579    0x16  Code  Gb  udp.o [1]
moto_commu_statue       0x2000d9bf     0x1  Data  Gb  moto.o [1]
moto_ctr_process        0x0801267d    0xdc  Code  Gb  moto.o [1]
moto_ctr_statue         0x20000029     0x1  Data  Gb  moto.o [1]
moto_para               0x2000cf78   0x100  Data  Gb  moto.o [1]
moto_ready_recv_process
                        0x080118bd    0x28  Code  Gb  moto.o [1]
moto_recv_buff          0x2000d808    0x14  Data  Gb  moto.o [1]
moto_recv_count         0x2000d9be     0x1  Data  Gb  moto.o [1]
moto_recv_now_process   0x08011929   0x154  Code  Gb  moto.o [1]
moto_recv_statue        0x2000d9c1     0x1  Data  Gb  moto.o [1]
moto_reply_count        0x2000d9c6     0x1  Data  Gb  moto.o [1]
moto_reply_outtimer     0x2000d9c5     0x1  Data  Gb  moto.o [1]
moto_send_buff          0x2000d7f4    0x14  Data  Gb  moto.o [1]
moto_send_count         0x2000d9bd     0x1  Data  Gb  moto.o [1]
moto_send_num           0x2000d9c0     0x1  Data  Gb  moto.o [1]
moto_send_process       0x080118e5    0x44  Code  Gb  moto.o [1]
moto_start_ctr          0x2000d9c2     0x1  Data  Gb  moto.o [1]
moto_statue_comm_en     0x2000d9b2     0x1  Data  Gb  guangdian.o [1]
motor_position_reset    0x08012037    0x36  Code  Gb  moto.o [1]
msgQueueBuff            0x2000d3c4    0xc8  Data  Gb  fun.o [1]
msgSendQueue            0x2000d8a0     0xc  Data  Gb  fun.o [1]
msg_pack_id_cnt_u32     0x2000d8f4     0x4  Data  Gb  can_bus.o [1]
netif                   0x2000d724    0x30  Data  Gb  netconf.o [1]
netif_add               0x08017985    0x6c  Code  Gb  netif.o [1]
netif_default           0x2000d930     0x4  Data  Gb  netif.o [1]
netif_is_up             0x08017aeb     0xa  Code  Gb  netif.o [1]
netif_list              0x2000d92c     0x4  Data  Gb  netif.o [1]
netif_set_addr          0x080179f1    0x24  Code  Gb  netif.o [1]
netif_set_default       0x08017aa3     0x6  Code  Gb  netif.o [1]
netif_set_gw            0x08017a87     0xe  Code  Gb  netif.o [1]
netif_set_ipaddr        0x08017a15    0x72  Code  Gb  netif.o [1]
netif_set_netmask       0x08017a95     0xe  Code  Gb  netif.o [1]
netif_set_up            0x08017ac1    0x2a  Code  Gb  netif.o [1]
ntohl                   0x08015b57     0xc  Code  Gb  inet.o [1]
ntohs                   0x08015b31     0xe  Code  Gb  inet.o [1]
onems_flag              0x2000d9b9     0x1  Data  Gb  main.o [1]
outQueue                0x08010211    0x28  Code  Gb  fun.o [1]
pbuf_alloc              0x08015b63   0x1f0  Code  Gb  pbuf.o [1]
pbuf_cat                0x08015f2b    0x38  Code  Gb  pbuf.o [1]
pbuf_chain              0x08015f63    0x16  Code  Gb  pbuf.o [1]
pbuf_clen               0x08015f0b    0x14  Code  Gb  pbuf.o [1]
pbuf_copy               0x08015f79    0xce  Code  Gb  pbuf.o [1]
pbuf_copy_partial       0x08016047    0xa2  Code  Gb  pbuf.o [1]
pbuf_free               0x08015e7f    0x8c  Code  Gb  pbuf.o [1]
pbuf_header             0x08015de1    0x9e  Code  Gb  pbuf.o [1]
pbuf_realloc            0x08015d53    0x8e  Code  Gb  pbuf.o [1]
pbuf_ref                0x08015f1f     0xc  Code  Gb  pbuf.o [1]
pbuf_take               0x080160e9    0x8e  Code  Gb  pbuf.o [1]
photo_bd_cnt_buff       0x2000d8d0     0xc  Data  Gb  photo.o [1]
photo_deal_with_cnt_photo
                        0x080134a9   0x158  Code  Gb  photo.o [1]
photo_deal_with_reset_photo
                        0x08013601    0x8c  Code  Gb  photo.o [1]
photo_send_buff         0x2000d888     0xc  Data  Gb  can_bus.o [1]
photo_send_len          0x2000d97c     0x2  Data  Gb  can_bus.o [1]
photo_trig_config       0x0801368d   0x218  Code  Gb  photo.o [1]
photobdcnt              0x2000d48c    0xa0  Data  Gb  photo.o [1]
photobdcntqueue         0x2000d8b8     0xc  Data  Gb  photo.o [1]
photolast_num           0x20000022     0x2  Data  Gb  photo.o [1]
photoone_num            0x20000024     0x2  Data  Gb  photo.o [1]
phototrig               0x2000d850    0x10  Data  Gb  photo.o [1]
phototwo_num            0x20000026     0x2  Data  Gb  photo.o [1]
plug_holes              0x08017199    0xa4  Code  Lc  mem.o [1]
port_info               0x2000d7c0    0x20  Data  Gb  photo.o [1]
positionnode            0x2000d5c4    0x50  Data  Gb  photo.o [1]
positionqueue           0x2000d8c4     0xc  Data  Gb  photo.o [1]
pre_INPUT2_count        0x2000d982     0x2  Data  Gb  guangdian.o [1]
pre_moto_para_num       0x2000d9c4     0x1  Data  Gb  moto.o [1]
ram                     0x2000d91c     0x4  Data  Lc  mem.o [1]
ram_end                 0x2000d920     0x4  Data  Lc  mem.o [1]
ram_heap                0x200045f8  0x2814  Data  Lc  mem.o [1]
raw_input               0x0801816d    0x82  Code  Gb  raw.o [1]
raw_pcbs                0x2000d934     0x4  Data  Lc  raw.o [1]
reassdatagrams          0x2000d914     0x4  Data  Lc  ip_frag.o [1]
recive_wcs_count        0x2000d904     0x4  Data  Gb  fun.o [1]
recv_data               0x2000d96c     0x4  Data  Lc  tcp_in.o [1]
recv_flags              0x2000d9cb     0x1  Data  Lc  tcp_in.o [1]
recv_message_from_sever
                        0x08010bf1    0x24  Code  Gb  fun.o [1]
recv_moto_statue_process
                        0x0801b8ed    0xcc  Code  Gb  zongxian.o [1]
recv_msg_check          0x08010265    0x5c  Code  Gb  fun.o [1]
recv_msg_process        0x08010709   0x4e8  Code  Gb  fun.o [1]
recv_slaver_photo_config_process
                        0x080106c9    0x40  Code  Gb  fun.o [1]
reply_index_error       0x2000d900     0x4  Data  Gb  fun.o [1]
reply_recv_msg          0x08010c15    0x5e  Code  Gb  fun.o [1]
reply_recv_msg_error_statue
                        0x08010c73   0x154  Code  Gb  fun.o [1]
s10_cnt                 0x2000d98e     0x2  Data  Gb  main.o [1]
sWCS2CarUnloadRunData   0x2000d7e0    0x14  Data  Gb  fun.o [1]
s_LED_Interval          0x2000d990     0x2  Data  Gb  main.o [1]
s_Last_packet_seq       0x20000014     0x4  Data  Gb  fun.o [1]
s_speed_zhuxian_u32     0x2000d8fc     0x4  Data  Gb  fun.o [1]
scan_key_process        0x0801a951    0xee  Code  Gb  main.o [1]
sec_flag                0x2000d98a     0x2  Data  Gb  main.o [1]
sec_process             0x0801a7e5   0x16c  Code  Gb  main.o [1]
sec_reg                 0x20000020     0x2  Data  Gb  main.o [1]
send_message_to_sever   0x080115c1   0x174  Code  Gb  fun.o [1]
send_moto_para_process  0x080122fd   0x122  Code  Gb  moto.o [1]
send_moto_run_process   0x08012445   0x21c  Code  Gb  moto.o [1]
send_msg_car2wcs_heart  0x08010dd1    0x3a  Code  Gb  fun.o [1]
send_msg_car2wcs_online_cmd
                        0x0801123b    0x70  Code  Gb  fun.o [1]
seqno                   0x2000d964     0x4  Data  Lc  tcp_in.o [1]
slavefirstreset         0x2000d9c9     0x1  Data  Gb  photo.o [1]
slaverbdcnt             0x2000d8ec     0x8  Data  Gb  photo.o [1]
slavercntflag           0x2000d9c8     0x1  Data  Gb  photo.o [1]
slaverheartmsg          0x2000d230    0xcc  Data  Gb  fun.o [1]
statue_car_count        0x2000d9cd     0x1  Data  Gb  zongxian.o [1]
statue_car_num          0x2000d99e     0x2  Data  Gb  zongxian.o [1]
statue_guangdian_num    0x2000d9a0     0x2  Data  Gb  zongxian.o [1]
sys_moto_statue         0x2000c790   0x400  Data  Gb  fun.o [1]
sysmsg                  0x2000d840    0x10  Data  Gb  photo.o [1]
tcp_abandon             0x08016323    0xb6  Code  Gb  tcp.o [1]
tcp_active_pcbs         0x2000d950     0x4  Data  Gb  tcp.o [1]
tcp_alloc               0x0801651f    0xb8  Code  Gb  tcp.o [1]
tcp_bound_pcbs          0x2000d948     0x4  Data  Gb  tcp.o [1]
tcp_client_list         0x20009ab8  0x1418  Data  Gb  TCPclient.o [1]
tcp_close               0x080161f1   0x132  Code  Gb  tcp.o [1]
tcp_eff_send_mss        0x080166d9    0x2e  Code  Gb  tcp.o [1]
tcp_enqueue             0x080168b5   0x46c  Code  Gb  tcp_out.o [1]
tcp_input               0x08014709   0x502  Code  Gb  tcp_in.o [1]
tcp_input_pcb           0x2000d970     0x4  Data  Gb  tcp_in.o [1]
tcp_kill_prio           0x08016483    0x5e  Code  Lc  tcp.o [1]
tcp_kill_timewait       0x080164e1    0x3e  Code  Lc  tcp.o [1]
tcp_listen_input        0x08014c0b   0x146  Code  Lc  tcp_in.o [1]
tcp_listen_pcbs         0x2000d94c     0x4  Data  Gb  tcp.o [1]
tcp_next_iss            0x080166a1    0x14  Code  Gb  tcp.o [1]
tcp_output              0x08016d21   0x27e  Code  Gb  tcp_out.o [1]
tcp_output_segment      0x08016f9f    0xcc  Code  Lc  tcp_out.o [1]
tcp_output_set_header   0x08016801    0x94  Code  Lc  tcp_out.o [1]
tcp_parseopt            0x08015a2b    0xd0  Code  Lc  tcp_in.o [1]
tcp_pcb_purge           0x080165d7    0x3a  Code  Gb  tcp.o [1]
tcp_pcb_remove          0x08016611    0x90  Code  Gb  tcp.o [1]
tcp_process             0x08014d9f   0x572  Code  Lc  tcp_in.o [1]
tcp_receive             0x08015345   0x6e6  Code  Lc  tcp_in.o [1]
tcp_recv_null           0x0801645b    0x28  Code  Lc  tcp.o [1]
tcp_rexmit              0x08017141    0x58  Code  Gb  tcp_out.o [1]
tcp_rst                 0x08017079    0xc8  Code  Gb  tcp_out.o [1]
tcp_seg_free            0x08016435    0x26  Code  Gb  tcp.o [1]
tcp_segs_free           0x08016413    0x22  Code  Gb  tcp.o [1]
tcp_send_ctrl           0x08016895    0x20  Code  Gb  tcp_out.o [1]
tcp_ticks               0x2000d944     0x4  Data  Gb  tcp.o [1]
tcp_timewait_input      0x08014d51    0x4e  Code  Lc  tcp_in.o [1]
tcp_tmp_pcb             0x2000d958     0x4  Data  Gb  tcp.o [1]
tcp_tw_pcbs             0x2000d954     0x4  Data  Gb  tcp.o [1]
tcp_update_rcv_ann_wnd  0x080163d9    0x3a  Code  Gb  tcp.o [1]
tcphdr                  0x2000d95c     0x4  Data  Lc  tcp_in.o [1]
tcplen                  0x2000d99a     0x2  Data  Lc  tcp_in.o [1]
u16gndfun_get_msg_net_Queue
                        0x0801adeb    0x28  Code  Gb  gndfun.o [1]
u16gndfun_getmsg_gndQueue
                        0x0801ae25     0xc  Code  Gb  gndfun.o [1]
u8can_bus_send_one_frame
                        0x08012809    0x68  Code  Gb  can_bus.o [1]
u8gndfun_recvmsg_check  0x0801af21    0x34  Code  Gb  gndfun.o [1]
udp_bind                0x0801851f    0x86  Code  Gb  udp.o [1]
udp_client_process      0x0801b733    0xbc  Code  Gb  TCPclient.o [1]
udp_connect             0x080185a5    0x5c  Code  Gb  udp.o [1]
udp_echoclient_connect  0x0801b47f   0x11a  Code  Gb  TCPclient.o [1]
udp_input               0x080181f5   0x1ec  Code  Gb  udp.o [1]
udp_new                 0x0801860d    0x20  Code  Gb  udp.o [1]
udp_pcbs                0x2000d974     0x4  Data  Gb  udp.o [1]
udp_receive_callback    0x0801b599   0x134  Code  Gb  TCPclient.o [1]
udp_recv                0x08018601     0x6  Code  Gb  udp.o [1]
udp_send                0x080183e1    0x14  Code  Gb  udp.o [1]
udp_send_en             0x2000d9ad     0x1  Data  Gb  fun.o [1]
udp_send_process        0x0801b6cd    0x66  Code  Gb  TCPclient.o [1]
udp_sendto              0x080183f5    0x38  Code  Gb  udp.o [1]
udp_sendto_if           0x0801842d    0xf2  Code  Gb  udp.o [1]
update_arp_entry        0x08018c3f   0x130  Code  Lc  etharp.o [1]
upload_photolast_cnt    0x2000d998     0x2  Data  Gb  photo.o [1]
upload_photoone_cnt     0x2000d994     0x2  Data  Gb  photo.o [1]
upload_phototwo_cnt     0x2000d996     0x2  Data  Gb  photo.o [1]
vcan_bus_addto_cansendqueue
                        0x080127c7    0x42  Code  Gb  can_bus.o [1]
vcan_bus_init_cansendqueue
                        0x080127ad    0x1a  Code  Gb  can_bus.o [1]
vcan_send_frame_process
                        0x08012957    0x54  Code  Gb  can_bus.o [1]
vcan_send_send_msg      0x08012871    0xe6  Code  Gb  can_bus.o [1]
vcanbus_recv_slaver_photo_cnt
                        0x08012a61    0x64  Code  Gb  can_bus.o [1]
vfun_slaver_heart_increase
                        0x08011735    0x32  Code  Gb  fun.o [1]
vfun_upload_slaver_err_heart_program
                        0x08011775    0x54  Code  Gb  fun.o [1]
vgnd_deal_with_carpos_process
                        0x0801b00d   0x2bc  Code  Gb  gndfun.o [1]
vgndfun_add_gndfunmsg   0x0801ae13    0x12  Code  Gb  gndfun.o [1]
vgndfun_add_net_Queue   0x0801adb9    0x32  Code  Gb  gndfun.o [1]
vgndfun_init_net        0x0801ada1    0x18  Code  Gb  gndfun.o [1]
vgndfun_recv_carpos_msg
                        0x0801ae31    0xf0  Code  Gb  gndfun.o [1]
vgndfun_recvmessage_from_sever
                        0x0801af79    0x24  Code  Gb  gndfun.o [1]
vgndfun_recvmsg_process
                        0x0801af55    0x24  Code  Gb  gndfun.o [1]
vgndfun_reply_recv_msg  0x0801af9d    0x3a  Code  Gb  gndfun.o [1]
vgndfun_send_message_to_sever
                        0x0801afd7    0x36  Code  Gb  gndfun.o [1]
vpcfun_init_sys_item    0x0801016d    0x62  Code  Gb  fun.o [1]
vpcfun_send_slaver_photo_cnt_cmd
                        0x080112dd   0x2be  Code  Gb  fun.o [1]
vphoto_add_to_slaver_bd_queue
                        0x0801303f    0x40  Code  Gb  photo.o [1]
vphoto_add_to_slaver_position_queue
                        0x08012f23    0x40  Code  Gb  photo.o [1]
vphoto_get_from_positionqueue
                        0x08012f63    0x2e  Code  Gb  photo.o [1]
vphoto_get_from_slaverbdqueue
                        0x0801307f    0x2e  Code  Gb  photo.o [1]
vphoto_init_slaver_bdcnt_queue
                        0x08012fad    0x92  Code  Gb  photo.o [1]
vphoto_init_slaver_position_queue
                        0x08012f09    0x1a  Code  Gb  photo.o [1]
vphoto_recv_slaver_photo_cmd
                        0x080130c9   0x3e0  Code  Gb  photo.o [1]
vphoto_upload_positionqueue
                        0x08012f91    0x1c  Code  Gb  photo.o [1]
vphoto_upload_slaverbdqueue
                        0x080130ad    0x1c  Code  Gb  photo.o [1]
wcs2CarParaData         0x200085cc  0x14ec  Data  Gb  fun.o [1]
wcs2carSysEnData        0x2000d894     0xc  Data  Gb  fun.o [1]
write_moto_process      0x08011f8b    0xac  Code  Gb  moto.o [1]
xialiao_process         0x0801206d   0x290  Code  Gb  moto.o [1]
xiaoliao_IO_exit_process
                        0x0801055b    0xd4  Code  Gb  fun.o [1]
xiaoliao_exit_process   0x080102c1   0x29a  Code  Gb  fun.o [1]
zongxian_recv_count     0x2000d99c     0x2  Data  Gb  zongxian.o [1]
zongxian_send_buff      0x2000cb90   0x3e8  Data  Gb  zongxian.o [1]


[1] = E:\car_item_v1\jinshan\car_control_v1.2.7.9\master___CAR_CTRL_PROJECT_v1.2.7.9\Project\EWARMv5_iap\STM3210C-EVAL\Obj
[2] = command line
[3] = dl7M_tlf.a
[4] = rt7M_tl.a
[5] = shb_l.a

  49 368 bytes of readonly  code memory
      80 bytes of readonly  data memory
  57 806 bytes of readwrite data memory

Errors: none
Warnings: none
