###############################################################################
#                                                                             #
# IAR ELF Linker V6.10.1.52143/W32 for ARM              25/Jun/2023  14:52:49 #
# Copyright 2007-2010 IAR Systems AB.                                         #
#                                                                             #
#    Output file  =  E:\car_item_v1\normal16car\car_control_v1.2.7.7_20230512 #
#                    \IP110\master___CAR_CTRL_PROJECT_v1.2.7.7_20230111\maste #
#                    r___CAR_CTRL_PROJECT_v1.2.3.2_T211116\Project\EWARMv5_ia #
#                    p\STM3210C-EVAL\Exe\STM3210C-EVAL.out                    #
#    Map file     =  E:\car_item_v1\normal16car\car_control_v1.2.7.7_20230512 #
#                    \IP110\master___CAR_CTRL_PROJECT_v1.2.7.7_20230111\maste #
#                    r___CAR_CTRL_PROJECT_v1.2.3.2_T211116\Project\EWARMv5_ia #
#                    p\STM3210C-EVAL\List\STM3210C-EVAL.map                   #
#    Command line =  E:\car_item_v1\normal16car\car_control_v1.2.7.7_20230512 #
#                    \IP110\master___CAR_CTRL_PROJECT_v1.2.7.7_20230111\maste #
#                    r___CAR_CTRL_PROJECT_v1.2.3.2_T211116\Project\EWARMv5_ia #
#                    p\STM3210C-EVAL\Obj\TCPclient.o                          #
#                    E:\car_item_v1\normal16car\car_control_v1.2.7.7_20230512 #
#                    \IP110\master___CAR_CTRL_PROJECT_v1.2.7.7_20230111\maste #
#                    r___CAR_CTRL_PROJECT_v1.2.3.2_T211116\Project\EWARMv5_ia #
#                    p\STM3210C-EVAL\Obj\api_lib.o                            #
#                    E:\car_item_v1\normal16car\car_control_v1.2.7.7_20230512 #
#                    \IP110\master___CAR_CTRL_PROJECT_v1.2.7.7_20230111\maste #
#                    r___CAR_CTRL_PROJECT_v1.2.3.2_T211116\Project\EWARMv5_ia #
#                    p\STM3210C-EVAL\Obj\api_msg.o                            #
#                    E:\car_item_v1\normal16car\car_control_v1.2.7.7_20230512 #
#                    \IP110\master___CAR_CTRL_PROJECT_v1.2.7.7_20230111\maste #
#                    r___CAR_CTRL_PROJECT_v1.2.3.2_T211116\Project\EWARMv5_ia #
#                    p\STM3210C-EVAL\Obj\autoip.o                             #
#                    E:\car_item_v1\normal16car\car_control_v1.2.7.7_20230512 #
#                    \IP110\master___CAR_CTRL_PROJECT_v1.2.7.7_20230111\maste #
#                    r___CAR_CTRL_PROJECT_v1.2.3.2_T211116\Project\EWARMv5_ia #
#                    p\STM3210C-EVAL\Obj\can_bus.o                            #
#                    E:\car_item_v1\normal16car\car_control_v1.2.7.7_20230512 #
#                    \IP110\master___CAR_CTRL_PROJECT_v1.2.7.7_20230111\maste #
#                    r___CAR_CTRL_PROJECT_v1.2.3.2_T211116\Project\EWARMv5_ia #
#                    p\STM3210C-EVAL\Obj\core_cm3.o                           #
#                    E:\car_item_v1\normal16car\car_control_v1.2.7.7_20230512 #
#                    \IP110\master___CAR_CTRL_PROJECT_v1.2.7.7_20230111\maste #
#                    r___CAR_CTRL_PROJECT_v1.2.3.2_T211116\Project\EWARMv5_ia #
#                    p\STM3210C-EVAL\Obj\dhcp.o E:\car_item_v1\normal16car\ca #
#                    r_control_v1.2.7.7_20230512\IP110\master___CAR_CTRL_PROJ #
#                    ECT_v1.2.7.7_20230111\master___CAR_CTRL_PROJECT_v1.2.3.2 #
#                    _T211116\Project\EWARMv5_iap\STM3210C-EVAL\Obj\err.o     #
#                    E:\car_item_v1\normal16car\car_control_v1.2.7.7_20230512 #
#                    \IP110\master___CAR_CTRL_PROJECT_v1.2.7.7_20230111\maste #
#                    r___CAR_CTRL_PROJECT_v1.2.3.2_T211116\Project\EWARMv5_ia #
#                    p\STM3210C-EVAL\Obj\etharp.o                             #
#                    E:\car_item_v1\normal16car\car_control_v1.2.7.7_20230512 #
#                    \IP110\master___CAR_CTRL_PROJECT_v1.2.7.7_20230111\maste #
#                    r___CAR_CTRL_PROJECT_v1.2.3.2_T211116\Project\EWARMv5_ia #
#                    p\STM3210C-EVAL\Obj\ethernetif.o                         #
#                    E:\car_item_v1\normal16car\car_control_v1.2.7.7_20230512 #
#                    \IP110\master___CAR_CTRL_PROJECT_v1.2.7.7_20230111\maste #
#                    r___CAR_CTRL_PROJECT_v1.2.3.2_T211116\Project\EWARMv5_ia #
#                    p\STM3210C-EVAL\Obj\fun.o E:\car_item_v1\normal16car\car #
#                    _control_v1.2.7.7_20230512\IP110\master___CAR_CTRL_PROJE #
#                    CT_v1.2.7.7_20230111\master___CAR_CTRL_PROJECT_v1.2.3.2_ #
#                    T211116\Project\EWARMv5_iap\STM3210C-EVAL\Obj\gndfun.o   #
#                    E:\car_item_v1\normal16car\car_control_v1.2.7.7_20230512 #
#                    \IP110\master___CAR_CTRL_PROJECT_v1.2.7.7_20230111\maste #
#                    r___CAR_CTRL_PROJECT_v1.2.3.2_T211116\Project\EWARMv5_ia #
#                    p\STM3210C-EVAL\Obj\guangdian.o                          #
#                    E:\car_item_v1\normal16car\car_control_v1.2.7.7_20230512 #
#                    \IP110\master___CAR_CTRL_PROJECT_v1.2.7.7_20230111\maste #
#                    r___CAR_CTRL_PROJECT_v1.2.3.2_T211116\Project\EWARMv5_ia #
#                    p\STM3210C-EVAL\Obj\icmp.o E:\car_item_v1\normal16car\ca #
#                    r_control_v1.2.7.7_20230512\IP110\master___CAR_CTRL_PROJ #
#                    ECT_v1.2.7.7_20230111\master___CAR_CTRL_PROJECT_v1.2.3.2 #
#                    _T211116\Project\EWARMv5_iap\STM3210C-EVAL\Obj\igmp.o    #
#                    E:\car_item_v1\normal16car\car_control_v1.2.7.7_20230512 #
#                    \IP110\master___CAR_CTRL_PROJECT_v1.2.7.7_20230111\maste #
#                    r___CAR_CTRL_PROJECT_v1.2.3.2_T211116\Project\EWARMv5_ia #
#                    p\STM3210C-EVAL\Obj\inet.o E:\car_item_v1\normal16car\ca #
#                    r_control_v1.2.7.7_20230512\IP110\master___CAR_CTRL_PROJ #
#                    ECT_v1.2.7.7_20230111\master___CAR_CTRL_PROJECT_v1.2.3.2 #
#                    _T211116\Project\EWARMv5_iap\STM3210C-EVAL\Obj\inet_chks #
#                    um.o E:\car_item_v1\normal16car\car_control_v1.2.7.7_202 #
#                    30512\IP110\master___CAR_CTRL_PROJECT_v1.2.7.7_20230111\ #
#                    master___CAR_CTRL_PROJECT_v1.2.3.2_T211116\Project\EWARM #
#                    v5_iap\STM3210C-EVAL\Obj\init.o                          #
#                    E:\car_item_v1\normal16car\car_control_v1.2.7.7_20230512 #
#                    \IP110\master___CAR_CTRL_PROJECT_v1.2.7.7_20230111\maste #
#                    r___CAR_CTRL_PROJECT_v1.2.3.2_T211116\Project\EWARMv5_ia #
#                    p\STM3210C-EVAL\Obj\ip.o E:\car_item_v1\normal16car\car_ #
#                    control_v1.2.7.7_20230512\IP110\master___CAR_CTRL_PROJEC #
#                    T_v1.2.7.7_20230111\master___CAR_CTRL_PROJECT_v1.2.3.2_T #
#                    211116\Project\EWARMv5_iap\STM3210C-EVAL\Obj\ip_addr.o   #
#                    E:\car_item_v1\normal16car\car_control_v1.2.7.7_20230512 #
#                    \IP110\master___CAR_CTRL_PROJECT_v1.2.7.7_20230111\maste #
#                    r___CAR_CTRL_PROJECT_v1.2.3.2_T211116\Project\EWARMv5_ia #
#                    p\STM3210C-EVAL\Obj\ip_frag.o                            #
#                    E:\car_item_v1\normal16car\car_control_v1.2.7.7_20230512 #
#                    \IP110\master___CAR_CTRL_PROJECT_v1.2.7.7_20230111\maste #
#                    r___CAR_CTRL_PROJECT_v1.2.3.2_T211116\Project\EWARMv5_ia #
#                    p\STM3210C-EVAL\Obj\main.o E:\car_item_v1\normal16car\ca #
#                    r_control_v1.2.7.7_20230512\IP110\master___CAR_CTRL_PROJ #
#                    ECT_v1.2.7.7_20230111\master___CAR_CTRL_PROJECT_v1.2.3.2 #
#                    _T211116\Project\EWARMv5_iap\STM3210C-EVAL\Obj\mem.o     #
#                    E:\car_item_v1\normal16car\car_control_v1.2.7.7_20230512 #
#                    \IP110\master___CAR_CTRL_PROJECT_v1.2.7.7_20230111\maste #
#                    r___CAR_CTRL_PROJECT_v1.2.3.2_T211116\Project\EWARMv5_ia #
#                    p\STM3210C-EVAL\Obj\memp.o E:\car_item_v1\normal16car\ca #
#                    r_control_v1.2.7.7_20230512\IP110\master___CAR_CTRL_PROJ #
#                    ECT_v1.2.7.7_20230111\master___CAR_CTRL_PROJECT_v1.2.3.2 #
#                    _T211116\Project\EWARMv5_iap\STM3210C-EVAL\Obj\misc.o    #
#                    E:\car_item_v1\normal16car\car_control_v1.2.7.7_20230512 #
#                    \IP110\master___CAR_CTRL_PROJECT_v1.2.7.7_20230111\maste #
#                    r___CAR_CTRL_PROJECT_v1.2.3.2_T211116\Project\EWARMv5_ia #
#                    p\STM3210C-EVAL\Obj\moto.o E:\car_item_v1\normal16car\ca #
#                    r_control_v1.2.7.7_20230512\IP110\master___CAR_CTRL_PROJ #
#                    ECT_v1.2.7.7_20230111\master___CAR_CTRL_PROJECT_v1.2.3.2 #
#                    _T211116\Project\EWARMv5_iap\STM3210C-EVAL\Obj\netbuf.o  #
#                    E:\car_item_v1\normal16car\car_control_v1.2.7.7_20230512 #
#                    \IP110\master___CAR_CTRL_PROJECT_v1.2.7.7_20230111\maste #
#                    r___CAR_CTRL_PROJECT_v1.2.3.2_T211116\Project\EWARMv5_ia #
#                    p\STM3210C-EVAL\Obj\netconf.o                            #
#                    E:\car_item_v1\normal16car\car_control_v1.2.7.7_20230512 #
#                    \IP110\master___CAR_CTRL_PROJECT_v1.2.7.7_20230111\maste #
#                    r___CAR_CTRL_PROJECT_v1.2.3.2_T211116\Project\EWARMv5_ia #
#                    p\STM3210C-EVAL\Obj\netdb.o                              #
#                    E:\car_item_v1\normal16car\car_control_v1.2.7.7_20230512 #
#                    \IP110\master___CAR_CTRL_PROJECT_v1.2.7.7_20230111\maste #
#                    r___CAR_CTRL_PROJECT_v1.2.3.2_T211116\Project\EWARMv5_ia #
#                    p\STM3210C-EVAL\Obj\netif.o                              #
#                    E:\car_item_v1\normal16car\car_control_v1.2.7.7_20230512 #
#                    \IP110\master___CAR_CTRL_PROJECT_v1.2.7.7_20230111\maste #
#                    r___CAR_CTRL_PROJECT_v1.2.3.2_T211116\Project\EWARMv5_ia #
#                    p\STM3210C-EVAL\Obj\netifapi.o                           #
#                    E:\car_item_v1\normal16car\car_control_v1.2.7.7_20230512 #
#                    \IP110\master___CAR_CTRL_PROJECT_v1.2.7.7_20230111\maste #
#                    r___CAR_CTRL_PROJECT_v1.2.3.2_T211116\Project\EWARMv5_ia #
#                    p\STM3210C-EVAL\Obj\pbuf.o E:\car_item_v1\normal16car\ca #
#                    r_control_v1.2.7.7_20230512\IP110\master___CAR_CTRL_PROJ #
#                    ECT_v1.2.7.7_20230111\master___CAR_CTRL_PROJECT_v1.2.3.2 #
#                    _T211116\Project\EWARMv5_iap\STM3210C-EVAL\Obj\photo.o   #
#                    E:\car_item_v1\normal16car\car_control_v1.2.7.7_20230512 #
#                    \IP110\master___CAR_CTRL_PROJECT_v1.2.7.7_20230111\maste #
#                    r___CAR_CTRL_PROJECT_v1.2.3.2_T211116\Project\EWARMv5_ia #
#                    p\STM3210C-EVAL\Obj\raw.o E:\car_item_v1\normal16car\car #
#                    _control_v1.2.7.7_20230512\IP110\master___CAR_CTRL_PROJE #
#                    CT_v1.2.7.7_20230111\master___CAR_CTRL_PROJECT_v1.2.3.2_ #
#                    T211116\Project\EWARMv5_iap\STM3210C-EVAL\Obj\startup_st #
#                    m32f10x_cl.o E:\car_item_v1\normal16car\car_control_v1.2 #
#                    .7.7_20230512\IP110\master___CAR_CTRL_PROJECT_v1.2.7.7_2 #
#                    0230111\master___CAR_CTRL_PROJECT_v1.2.3.2_T211116\Proje #
#                    ct\EWARMv5_iap\STM3210C-EVAL\Obj\stats.o                 #
#                    E:\car_item_v1\normal16car\car_control_v1.2.7.7_20230512 #
#                    \IP110\master___CAR_CTRL_PROJECT_v1.2.7.7_20230111\maste #
#                    r___CAR_CTRL_PROJECT_v1.2.3.2_T211116\Project\EWARMv5_ia #
#                    p\STM3210C-EVAL\Obj\stm32_eth.o                          #
#                    E:\car_item_v1\normal16car\car_control_v1.2.7.7_20230512 #
#                    \IP110\master___CAR_CTRL_PROJECT_v1.2.7.7_20230111\maste #
#                    r___CAR_CTRL_PROJECT_v1.2.3.2_T211116\Project\EWARMv5_ia #
#                    p\STM3210C-EVAL\Obj\stm32f107.o                          #
#                    E:\car_item_v1\normal16car\car_control_v1.2.7.7_20230512 #
#                    \IP110\master___CAR_CTRL_PROJECT_v1.2.7.7_20230111\maste #
#                    r___CAR_CTRL_PROJECT_v1.2.3.2_T211116\Project\EWARMv5_ia #
#                    p\STM3210C-EVAL\Obj\stm32f10x_adc.o                      #
#                    E:\car_item_v1\normal16car\car_control_v1.2.7.7_20230512 #
#                    \IP110\master___CAR_CTRL_PROJECT_v1.2.7.7_20230111\maste #
#                    r___CAR_CTRL_PROJECT_v1.2.3.2_T211116\Project\EWARMv5_ia #
#                    p\STM3210C-EVAL\Obj\stm32f10x_bkp.o                      #
#                    E:\car_item_v1\normal16car\car_control_v1.2.7.7_20230512 #
#                    \IP110\master___CAR_CTRL_PROJECT_v1.2.7.7_20230111\maste #
#                    r___CAR_CTRL_PROJECT_v1.2.3.2_T211116\Project\EWARMv5_ia #
#                    p\STM3210C-EVAL\Obj\stm32f10x_can.o                      #
#                    E:\car_item_v1\normal16car\car_control_v1.2.7.7_20230512 #
#                    \IP110\master___CAR_CTRL_PROJECT_v1.2.7.7_20230111\maste #
#                    r___CAR_CTRL_PROJECT_v1.2.3.2_T211116\Project\EWARMv5_ia #
#                    p\STM3210C-EVAL\Obj\stm32f10x_dma.o                      #
#                    E:\car_item_v1\normal16car\car_control_v1.2.7.7_20230512 #
#                    \IP110\master___CAR_CTRL_PROJECT_v1.2.7.7_20230111\maste #
#                    r___CAR_CTRL_PROJECT_v1.2.3.2_T211116\Project\EWARMv5_ia #
#                    p\STM3210C-EVAL\Obj\stm32f10x_exti.o                     #
#                    E:\car_item_v1\normal16car\car_control_v1.2.7.7_20230512 #
#                    \IP110\master___CAR_CTRL_PROJECT_v1.2.7.7_20230111\maste #
#                    r___CAR_CTRL_PROJECT_v1.2.3.2_T211116\Project\EWARMv5_ia #
#                    p\STM3210C-EVAL\Obj\stm32f10x_flash.o                    #
#                    E:\car_item_v1\normal16car\car_control_v1.2.7.7_20230512 #
#                    \IP110\master___CAR_CTRL_PROJECT_v1.2.7.7_20230111\maste #
#                    r___CAR_CTRL_PROJECT_v1.2.3.2_T211116\Project\EWARMv5_ia #
#                    p\STM3210C-EVAL\Obj\stm32f10x_gpio.o                     #
#                    E:\car_item_v1\normal16car\car_control_v1.2.7.7_20230512 #
#                    \IP110\master___CAR_CTRL_PROJECT_v1.2.7.7_20230111\maste #
#                    r___CAR_CTRL_PROJECT_v1.2.3.2_T211116\Project\EWARMv5_ia #
#                    p\STM3210C-EVAL\Obj\stm32f10x_i2c.o                      #
#                    E:\car_item_v1\normal16car\car_control_v1.2.7.7_20230512 #
#                    \IP110\master___CAR_CTRL_PROJECT_v1.2.7.7_20230111\maste #
#                    r___CAR_CTRL_PROJECT_v1.2.3.2_T211116\Project\EWARMv5_ia #
#                    p\STM3210C-EVAL\Obj\stm32f10x_it.o                       #
#                    E:\car_item_v1\normal16car\car_control_v1.2.7.7_20230512 #
#                    \IP110\master___CAR_CTRL_PROJECT_v1.2.7.7_20230111\maste #
#                    r___CAR_CTRL_PROJECT_v1.2.3.2_T211116\Project\EWARMv5_ia #
#                    p\STM3210C-EVAL\Obj\stm32f10x_pwr.o                      #
#                    E:\car_item_v1\normal16car\car_control_v1.2.7.7_20230512 #
#                    \IP110\master___CAR_CTRL_PROJECT_v1.2.7.7_20230111\maste #
#                    r___CAR_CTRL_PROJECT_v1.2.3.2_T211116\Project\EWARMv5_ia #
#                    p\STM3210C-EVAL\Obj\stm32f10x_rcc.o                      #
#                    E:\car_item_v1\normal16car\car_control_v1.2.7.7_20230512 #
#                    \IP110\master___CAR_CTRL_PROJECT_v1.2.7.7_20230111\maste #
#                    r___CAR_CTRL_PROJECT_v1.2.3.2_T211116\Project\EWARMv5_ia #
#                    p\STM3210C-EVAL\Obj\stm32f10x_rtc.o                      #
#                    E:\car_item_v1\normal16car\car_control_v1.2.7.7_20230512 #
#                    \IP110\master___CAR_CTRL_PROJECT_v1.2.7.7_20230111\maste #
#                    r___CAR_CTRL_PROJECT_v1.2.3.2_T211116\Project\EWARMv5_ia #
#                    p\STM3210C-EVAL\Obj\stm32f10x_spi.o                      #
#                    E:\car_item_v1\normal16car\car_control_v1.2.7.7_20230512 #
#                    \IP110\master___CAR_CTRL_PROJECT_v1.2.7.7_20230111\maste #
#                    r___CAR_CTRL_PROJECT_v1.2.3.2_T211116\Project\EWARMv5_ia #
#                    p\STM3210C-EVAL\Obj\stm32f10x_tim.o                      #
#                    E:\car_item_v1\normal16car\car_control_v1.2.7.7_20230512 #
#                    \IP110\master___CAR_CTRL_PROJECT_v1.2.7.7_20230111\maste #
#                    r___CAR_CTRL_PROJECT_v1.2.3.2_T211116\Project\EWARMv5_ia #
#                    p\STM3210C-EVAL\Obj\stm32f10x_usart.o                    #
#                    E:\car_item_v1\normal16car\car_control_v1.2.7.7_20230512 #
#                    \IP110\master___CAR_CTRL_PROJECT_v1.2.7.7_20230111\maste #
#                    r___CAR_CTRL_PROJECT_v1.2.3.2_T211116\Project\EWARMv5_ia #
#                    p\STM3210C-EVAL\Obj\sys.o E:\car_item_v1\normal16car\car #
#                    _control_v1.2.7.7_20230512\IP110\master___CAR_CTRL_PROJE #
#                    CT_v1.2.7.7_20230111\master___CAR_CTRL_PROJECT_v1.2.3.2_ #
#                    T211116\Project\EWARMv5_iap\STM3210C-EVAL\Obj\system_stm #
#                    32f10x.o E:\car_item_v1\normal16car\car_control_v1.2.7.7 #
#                    _20230512\IP110\master___CAR_CTRL_PROJECT_v1.2.7.7_20230 #
#                    111\master___CAR_CTRL_PROJECT_v1.2.3.2_T211116\Project\E #
#                    WARMv5_iap\STM3210C-EVAL\Obj\tcp.o                       #
#                    E:\car_item_v1\normal16car\car_control_v1.2.7.7_20230512 #
#                    \IP110\master___CAR_CTRL_PROJECT_v1.2.7.7_20230111\maste #
#                    r___CAR_CTRL_PROJECT_v1.2.3.2_T211116\Project\EWARMv5_ia #
#                    p\STM3210C-EVAL\Obj\tcp_in.o                             #
#                    E:\car_item_v1\normal16car\car_control_v1.2.7.7_20230512 #
#                    \IP110\master___CAR_CTRL_PROJECT_v1.2.7.7_20230111\maste #
#                    r___CAR_CTRL_PROJECT_v1.2.3.2_T211116\Project\EWARMv5_ia #
#                    p\STM3210C-EVAL\Obj\tcp_out.o                            #
#                    E:\car_item_v1\normal16car\car_control_v1.2.7.7_20230512 #
#                    \IP110\master___CAR_CTRL_PROJECT_v1.2.7.7_20230111\maste #
#                    r___CAR_CTRL_PROJECT_v1.2.3.2_T211116\Project\EWARMv5_ia #
#                    p\STM3210C-EVAL\Obj\tcpip.o                              #
#                    E:\car_item_v1\normal16car\car_control_v1.2.7.7_20230512 #
#                    \IP110\master___CAR_CTRL_PROJECT_v1.2.7.7_20230111\maste #
#                    r___CAR_CTRL_PROJECT_v1.2.3.2_T211116\Project\EWARMv5_ia #
#                    p\STM3210C-EVAL\Obj\udp.o E:\car_item_v1\normal16car\car #
#                    _control_v1.2.7.7_20230512\IP110\master___CAR_CTRL_PROJE #
#                    CT_v1.2.7.7_20230111\master___CAR_CTRL_PROJECT_v1.2.3.2_ #
#                    T211116\Project\EWARMv5_iap\STM3210C-EVAL\Obj\zongxian.o #
#                     -o E:\car_item_v1\normal16car\car_control_v1.2.7.7_2023 #
#                    0512\IP110\master___CAR_CTRL_PROJECT_v1.2.7.7_20230111\m #
#                    aster___CAR_CTRL_PROJECT_v1.2.3.2_T211116\Project\EWARMv #
#                    5_iap\STM3210C-EVAL\Exe\STM3210C-EVAL.out --map          #
#                    E:\car_item_v1\normal16car\car_control_v1.2.7.7_20230512 #
#                    \IP110\master___CAR_CTRL_PROJECT_v1.2.7.7_20230111\maste #
#                    r___CAR_CTRL_PROJECT_v1.2.3.2_T211116\Project\EWARMv5_ia #
#                    p\STM3210C-EVAL\List\STM3210C-EVAL.map --config          #
#                    E:\car_item_v1\normal16car\car_control_v1.2.7.7_20230512 #
#                    \IP110\master___CAR_CTRL_PROJECT_v1.2.7.7_20230111\maste #
#                    r___CAR_CTRL_PROJECT_v1.2.3.2_T211116\Project\EWARMv5_ia #
#                    p\STM32F10x_FLASH.icf --semihosting --entry              #
#                    __iar_program_start                                      #
#                                                                             #
#                                                                             #
###############################################################################

*******************************************************************************
*** RUNTIME MODEL ATTRIBUTES
***

CppFlavor       = *
__SystemLibrary = DLib


*******************************************************************************
*** PLACEMENT SUMMARY
***

"A1":  place at 0x08010000 { ro section .intvec };
"P1":  place in [from 0x08008000 to 0x0803ffff] { ro };
"P2":  place in [from 0x20000000 to 0x2000ffff] { rw, block CSTACK, block HEAP };

  Section            Kind        Address    Size  Object
  -------            ----        -------    ----  ------
"A1":                                      0x150
  .intvec            ro code  0x08010000   0x150  startup_stm32f10x_cl.o [1]
                            - 0x08010150   0x150

"P1":                                     0xb730
  .text              ro code  0x08010150  0x1488  fun.o [1]
  .text              ro code  0x080115d8    0x70  ABImemcpy.o [4]
  .text              ro code  0x08011648    0x20  stm32f10x_bkp.o [1]
  .text              ro code  0x08011668   0xebc  moto.o [1]
  .text              ro code  0x08012524   0x474  can_bus.o [1]
  .text              ro code  0x08012998     0xe  tcp_out.o [1]
  .text              ro code  0x080129a6    0x2e  copy_init3.o [4]
  .text              ro code  0x080129d4   0xb2c  photo.o [1]
  .text              ro code  0x08013500   0x184  stm32f10x_gpio.o [1]
  .text              ro code  0x08013684   0x200  stm32f10x_dma.o [1]
  .text              ro code  0x08013884   0x526  stm32f10x_can.o [1]
  .text              ro code  0x08013daa    0x22  zero_init3.o [4]
  .text              ro code  0x08013dcc   0x23c  guangdian.o [1]
  .text              ro code  0x08014008   0x1e8  stm32f10x_rcc.o [1]
  .text              ro code  0x080141f0  0x1350  tcp_in.o [1]
  .text              ro code  0x08015540    0x36  inet.o [1]
  .text              ro code  0x08015576   0x576  pbuf.o [1]
  .text              ro code  0x08015aec    0x54  ip_addr.o [1]
  .text              ro code  0x08015b40   0x4bc  tcp.o [1]
  .text              ro code  0x08015ffc    0xe4  memp.o [1]
  .text              ro code  0x080160e0   0x96c  tcp_out.o [1]
  .text              ro code  0x08016a4c   0x364  mem.o [1]
  .text              ro code  0x08016db0    0x14  udp.o [1]
  .text              ro code  0x08016dc4   0x368  ip.o [1]
  .text              ro code  0x0801712c    0x66  ABImemset.o [4]
  .text              ro code  0x08017194   0x140  netif.o [1]
  .text              ro code  0x080172d4   0x5d8  ip_frag.o [1]
  .text              ro code  0x080178ac    0x88  raw.o [1]
  .text              ro code  0x08017934   0x3ec  udp.o [1]
  .text              ro code  0x08017d20   0x1f8  icmp.o [1]
  .text              ro code  0x08017f18   0xa1c  etharp.o [1]
  .text              ro code  0x08018934    0xac  inet_chksum.o [1]
  .text              ro code  0x080189e0   0x8fe  stm32_eth.o [1]
  .text              ro code  0x080192e0   0x8fe  stm32f107.o [1]
  .text              ro code  0x08019be0   0x1b0  stm32f10x_usart.o [1]
  .text              ro code  0x08019d90   0x198  system_stm32f10x.o [1]
  .text              ro code  0x08019f28    0x98  misc.o [1]
  .text              ro code  0x08019fc0   0x5fc  main.o [1]
  .text              ro code  0x0801a5bc   0x540  gndfun.o [1]
  .text              ro code  0x0801aafc    0xb8  netconf.o [1]
  .text              ro code  0x0801abb4   0x4cc  TCPclient.o [1]
  .text              ro code  0x0801b080    0xe8  zongxian.o [1]
  .text              ro code  0x0801b168   0x2d0  ethernetif.o [1]
  .text              ro code  0x0801b438   0x22c  stm32f10x_it.o [1]
  .text              ro code  0x0801b664    0x36  stm32f10x_tim.o [1]
  .text              ro code  0x0801b69c    0x2c  data_init3.o [4]
  .iar.init_table    const    0x0801b6c8    0x24  - Linker created -
  .text              ro code  0x0801b6ec    0x16  cmain.o [4]
  .text              ro code  0x0801b702     0x4  low_level_init.o [3]
  .text              ro code  0x0801b706     0x8  exit.o [3]
  .text              ro code  0x0801b710     0xa  cexit.o [4]
  .text              ro code  0x0801b71c    0x14  exit.o [5]
  .text              ro code  0x0801b730     0xc  cstartup_M.o [4]
  .text              ro code  0x0801b73c     0x4  startup_stm32f10x_cl.o [1]
  .text              ro code  0x0801b740     0x4  startup_stm32f10x_cl.o [1]
  .text              ro code  0x0801b744     0x4  startup_stm32f10x_cl.o [1]
  .text              ro code  0x0801b748     0x4  startup_stm32f10x_cl.o [1]
  .text              ro code  0x0801b74c     0x4  startup_stm32f10x_cl.o [1]
  .text              ro code  0x0801b750     0x4  startup_stm32f10x_cl.o [1]
  .text              ro code  0x0801b754     0x4  startup_stm32f10x_cl.o [1]
  .text              ro code  0x0801b758     0x4  startup_stm32f10x_cl.o [1]
  .text              ro code  0x0801b75c     0x4  startup_stm32f10x_cl.o [1]
  .text              ro code  0x0801b760     0x4  startup_stm32f10x_cl.o [1]
  .text              ro code  0x0801b764     0x4  startup_stm32f10x_cl.o [1]
  .text              ro code  0x0801b768     0x4  startup_stm32f10x_cl.o [1]
  .text              ro code  0x0801b76c     0x4  startup_stm32f10x_cl.o [1]
  .text              ro code  0x0801b770     0x4  startup_stm32f10x_cl.o [1]
  .text              ro code  0x0801b774     0x4  startup_stm32f10x_cl.o [1]
  .text              ro code  0x0801b778     0x4  startup_stm32f10x_cl.o [1]
  .text              ro code  0x0801b77c     0x4  startup_stm32f10x_cl.o [1]
  .text              ro code  0x0801b780     0x4  startup_stm32f10x_cl.o [1]
  .text              ro code  0x0801b784     0x4  startup_stm32f10x_cl.o [1]
  .text              ro code  0x0801b788     0x4  startup_stm32f10x_cl.o [1]
  .text              ro code  0x0801b78c     0x4  startup_stm32f10x_cl.o [1]
  .text              ro code  0x0801b790     0x4  startup_stm32f10x_cl.o [1]
  .text              ro code  0x0801b794     0x4  startup_stm32f10x_cl.o [1]
  .text              ro code  0x0801b798     0x4  startup_stm32f10x_cl.o [1]
  .text              ro code  0x0801b79c     0x4  startup_stm32f10x_cl.o [1]
  .text              ro code  0x0801b7a0     0x4  startup_stm32f10x_cl.o [1]
  .text              ro code  0x0801b7a4     0x4  startup_stm32f10x_cl.o [1]
  .text              ro code  0x0801b7a8     0x4  startup_stm32f10x_cl.o [1]
  .text              ro code  0x0801b7ac     0x4  startup_stm32f10x_cl.o [1]
  .text              ro code  0x0801b7b0     0x4  startup_stm32f10x_cl.o [1]
  .text              ro code  0x0801b7b4     0x4  startup_stm32f10x_cl.o [1]
  .text              ro code  0x0801b7b8     0x4  startup_stm32f10x_cl.o [1]
  .text              ro code  0x0801b7bc     0x4  startup_stm32f10x_cl.o [1]
  .text              ro code  0x0801b7c0     0x4  startup_stm32f10x_cl.o [1]
  .text              ro code  0x0801b7c4     0x4  startup_stm32f10x_cl.o [1]
  .text              ro code  0x0801b7c8     0x4  startup_stm32f10x_cl.o [1]
  .text              ro code  0x0801b7cc     0x4  startup_stm32f10x_cl.o [1]
  .text              ro code  0x0801b7d0     0x4  startup_stm32f10x_cl.o [1]
  .text              ro code  0x0801b7d4     0x4  startup_stm32f10x_cl.o [1]
  .text              ro code  0x0801b7d8     0x4  startup_stm32f10x_cl.o [1]
  .text              ro code  0x0801b7dc     0x4  startup_stm32f10x_cl.o [1]
  .text              ro code  0x0801b7e0     0x4  startup_stm32f10x_cl.o [1]
  .text              ro code  0x0801b7e4     0x4  startup_stm32f10x_cl.o [1]
  .text              ro code  0x0801b7e8     0x4  startup_stm32f10x_cl.o [1]
  .text              ro code  0x0801b7ec     0x4  startup_stm32f10x_cl.o [1]
  .text              ro code  0x0801b7f0     0x4  startup_stm32f10x_cl.o [1]
  .text              ro code  0x0801b7f4     0x4  startup_stm32f10x_cl.o [1]
  .text              ro code  0x0801b7f8     0x4  startup_stm32f10x_cl.o [1]
  .text              ro code  0x0801b7fc     0x4  startup_stm32f10x_cl.o [1]
  .text              ro code  0x0801b800     0x4  startup_stm32f10x_cl.o [1]
  .text              ro code  0x0801b804     0x4  startup_stm32f10x_cl.o [1]
  .text              ro code  0x0801b808     0x4  startup_stm32f10x_cl.o [1]
  .text              ro code  0x0801b80c     0x4  startup_stm32f10x_cl.o [1]
  .text              ro code  0x0801b810     0x4  startup_stm32f10x_cl.o [1]
  .text              ro code  0x0801b814     0x4  startup_stm32f10x_cl.o [1]
  .text              ro code  0x0801b818     0x4  startup_stm32f10x_cl.o [1]
  .text              ro code  0x0801b81c     0x4  startup_stm32f10x_cl.o [1]
  .text              ro code  0x0801b820     0x4  startup_stm32f10x_cl.o [1]
  .text              ro code  0x0801b824     0x4  startup_stm32f10x_cl.o [1]
  .text              ro code  0x0801b828     0x4  startup_stm32f10x_cl.o [1]
  .text              ro code  0x0801b82c     0x4  startup_stm32f10x_cl.o [1]
  .text              ro code  0x0801b830     0x4  startup_stm32f10x_cl.o [1]
  .text              ro code  0x0801b834     0x4  startup_stm32f10x_cl.o [1]
  .text              ro code  0x0801b838     0x4  startup_stm32f10x_cl.o [1]
  .text              ro code  0x0801b83c     0x4  startup_stm32f10x_cl.o [1]
  .text              ro code  0x0801b840     0x4  startup_stm32f10x_cl.o [1]
  .text              ro code  0x0801b844     0x4  startup_stm32f10x_cl.o [1]
  .text              ro code  0x0801b848     0x4  startup_stm32f10x_cl.o [1]
  .text              ro code  0x0801b84c     0x4  startup_stm32f10x_cl.o [1]
  .text              ro code  0x0801b850     0x4  startup_stm32f10x_cl.o [1]
  Initializer bytes  ro data  0x0801b854    0x2c  <for P2 s0>
                            - 0x0801b880  0xb730

"P2", part 1 of 3:                          0x2c
  P2 s0                       0x20000000    0x2c  <Init block>
    .data            inited   0x20000000    0x10  stm32f10x_rcc.o [1]
    .data            inited   0x20000010     0x4  can_bus.o [1]
    .data            inited   0x20000014     0x4  fun.o [1]
    .data            inited   0x20000018     0x4  stm32f10x_rcc.o [1]
    .data            inited   0x2000001c     0x4  tcp.o [1]
    .data            inited   0x20000020     0x2  main.o [1]
    .data            inited   0x20000022     0x2  photo.o [1]
    .data            inited   0x20000024     0x2  photo.o [1]
    .data            inited   0x20000026     0x2  photo.o [1]
    .data            inited   0x20000028     0x1  TCPclient.o [1]
    .data            inited   0x20000029     0x1  fun.o [1]
    .data            inited   0x2000002a     0x1  moto.o [1]
                            - 0x2000002c    0x2c

"P2", part 2 of 3:                        0xe73c
  .bss               zero     0x2000002c  0x3f40  memp.o [1]
  .bss               zero     0x20003f6c  0x3c14  mem.o [1]
  .bss               zero     0x20007b80  0x17c0  ethernetif.o [1]
  .bss               zero     0x20009340  0x14ec  fun.o [1]
  .bss               zero     0x2000a82c  0x1418  TCPclient.o [1]
  .bss               zero     0x2000bc44   0xbe0  ethernetif.o [1]
  .bss               zero     0x2000c824   0x700  can_bus.o [1]
  .bss               zero     0x2000cf24   0x5e0  ip_frag.o [1]
  .bss               zero     0x2000d504   0x400  fun.o [1]
  .bss               zero     0x2000d904   0x3e8  zongxian.o [1]
  .bss               zero     0x2000dcec   0x100  moto.o [1]
  .bss               zero     0x2000ddec    0xdc  fun.o [1]
  .bss               zero     0x2000dec8    0xdc  fun.o [1]
  .bss               zero     0x2000dfa4    0xcc  fun.o [1]
  .bss               zero     0x2000e070    0xc8  etharp.o [1]
  .bss               zero     0x2000e138    0xc8  fun.o [1]
  .bss               zero     0x2000e200    0xbc  stm32f107.o [1]
  .bss               zero     0x2000e2bc    0xa0  photo.o [1]
  .bss               zero     0x2000e35c    0x50  photo.o [1]
  .bss               zero     0x2000e3ac    0x40  ethernetif.o [1]
  .bss               zero     0x2000e3ec    0x34  zongxian.o [1]
  .bss               zero     0x2000e420    0x34  zongxian.o [1]
  .bss               zero     0x2000e454    0x34  zongxian.o [1]
  .bss               zero     0x2000e488    0x30  netconf.o [1]
  .bss               zero     0x2000e4b8    0x28  gndfun.o [1]
  .bss               zero     0x2000e4e0    0x28  stm32_eth.o [1]
  .bss               zero     0x2000e508    0x24  memp.o [1]
  .bss               zero     0x2000e52c    0x20  ethernetif.o [1]
  .bss               zero     0x2000e54c    0x20  photo.o [1]
  .bss               zero     0x2000e56c    0x14  fun.o [1]
  .bss               zero     0x2000e580    0x14  moto.o [1]
  .bss               zero     0x2000e594    0x14  moto.o [1]
  .bss               zero     0x2000e5a8    0x14  tcp_in.o [1]
  .bss               zero     0x2000e5bc    0x10  fun.o [1]
  .bss               zero     0x2000e5cc    0x10  photo.o [1]
  .bss               zero     0x2000e5dc    0x10  photo.o [1]
  .bss               zero     0x2000e5ec    0x10  photo.o [1]
  .bss               zero     0x2000e5fc     0xc  can_bus.o [1]
  .bss               zero     0x2000e608     0xc  can_bus.o [1]
  .bss               zero     0x2000e614     0xc  fun.o [1]
  .bss               zero     0x2000e620     0xc  fun.o [1]
  .bss               zero     0x2000e62c     0xc  gndfun.o [1]
  .bss               zero     0x2000e638     0xc  photo.o [1]
  .bss               zero     0x2000e644     0xc  photo.o [1]
  .bss               zero     0x2000e650     0xc  photo.o [1]
  .bss               zero     0x2000e65c     0x8  ethernetif.o [1]
  .bss               zero     0x2000e664     0x8  fun.o [1]
  .bss               zero     0x2000e66c     0x8  gndfun.o [1]
  .bss               zero     0x2000e674     0x8  photo.o [1]
  .bss               zero     0x2000e67c     0x8  stm32_eth.o [1]
  .bss               zero     0x2000e684     0x4  can_bus.o [1]
  .bss               zero     0x2000e688     0x4  fun.o [1]
  .bss               zero     0x2000e68c     0x4  fun.o [1]
  .bss               zero     0x2000e690     0x4  fun.o [1]
  .bss               zero     0x2000e694     0x4  fun.o [1]
  .bss               zero     0x2000e698     0x4  fun.o [1]
  .bss               zero     0x2000e69c     0x4  ip.o [1]
  .bss               zero     0x2000e6a0     0x4  ip.o [1]
  .bss               zero     0x2000e6a4     0x4  ip_frag.o [1]
  .bss               zero     0x2000e6a8     0x4  main.o [1]
  .bss               zero     0x2000e6ac     0x4  mem.o [1]
  .bss               zero     0x2000e6b0     0x4  mem.o [1]
  .bss               zero     0x2000e6b4     0x4  mem.o [1]
  .bss               zero     0x2000e6b8     0x4  netconf.o [1]
  .bss               zero     0x2000e6bc     0x4  netif.o [1]
  .bss               zero     0x2000e6c0     0x4  netif.o [1]
  .bss               zero     0x2000e6c4     0x4  raw.o [1]
  .bss               zero     0x2000e6c8     0x4  stm32_eth.o [1]
  .bss               zero     0x2000e6cc     0x4  stm32_eth.o [1]
  .bss               zero     0x2000e6d0     0x4  stm32f107.o [1]
  .bss               zero     0x2000e6d4     0x4  stm32f107.o [1]
  .bss               zero     0x2000e6d8     0x4  tcp.o [1]
  .bss               zero     0x2000e6dc     0x4  tcp.o [1]
  .bss               zero     0x2000e6e0     0x4  tcp.o [1]
  .bss               zero     0x2000e6e4     0x4  tcp.o [1]
  .bss               zero     0x2000e6e8     0x4  tcp.o [1]
  .bss               zero     0x2000e6ec     0x4  tcp.o [1]
  .bss               zero     0x2000e6f0     0x4  tcp_in.o [1]
  .bss               zero     0x2000e6f4     0x4  tcp_in.o [1]
  .bss               zero     0x2000e6f8     0x4  tcp_in.o [1]
  .bss               zero     0x2000e6fc     0x4  tcp_in.o [1]
  .bss               zero     0x2000e700     0x4  tcp_in.o [1]
  .bss               zero     0x2000e704     0x4  tcp_in.o [1]
  .bss               zero     0x2000e708     0x4  udp.o [1]
  .bss               zero     0x2000e70c     0x2  TCPclient.o [1]
  .bss               zero     0x2000e70e     0x2  can_bus.o [1]
  .bss               zero     0x2000e710     0x2  can_bus.o [1]
  .bss               zero     0x2000e712     0x2  gndfun.o [1]
  .bss               zero     0x2000e714     0x2  guangdian.o [1]
  .bss               zero     0x2000e716     0x2  guangdian.o [1]
  .bss               zero     0x2000e718     0x2  guangdian.o [1]
  .bss               zero     0x2000e71a     0x2  ip.o [1]
  .bss               zero     0x2000e71c     0x2  ip_frag.o [1]
  .bss               zero     0x2000e71e     0x2  main.o [1]
  .bss               zero     0x2000e720     0x2  main.o [1]
  .bss               zero     0x2000e722     0x2  main.o [1]
  .bss               zero     0x2000e724     0x2  main.o [1]
  .bss               zero     0x2000e726     0x2  moto.o [1]
  .bss               zero     0x2000e728     0x2  photo.o [1]
  .bss               zero     0x2000e72a     0x2  photo.o [1]
  .bss               zero     0x2000e72c     0x2  photo.o [1]
  .bss               zero     0x2000e72e     0x2  tcp_in.o [1]
  .bss               zero     0x2000e730     0x2  zongxian.o [1]
  .bss               zero     0x2000e732     0x2  zongxian.o [1]
  .bss               zero     0x2000e734     0x2  zongxian.o [1]
  .bss               zero     0x2000e736     0x1  TCPclient.o [1]
  .bss               zero     0x2000e737     0x1  can_bus.o [1]
  .bss               zero     0x2000e738     0x1  can_bus.o [1]
  .bss               zero     0x2000e739     0x1  can_bus.o [1]
  .bss               zero     0x2000e73a     0x1  can_bus.o [1]
  .bss               zero     0x2000e73b     0x1  can_bus.o [1]
  .bss               zero     0x2000e73c     0x1  can_bus.o [1]
  .bss               zero     0x2000e73d     0x1  can_bus.o [1]
  .bss               zero     0x2000e73e     0x1  etharp.o [1]
  .bss               zero     0x2000e73f     0x1  fun.o [1]
  .bss               zero     0x2000e740     0x1  fun.o [1]
  .bss               zero     0x2000e741     0x1  fun.o [1]
  .bss               zero     0x2000e742     0x1  gndfun.o [1]
  .bss               zero     0x2000e743     0x1  gndfun.o [1]
  .bss               zero     0x2000e744     0x1  guangdian.o [1]
  .bss               zero     0x2000e745     0x1  guangdian.o [1]
  .bss               zero     0x2000e746     0x1  main.o [1]
  .bss               zero     0x2000e747     0x1  main.o [1]
  .bss               zero     0x2000e748     0x1  main.o [1]
  .bss               zero     0x2000e749     0x1  main.o [1]
  .bss               zero     0x2000e74a     0x1  main.o [1]
  .bss               zero     0x2000e74b     0x1  main.o [1]
  .bss               zero     0x2000e74c     0x1  main.o [1]
  .bss               zero     0x2000e74d     0x1  mem.o [1]
  .bss               zero     0x2000e74e     0x1  moto.o [1]
  .bss               zero     0x2000e74f     0x1  moto.o [1]
  .bss               zero     0x2000e750     0x1  moto.o [1]
  .bss               zero     0x2000e751     0x1  moto.o [1]
  .bss               zero     0x2000e752     0x1  moto.o [1]
  .bss               zero     0x2000e753     0x1  moto.o [1]
  .bss               zero     0x2000e754     0x1  moto.o [1]
  .bss               zero     0x2000e755     0x1  moto.o [1]
  .bss               zero     0x2000e756     0x1  moto.o [1]
  .bss               zero     0x2000e757     0x1  moto.o [1]
  .bss               zero     0x2000e758     0x1  moto.o [1]
  .bss               zero     0x2000e759     0x1  moto.o [1]
  .bss               zero     0x2000e75a     0x1  netif.o [1]
  .bss               zero     0x2000e75b     0x1  photo.o [1]
  .bss               zero     0x2000e75c     0x1  photo.o [1]
  .bss               zero     0x2000e75d     0x1  tcp_in.o [1]
  .bss               zero     0x2000e75e     0x1  tcp_in.o [1]
  .bss               zero     0x2000e75f     0x1  zongxian.o [1]
  .bss               zero     0x2000e760     0x1  zongxian.o [1]
                            - 0x2000e761  0xe735

"P2", part 3 of 3:                         0x800
  CSTACK                      0x2000e768   0x800  <Block>
    CSTACK           uninit   0x2000e768   0x800  <Block tail>
                            - 0x2000ef68   0x800


*******************************************************************************
*** INIT TABLE
***

          Address     Size
          -------     ----
Zero (__iar_zero_init3)
    1 destination range, total size 0xe735:
          0x2000002c  0xe735

Copy (__iar_copy_init3)
    1 source range, total size 0x2c (102% of destination):
          0x0801b854    0x2c
    1 destination range, total size 0x2b:
          0x20000000    0x2b


*******************************************************************************
*** MODULE SUMMARY
***

    Module                  ro code  ro data  rw data
    ------                  -------  -------  -------
E:\car_item_v1\normal16car\car_control_v1.2.7.7_20230512\IP110\master___CAR_CTRL_PROJECT_v1.2.7.7_20230111\master___CAR_CTRL_PROJECT_v1.2.3.2_T211116\Project\EWARMv5_iap\STM3210C-EVAL\Obj: [1]
    TCPclient.o               1 228        1    5 148
    can_bus.o                 1 140        4    1 835
    etharp.o                  2 588               201
    ethernetif.o                720             9 224
    fun.o                     5 256        5    7 320
    gndfun.o                  1 344                64
    guangdian.o                 572                 8
    icmp.o                      504
    inet.o                       54
    inet_chksum.o               172
    ip.o                        872                10
    ip_addr.o                    84
    ip_frag.o                 1 496             1 510
    main.o                    1 532        2       21
    mem.o                       868            15 393
    memp.o                      228            16 228
    misc.o                      152
    moto.o                    3 772        1      311
    netconf.o                   184                52
    netif.o                     320                 9
    pbuf.o                    1 398
    photo.o                   2 860        6      378
    raw.o                       136                 4
    startup_stm32f10x_cl.o      616
    stm32_eth.o               2 302                56
    stm32f107.o               2 302               196
    stm32f10x_bkp.o              32
    stm32f10x_can.o           1 318
    stm32f10x_dma.o             512
    stm32f10x_gpio.o            388
    stm32f10x_it.o              556
    stm32f10x_rcc.o             488       20       20
    stm32f10x_tim.o              54
    stm32f10x_usart.o           432
    system_stm32f10x.o          408
    tcp.o                     1 212        4       28
    tcp_in.o                  4 944                48
    tcp_out.o                 2 426
    udp.o                     1 024                 4
    zongxian.o                  232             1 164
    -------------------------------------------------
    Total:                   46 726       43   59 232

command line: [2]
    -------------------------------------------------
    Total:

dl7M_tlf.a: [3]
    exit.o                        8
    low_level_init.o              4
    -------------------------------------------------
    Total:                       12

rt7M_tl.a: [4]
    ABImemcpy.o                 112
    ABImemset.o                 102
    cexit.o                      10
    cmain.o                      22
    copy_init3.o                 46
    cstartup_M.o                 12
    data_init3.o                 44
    zero_init3.o                 34
    -------------------------------------------------
    Total:                      382

shb_l.a: [5]
    exit.o                       20
    -------------------------------------------------
    Total:                       20

    Gaps                         12                 1
    Linker created                        37    2 048
-----------------------------------------------------
    Grand Total:             47 152       80   61 281


*******************************************************************************
*** ENTRY LIST
***

Entry                      Address    Size  Type      Object
-----                      -------    ----  ----      ------
?main                   0x0801b6ed          Code  Gb  cmain.o [4]
ADC1_2_IRQHandler       0x0801b7a9          Code  Wk  startup_stm32f10x_cl.o [1]
ADCPrescTable           0x20000018     0x4  Data  Lc  stm32f10x_rcc.o [1]
APBAHBPrescTable        0x20000000    0x10  Data  Lc  stm32f10x_rcc.o [1]
ARPTimer                0x2000e6b8     0x4  Data  Gb  netconf.o [1]
AddSendMsgToQueue       0x08010205    0x10  Code  Gb  fun.o [1]
BKP_WriteBackupRegister
                        0x08011649    0x1c  Code  Gb  stm32f10x_bkp.o [1]
BusFault_Handler        0x0801b461     0x8  Code  Gb  stm32f10x_it.o [1]
CAN1_RX0_IRQHandler     0x0801b5eb    0x2c  Code  Gb  stm32f10x_it.o [1]
CAN1_RX1_IRQHandler     0x0801b7b5          Code  Wk  startup_stm32f10x_cl.o [1]
CAN1_SCE_IRQHandler     0x0801b7b9          Code  Wk  startup_stm32f10x_cl.o [1]
CAN1_TX_IRQHandler      0x0801b7ad          Code  Wk  startup_stm32f10x_cl.o [1]
CAN2_RX0_IRQHandler     0x0801b845          Code  Wk  startup_stm32f10x_cl.o [1]
CAN2_RX1_IRQHandler     0x0801b849          Code  Wk  startup_stm32f10x_cl.o [1]
CAN2_SCE_IRQHandler     0x0801b84d          Code  Wk  startup_stm32f10x_cl.o [1]
CAN2_TX_IRQHandler      0x0801b841          Code  Wk  startup_stm32f10x_cl.o [1]
CAN_ClearITPendingBit   0x08013d15    0x96  Code  Gb  stm32f10x_can.o [1]
CAN_Configuration       0x08019583    0xaa  Code  Gb  stm32f107.o [1]
CAN_DeInit              0x08013885    0x34  Code  Gb  stm32f10x_can.o [1]
CAN_FIFORelease         0x08013c2b    0x12  Code  Gb  stm32f10x_can.o [1]
CAN_FilterInit          0x080139c9    0xe2  Code  Gb  stm32f10x_can.o [1]
CAN_ITConfig            0x08013af5    0x18  Code  Gb  stm32f10x_can.o [1]
CAN_Init                0x080138b9   0x110  Code  Gb  stm32f10x_can.o [1]
CAN_Receive             0x08013c3d    0xd8  Code  Gb  stm32f10x_can.o [1]
CAN_StructInit          0x08013aab    0x2e  Code  Gb  stm32f10x_can.o [1]
CAN_Transmit            0x08013b0d   0x11e  Code  Gb  stm32f10x_can.o [1]
CSTACK$$Base            0x2000e768           --   Gb  - Linker created -
CSTACK$$Limit           0x2000ef68           --   Gb  - Linker created -
DEBUG_recv_flag         0x2000e747     0x1  Data  Gb  main.o [1]
DMA1_Channel1_IRQHandler
                        0x0801b78d          Code  Wk  startup_stm32f10x_cl.o [1]
DMA1_Channel2_IRQHandler
                        0x0801b791          Code  Wk  startup_stm32f10x_cl.o [1]
DMA1_Channel3_IRQHandler
                        0x0801b795          Code  Wk  startup_stm32f10x_cl.o [1]
DMA1_Channel4_IRQHandler
                        0x0801b4bd    0x2c  Code  Gb  stm32f10x_it.o [1]
DMA1_Channel5_IRQHandler
                        0x0801b79d          Code  Wk  startup_stm32f10x_cl.o [1]
DMA1_Channel6_IRQHandler
                        0x0801b7a1          Code  Wk  startup_stm32f10x_cl.o [1]
DMA1_Channel7_IRQHandler
                        0x0801b7a5          Code  Wk  startup_stm32f10x_cl.o [1]
DMA2_Channel1_IRQHandler
                        0x0801b825          Code  Wk  startup_stm32f10x_cl.o [1]
DMA2_Channel2_IRQHandler
                        0x0801b829          Code  Wk  startup_stm32f10x_cl.o [1]
DMA2_Channel3_IRQHandler
                        0x0801b82d          Code  Wk  startup_stm32f10x_cl.o [1]
DMA2_Channel4_IRQHandler
                        0x0801b831          Code  Wk  startup_stm32f10x_cl.o [1]
DMA2_Channel5_IRQHandler
                        0x0801b49b    0x22  Code  Gb  stm32f10x_it.o [1]
DMARxDescToGet          0x2000e6cc     0x4  Data  Gb  stm32_eth.o [1]
DMARxDscrTab            0x2000e3ac    0x40  Data  Gb  ethernetif.o [1]
DMATxDescToSet          0x2000e6c8     0x4  Data  Gb  stm32_eth.o [1]
DMATxDscrTab            0x2000e52c    0x20  Data  Gb  ethernetif.o [1]
DMA_ClearFlag           0x0801380d    0x10  Code  Gb  stm32f10x_dma.o [1]
DMA_Cmd                 0x080137cd    0x1c  Code  Gb  stm32f10x_dma.o [1]
DMA_Configuration       0x0801941b   0x168  Code  Gb  stm32f107.o [1]
DMA_DeInit              0x08013685   0x10a  Code  Gb  stm32f10x_dma.o [1]
DMA_GetCurrDataCounter  0x08013807     0x6  Code  Gb  stm32f10x_dma.o [1]
DMA_GetITStatus         0x0801381d    0x22  Code  Gb  stm32f10x_dma.o [1]
DMA_ITConfig            0x080137e9    0x18  Code  Gb  stm32f10x_dma.o [1]
DMA_Init                0x0801378f    0x3e  Code  Gb  stm32f10x_dma.o [1]
DMA_SetCurrDataCounter  0x08013801     0x6  Code  Gb  stm32f10x_dma.o [1]
DebugMon_Handler        0x0801b473     0x2  Code  Gb  stm32f10x_it.o [1]
Debug_recv_buff         0x2000e3ec    0x34  Data  Gb  zongxian.o [1]
Debug_recv_buff_shadow  0x2000e420    0x34  Data  Gb  zongxian.o [1]
Debug_recv_count        0x2000e75f     0x1  Data  Gb  zongxian.o [1]
Debug_send_buff         0x2000e454    0x34  Data  Gb  zongxian.o [1]
ETH_DMAITConfig         0x08019243    0x28  Code  Gb  stm32_eth.o [1]
ETH_DMAReceptionCmd     0x08019221    0x22  Code  Gb  stm32_eth.o [1]
ETH_DMARxDescChainInit  0x0801912b    0x4c  Code  Gb  stm32_eth.o [1]
ETH_DMARxDescReceiveITConfig
                        0x08019189    0x1a  Code  Gb  stm32_eth.o [1]
ETH_DMATransmissionCmd  0x080191ff    0x22  Code  Gb  stm32_eth.o [1]
ETH_DMATxDescChainInit  0x080190dd    0x46  Code  Gb  stm32_eth.o [1]
ETH_DMATxDescChecksumInsertionConfig
                        0x08019123     0x8  Code  Gb  stm32_eth.o [1]
ETH_DeInit              0x08018a45    0x18  Code  Gb  stm32_eth.o [1]
ETH_Delay               0x080192c1    0x1e  Code  Lc  stm32_eth.o [1]
ETH_FlushTransmitFIFO   0x080191f1     0xe  Code  Gb  stm32_eth.o [1]
ETH_GetCurrentTxBuffer  0x0801b3ff     0x8  Code  Gb  ethernetif.o [1]
ETH_GetDMARxDescFrameLength
                        0x08019181     0x8  Code  Gb  stm32_eth.o [1]
ETH_GetRxPktSize        0x08018f63    0x26  Code  Gb  stm32_eth.o [1]
ETH_GetSoftwareResetStatus
                        0x080191c5    0x16  Code  Gb  stm32_eth.o [1]
ETH_IRQHandler          0x0801b839          Code  Wk  startup_stm32f10x_cl.o [1]
ETH_Init                0x08018a5d   0x3fc  Code  Gb  stm32_eth.o [1]
ETH_InitStructure       0x2000e200    0xbc  Data  Gb  stm32f107.o [1]
ETH_MACAddressConfig    0x080190b3    0x2a  Code  Gb  stm32_eth.o [1]
ETH_MACReceptionCmd     0x08019089    0x2a  Code  Gb  stm32_eth.o [1]
ETH_MACTransmissionCmd  0x0801905f    0x2a  Code  Gb  stm32_eth.o [1]
ETH_ReadPHYRegister     0x08018f89    0x6a  Code  Gb  stm32_eth.o [1]
ETH_RxPkt_ChainMode     0x0801b31b    0x88  Code  Gb  ethernetif.o [1]
ETH_SoftwareReset       0x080191a3    0x12  Code  Gb  stm32_eth.o [1]
ETH_Start               0x08018f43    0x20  Code  Gb  stm32_eth.o [1]
ETH_StructInit          0x08018e59    0xea  Code  Gb  stm32_eth.o [1]
ETH_TxPkt_ChainMode     0x0801b3a3    0x5c  Code  Gb  ethernetif.o [1]
ETH_WKUP_IRQHandler     0x0801b83d          Code  Wk  startup_stm32f10x_cl.o [1]
ETH_WritePHYRegister    0x08018ff3    0x6c  Code  Gb  stm32_eth.o [1]
EXTI0_IRQHandler        0x0801b779          Code  Wk  startup_stm32f10x_cl.o [1]
EXTI15_10_IRQHandler    0x0801b801          Code  Wk  startup_stm32f10x_cl.o [1]
EXTI1_IRQHandler        0x0801b77d          Code  Wk  startup_stm32f10x_cl.o [1]
EXTI2_IRQHandler        0x0801b781          Code  Wk  startup_stm32f10x_cl.o [1]
EXTI3_IRQHandler        0x0801b785          Code  Wk  startup_stm32f10x_cl.o [1]
EXTI4_IRQHandler        0x0801b789          Code  Wk  startup_stm32f10x_cl.o [1]
EXTI9_5_IRQHandler      0x0801b5e9     0x2  Code  Gb  stm32f10x_it.o [1]
EthInitStatus           0x2000e6d0     0x4  Data  Gb  stm32f107.o [1]
Ethernet_Configuration  0x08019689   0x140  Code  Gb  stm32f107.o [1]
FLASH_IRQHandler        0x0801b771          Code  Wk  startup_stm32f10x_cl.o [1]
GPIO_Configuration      0x080197c9   0x2b4  Code  Gb  stm32f107.o [1]
GPIO_ETH_MediaInterfaceConfig
                        0x08013675     0x6  Code  Gb  stm32f10x_gpio.o [1]
GPIO_Init               0x08013501    0xcc  Code  Gb  stm32f10x_gpio.o [1]
GPIO_PinRemapConfig     0x08013605    0x70  Code  Gb  stm32f10x_gpio.o [1]
GPIO_ReadInputDataBit   0x080135cd    0x16  Code  Gb  stm32f10x_gpio.o [1]
GPIO_ReadOutputDataBit  0x080135e3    0x16  Code  Gb  stm32f10x_gpio.o [1]
GPIO_ResetBits          0x080135ff     0x6  Code  Gb  stm32f10x_gpio.o [1]
GPIO_SetBits            0x080135f9     0x6  Code  Gb  stm32f10x_gpio.o [1]
GetSendMsgFromQueue     0x08010215     0xc  Code  Gb  fun.o [1]
HardFault_Handler       0x0801b451     0x8  Code  Gb  stm32f10x_it.o [1]
I2C1_ER_IRQHandler      0x0801b7e1          Code  Wk  startup_stm32f10x_cl.o [1]
I2C1_EV_IRQHandler      0x0801b7dd          Code  Wk  startup_stm32f10x_cl.o [1]
I2C2_ER_IRQHandler      0x0801b7e9          Code  Wk  startup_stm32f10x_cl.o [1]
I2C2_EV_IRQHandler      0x0801b7e5          Code  Wk  startup_stm32f10x_cl.o [1]
INPUT2_count            0x2000e714     0x2  Data  Gb  guangdian.o [1]
INPUT2_count_error      0x2000e718     0x2  Data  Gb  guangdian.o [1]
InitSendMsgQueue        0x080101f7     0xe  Code  Gb  fun.o [1]
Isphotovalue            0x20000029     0x1  Data  Gb  fun.o [1]
Isplcvalue              0x2000e741     0x1  Data  Gb  fun.o [1]
Load_info_t             0x2000ddec    0xdc  Data  Gb  fun.o [1]
LocalTime               0x2000e6a8     0x4  Data  Gb  main.o [1]
LwIP_Init               0x0801aafd    0x78  Code  Gb  netconf.o [1]
LwIP_Periodic_Handle    0x0801ab7f    0x1e  Code  Gb  netconf.o [1]
LwIP_Pkt_Handle         0x0801ab75     0xa  Code  Gb  netconf.o [1]
MACaddr                 0x2000e65c     0x8  Data  Gb  ethernetif.o [1]
MOTO_MAX_COUNT          0x2000e74f     0x1  Data  Gb  moto.o [1]
MemManage_Handler       0x0801b459     0x8  Code  Gb  stm32f10x_it.o [1]
NMI_Handler             0x0801b44f     0x2  Code  Gb  stm32f10x_it.o [1]
NVIC_Configuration      0x08019af5    0xea  Code  Gb  stm32f107.o [1]
NVIC_Init               0x08019f33    0x66  Code  Gb  misc.o [1]
NVIC_PriorityGroupConfig
                        0x08019f29     0xa  Code  Gb  misc.o [1]
NVIC_SetPriority        0x080192e1    0x26  Code  Lc  stm32f107.o [1]
NVIC_SetVectorTable     0x08019f99     0xc  Code  Gb  misc.o [1]
NVIC_SystemReset        0x08010151    0x1c  Code  Lc  fun.o [1]
NVIC_SystemReset        0x0801b439    0x16  Code  Lc  stm32f10x_it.o [1]
OTG_FS_IRQHandler       0x0801b851          Code  Wk  startup_stm32f10x_cl.o [1]
OTG_FS_WKUP_IRQHandler  0x0801b809          Code  Wk  startup_stm32f10x_cl.o [1]
PVD_IRQHandler          0x0801b765          Code  Wk  startup_stm32f10x_cl.o [1]
PendSV_Handler          0x0801b475     0x2  Code  Gb  stm32f10x_it.o [1]
Photoeletricity_Process
                        0x08013dcd   0x23c  Code  Gb  guangdian.o [1]
RCC_AHBPeriphClockCmd   0x08014115    0x20  Code  Gb  stm32f10x_rcc.o [1]
RCC_AHBPeriphResetCmd   0x08014175    0x20  Code  Gb  stm32f10x_rcc.o [1]
RCC_APB1PeriphClockCmd  0x08014155    0x20  Code  Gb  stm32f10x_rcc.o [1]
RCC_APB1PeriphResetCmd  0x08014195    0x20  Code  Gb  stm32f10x_rcc.o [1]
RCC_APB2PeriphClockCmd  0x08014135    0x20  Code  Gb  stm32f10x_rcc.o [1]
RCC_GetClocksFreq       0x08014009   0x10c  Code  Gb  stm32f10x_rcc.o [1]
RCC_IRQHandler          0x0801b775          Code  Wk  startup_stm32f10x_cl.o [1]
RCC_MCOConfig           0x080141b5     0x6  Code  Gb  stm32f10x_rcc.o [1]
RTCAlarm_IRQHandler     0x0801b805          Code  Wk  startup_stm32f10x_cl.o [1]
RTC_IRQHandler          0x0801b76d          Code  Wk  startup_stm32f10x_cl.o [1]
Region$$Table$$Base     0x0801b6c8           --   Gb  - Linker created -
Region$$Table$$Limit    0x0801b6ec           --   Gb  - Linker created -
Rx_Buff                 0x20007b80  0x17c0  Data  Gb  ethernetif.o [1]
SPI1_IRQHandler         0x0801b7ed          Code  Wk  startup_stm32f10x_cl.o [1]
SPI2_IRQHandler         0x0801b7f1          Code  Wk  startup_stm32f10x_cl.o [1]
SPI3_IRQHandler         0x0801b811          Code  Wk  startup_stm32f10x_cl.o [1]
SVC_Handler             0x0801b471     0x2  Code  Gb  stm32f10x_it.o [1]
SetSysClock             0x08019def     0x8  Code  Lc  system_stm32f10x.o [1]
SetSysClockTo72         0x08019df7   0x10e  Code  Lc  system_stm32f10x.o [1]
Set_MAC_Address         0x0801b169    0x30  Code  Gb  ethernetif.o [1]
SysTick_Config          0x08019307    0x36  Code  Lc  stm32f107.o [1]
SysTick_Handler         0x0801b477     0x8  Code  Gb  stm32f10x_it.o [1]
SystemInit              0x08019d91    0x5e  Code  Gb  system_stm32f10x.o [1]
System_Setup            0x0801962d    0x5c  Code  Gb  stm32f107.o [1]
TAMPER_IRQHandler       0x0801b769          Code  Wk  startup_stm32f10x_cl.o [1]
TCP_send_dely           0x2000e736     0x1  Data  Gb  TCPclient.o [1]
TIM1_BRK_IRQHandler     0x0801b7c1          Code  Wk  startup_stm32f10x_cl.o [1]
TIM1_CC_IRQHandler      0x0801b7cd          Code  Wk  startup_stm32f10x_cl.o [1]
TIM1_TRG_COM_IRQHandler
                        0x0801b7c9          Code  Wk  startup_stm32f10x_cl.o [1]
TIM1_UP_IRQHandler      0x0801b7c5          Code  Wk  startup_stm32f10x_cl.o [1]
TIM2_IRQHandler         0x0801b47f    0x1c  Code  Gb  stm32f10x_it.o [1]
TIM3_IRQHandler         0x0801b7d5          Code  Wk  startup_stm32f10x_cl.o [1]
TIM4_IRQHandler         0x0801b7d9          Code  Wk  startup_stm32f10x_cl.o [1]
TIM5_IRQHandler         0x0801b80d          Code  Wk  startup_stm32f10x_cl.o [1]
TIM6_IRQHandler         0x0801b81d          Code  Wk  startup_stm32f10x_cl.o [1]
TIM7_IRQHandler         0x0801b821          Code  Wk  startup_stm32f10x_cl.o [1]
TIM_ClearITPendingBit   0x0801b693     0x8  Code  Gb  stm32f10x_tim.o [1]
TIM_GetITStatus         0x0801b665    0x2e  Code  Gb  stm32f10x_tim.o [1]
Time_Update             0x0801a32d    0xa6  Code  Gb  main.o [1]
Tx_Buff                 0x2000bc44   0xbe0  Data  Gb  ethernetif.o [1]
UART4_IRQHandler        0x0801b4e9    0x78  Code  Gb  stm32f10x_it.o [1]
UART5_IRQHandler        0x0801b819          Code  Wk  startup_stm32f10x_cl.o [1]
USART1_IRQHandler       0x0801b563    0x86  Code  Gb  stm32f10x_it.o [1]
USART2_IRQHandler       0x0801b561     0x2  Code  Gb  stm32f10x_it.o [1]
USART3_IRQHandler       0x0801b7fd          Code  Wk  startup_stm32f10x_cl.o [1]
USART_ClearFlag         0x08019cff     0xc  Code  Gb  stm32f10x_usart.o [1]
USART_ClearITPendingBit
                        0x08019d6f    0x22  Code  Gb  stm32f10x_usart.o [1]
USART_Cmd               0x08019c79    0x1c  Code  Gb  stm32f10x_usart.o [1]
USART_Configuration     0x08019357    0xc4  Code  Gb  stm32f107.o [1]
USART_DMACmd            0x08019ce7    0x18  Code  Gb  stm32f10x_usart.o [1]
USART_GetITStatus       0x08019d0b    0x64  Code  Gb  stm32f10x_usart.o [1]
USART_ITConfig          0x08019c95    0x52  Code  Gb  stm32f10x_usart.o [1]
USART_Init              0x08019be1    0x90  Code  Gb  stm32f10x_usart.o [1]
Unload_info_t           0x2000dec8    0xdc  Data  Gb  fun.o [1]
UsageFault_Handler      0x0801b469     0x8  Code  Gb  stm32f10x_it.o [1]
WCS_ACK_timer           0x2000e70c     0x2  Data  Gb  TCPclient.o [1]
WCS_reply_timer_out     0x2000e73f     0x1  Data  Gb  fun.o [1]
WIFI_test               0x2000e688     0x4  Data  Gb  fun.o [1]
WWDG_IRQHandler         0x0801b761          Code  Wk  startup_stm32f10x_cl.o [1]
XIAOCHE_GROUP_NUM       0x2000e74e     0x1  Data  Gb  moto.o [1]
XIAOCHE_START_NUM       0x2000e726     0x2  Data  Gb  moto.o [1]
__aeabi_memcpy          0x080115d9          Code  Gb  ABImemcpy.o [4]
__aeabi_memcpy4         0x080115f3          Code  Gb  ABImemcpy.o [4]
__aeabi_memcpy8         0x080115f3          Code  Gb  ABImemcpy.o [4]
__aeabi_memset          0x0801712d          Code  Gb  ABImemset.o [4]
__cmain                 0x0801b6ed          Code  Gb  cmain.o [4]
__exit                  0x0801b71d    0x14  Code  Gb  exit.o [5]
__iar_Memset            0x0801712d          Code  Gb  ABImemset.o [4]
__iar_Memset_word       0x08017135          Code  Gb  ABImemset.o [4]
__iar_copy_init3        0x080129a7    0x2e  Code  Gb  copy_init3.o [4]
__iar_data_init3        0x0801b69d    0x2c  Code  Gb  data_init3.o [4]
__iar_program_start     0x0801b731          Code  Gb  cstartup_M.o [4]
__iar_zero_init3        0x08013dab    0x22  Code  Gb  zero_init3.o [4]
__low_level_init        0x0801b703     0x4  Code  Gb  low_level_init.o [3]
__vector_table          0x08010000          Data  Gb  startup_stm32f10x_cl.o [1]
_call_main              0x0801b6f9          Code  Gb  cmain.o [4]
_exit                   0x0801b711          Code  Gb  cexit.o [4]
_main                   0x0801b6ff          Code  Gb  cmain.o [4]
ackno                   0x2000e6fc     0x4  Data  Lc  tcp_in.o [1]
arp_table               0x2000e070    0xc8  Data  Lc  etharp.o [1]
broadcast_pthoto_over_flag
                        0x2000e746     0x1  Data  Gb  main.o [1]
buf                     0x2000cf24   0x5e0  Data  Lc  ip_frag.o [1]
can_bus_frame_receive   0x080127f7    0x70  Code  Gb  can_bus.o [1]
can_bus_send_photo_electricity
                        0x08012867    0x6c  Code  Gb  can_bus.o [1]
can_bus_send_wcs_msg    0x080128d3    0x7a  Code  Gb  can_bus.o [1]
can_resend_cnt_1        0x2000e739     0x1  Data  Gb  can_bus.o [1]
can_resend_cnt_2        0x2000e73a     0x1  Data  Gb  can_bus.o [1]
can_resend_delay_1      0x2000e737     0x1  Data  Gb  can_bus.o [1]
can_resend_delay_2      0x2000e738     0x1  Data  Gb  can_bus.o [1]
can_send_buff           0x20000010     0x4  Data  Gb  can_bus.o [1]
can_send_cnt            0x2000e74a     0x1  Data  Gb  main.o [1]
can_send_cnt_bk         0x2000e74b     0x1  Data  Gb  main.o [1]
can_send_flag_1         0x2000e73b     0x1  Data  Gb  can_bus.o [1]
can_send_flag_2         0x2000e73c     0x1  Data  Gb  can_bus.o [1]
can_send_frame_start    0x2000e73d     0x1  Data  Gb  can_bus.o [1]
can_send_timeout        0x08012711    0x8c  Code  Gb  can_bus.o [1]
can_send_tot            0x2000e70e     0x2  Data  Gb  can_bus.o [1]
canframequeue           0x2000e608     0xc  Data  Gb  can_bus.o [1]
canframequeuebuff       0x2000c824   0x700  Data  Gb  can_bus.o [1]
car2WcsOnlineData       0x2000e5bc    0x10  Data  Gb  fun.o [1]
check_car_cmd_process   0x0801059d    0x94  Code  Gb  fun.o [1]
check_motor_flag        0x2000e749     0x1  Data  Gb  main.o [1]
creat_udp_connect_process
                        0x0801abb5    0x96  Code  Gb  TCPclient.o [1]
cur_moto_para_num       0x2000e756     0x1  Data  Gb  moto.o [1]
current_header          0x2000e6a0     0x4  Data  Lc  ip.o [1]
current_netif           0x2000e69c     0x4  Data  Lc  ip.o [1]
enQueue                 0x0801019f    0x32  Code  Gb  fun.o [1]
etharp_arp_input        0x080183df   0x156  Code  Gb  etharp.o [1]
etharp_cached_entry     0x2000e73e     0x1  Data  Lc  etharp.o [1]
etharp_ip_input         0x080183b9    0x26  Code  Gb  etharp.o [1]
etharp_output           0x08018535    0xc0  Code  Gb  etharp.o [1]
etharp_query            0x080185f5   0x1ac  Code  Gb  etharp.o [1]
etharp_raw              0x080187a9    0xf0  Code  Lc  etharp.o [1]
etharp_request          0x08018899    0x28  Code  Gb  etharp.o [1]
etharp_send_ip          0x08018275    0x40  Code  Lc  etharp.o [1]
etharp_tmr              0x08017f41    0xba  Code  Gb  etharp.o [1]
ethbroadcast            0x08018924     0x8  Data  Gb  etharp.o [1]
ethconfig               0x2000e6d4     0x4  Data  Gb  stm32f107.o [1]
ethernet_input          0x080188c1    0x62  Code  Gb  etharp.o [1]
ethernetif_init         0x0801b2df    0x3c  Code  Gb  ethernetif.o [1]
ethernetif_input        0x0801b2ab    0x34  Code  Gb  ethernetif.o [1]
ethinit_configstruct    0x080189e1    0x64  Code  Gb  stm32_eth.o [1]
ethinitconfig           0x2000e67c     0x8  Data  Gb  stm32_eth.o [1]
ethinitdata             0x2000e4e0    0x28  Data  Gb  stm32_eth.o [1]
ethzero                 0x0801892c     0x8  Data  Gb  etharp.o [1]
exit                    0x0801b707     0x8  Code  Gb  exit.o [3]
find_entry              0x08017ffb   0x27a  Code  Lc  etharp.o [1]
flags                   0x2000e75d     0x1  Data  Lc  tcp_in.o [1]
free_etharp_q           0x08017f19    0x28  Code  Lc  etharp.o [1]
fun_head_car_position_cmd
                        0x08010dd1   0x1ae  Code  Gb  fun.o [1]
fun_heart_init          0x0801016d    0x22  Code  Gb  fun.o [1]
fun_send_slaver_heart_err_cmd
                        0x08010ff9    0x9a  Code  Gb  fun.o [1]
fun_upload_heart_err_process
                        0x080114c1    0x2c  Code  Gb  fun.o [1]
funheart                0x2000e664     0x8  Data  Gb  fun.o [1]
get_ip_para_process     0x0801af83    0xc8  Code  Gb  TCPclient.o [1]
get_load_num            0x08011a99   0x29a  Code  Gb  moto.o [1]
get_xialiao_num_process
                        0x08011863   0x236  Code  Gb  moto.o [1]
gndcnt                  0x2000e66c     0x8  Data  Gb  gndfun.o [1]
gndcntflag              0x2000e742     0x1  Data  Gb  gndfun.o [1]
gndfirstreset           0x2000e743     0x1  Data  Gb  gndfun.o [1]
gndfunmsgBuff           0x2000e4b8    0x28  Data  Gb  gndfun.o [1]
gndfunmsgQueue          0x2000e62c     0xc  Data  Gb  gndfun.o [1]
gndposcnt               0x2000e712     0x2  Data  Gb  gndfun.o [1]
gndtrig                 0x2000e5ec    0x10  Data  Gb  photo.o [1]
guangdian_error         0x2000e744     0x1  Data  Gb  guangdian.o [1]
headcarpositoon         0x2000e698     0x4  Data  Gb  fun.o [1]
heart_dely              0x20000028     0x1  Data  Gb  TCPclient.o [1]
htonl                   0x08015557    0x18  Code  Gb  inet.o [1]
htons                   0x08015541     0xc  Code  Gb  inet.o [1]
icmp_dest_unreach       0x08017e8f     0xe  Code  Gb  icmp.o [1]
icmp_input              0x08017d21   0x16e  Code  Gb  icmp.o [1]
icmp_send_response      0x08017eab    0x6e  Code  Lc  icmp.o [1]
icmp_time_exceeded      0x08017e9d     0xe  Code  Gb  icmp.o [1]
inet_chksum             0x0801897f     0xe  Code  Gb  inet_chksum.o [1]
inet_chksum_pbuf        0x0801898d    0x54  Code  Gb  inet_chksum.o [1]
initQueue               0x0801018f    0x10  Code  Gb  fun.o [1]
init_ethconfig_struct   0x0801933d    0x1a  Code  Gb  stm32f107.o [1]
inseg                   0x2000e5a8    0x14  Data  Lc  tcp_in.o [1]
ip_addr_any             0x08015b3c     0x4  Data  Gb  ip_addr.o [1]
ip_addr_isbroadcast     0x08015aed    0x50  Code  Gb  ip_addr.o [1]
ip_frag                 0x08017733   0x16a  Code  Gb  ip_frag.o [1]
ip_input                0x08016e11   0x19e  Code  Gb  ip.o [1]
ip_output               0x080170f1    0x3c  Code  Gb  ip.o [1]
ip_output_if            0x08016faf   0x12c  Code  Gb  ip.o [1]
ip_reass                0x0801758d   0x1a6  Code  Gb  ip_frag.o [1]
ip_reass_chain_frag_into_datagram_and_validate
                        0x08017453   0x13a  Code  Lc  ip_frag.o [1]
ip_reass_dequeue_datagram
                        0x0801742d    0x26  Code  Lc  ip_frag.o [1]
ip_reass_enqueue_new_datagram
                        0x080173d3    0x5a  Code  Lc  ip_frag.o [1]
ip_reass_free_complete_datagram
                        0x080172d5    0x86  Code  Lc  ip_frag.o [1]
ip_reass_pbufcount      0x2000e71c     0x2  Data  Lc  ip_frag.o [1]
ip_reass_remove_oldest_datagram
                        0x0801735b    0x78  Code  Lc  ip_frag.o [1]
ip_route                0x08016dc5    0x4c  Code  Gb  ip.o [1]
iphdr                   0x2000e6f4     0x4  Data  Lc  tcp_in.o [1]
key_value               0x2000e748     0x1  Data  Gb  main.o [1]
lfree                   0x2000e6b4     0x4  Data  Lc  mem.o [1]
low_level_init          0x0801b199    0x8c  Code  Lc  ethernetif.o [1]
low_level_input         0x0801b253    0x58  Code  Lc  ethernetif.o [1]
low_level_output        0x0801b225    0x2e  Code  Lc  ethernetif.o [1]
lwip_standard_chksum    0x08018935    0x4a  Code  Lc  inet_chksum.o [1]
main                    0x0801a249    0xe4  Code  Gb  main.o [1]
main_onems_process      0x0801a3d3   0x154  Code  Gb  main.o [1]
main_test               0x0801a149    0x18  Code  Gb  main.o [1]
max_guandian_count_u16  0x2000e720     0x2  Data  Gb  main.o [1]
mem_free                0x08016b31    0x4a  Code  Gb  mem.o [1]
mem_init                0x08016add    0x54  Code  Gb  mem.o [1]
mem_malloc              0x08016c7d   0x11e  Code  Gb  mem.o [1]
mem_realloc             0x08016b7b   0x102  Code  Gb  mem.o [1]
mem_sem                 0x2000e74d     0x1  Data  Lc  mem.o [1]
memcpy                  0x08012999     0xe  Code  Gb  tcp_out.o [1]
memp_free               0x0801608b    0x24  Code  Gb  memp.o [1]
memp_init               0x08015ffd    0x5e  Code  Gb  memp.o [1]
memp_malloc             0x0801605b    0x30  Code  Gb  memp.o [1]
memp_memory             0x2000002c  0x3f40  Data  Lc  memp.o [1]
memp_num                0x080160cc    0x14  Data  Lc  memp.o [1]
memp_sizes              0x080160b8    0x14  Data  Lc  memp.o [1]
memp_tab                0x2000e508    0x24  Data  Lc  memp.o [1]
memset                  0x08016db1    0x14  Code  Gb  udp.o [1]
moto_commu_statue       0x2000e752     0x1  Data  Gb  moto.o [1]
moto_ctr_process        0x080123fd    0xdc  Code  Gb  moto.o [1]
moto_ctr_statue         0x2000002a     0x1  Data  Gb  moto.o [1]
moto_para               0x2000dcec   0x100  Data  Gb  moto.o [1]
moto_ready_recv_process
                        0x08011669    0x28  Code  Gb  moto.o [1]
moto_recv_buff          0x2000e594    0x14  Data  Gb  moto.o [1]
moto_recv_count         0x2000e751     0x1  Data  Gb  moto.o [1]
moto_recv_now_process   0x080116d5   0x18e  Code  Gb  moto.o [1]
moto_recv_statue        0x2000e754     0x1  Data  Gb  moto.o [1]
moto_reply_count        0x2000e759     0x1  Data  Gb  moto.o [1]
moto_reply_outtimer     0x2000e758     0x1  Data  Gb  moto.o [1]
moto_send_buff          0x2000e580    0x14  Data  Gb  moto.o [1]
moto_send_count         0x2000e750     0x1  Data  Gb  moto.o [1]
moto_send_num           0x2000e753     0x1  Data  Gb  moto.o [1]
moto_send_process       0x08011691    0x44  Code  Gb  moto.o [1]
moto_start_ctr          0x2000e755     0x1  Data  Gb  moto.o [1]
moto_statue_comm_en     0x2000e745     0x1  Data  Gb  guangdian.o [1]
motor_position_reset    0x08011ddd    0x34  Code  Gb  moto.o [1]
msgQueueBuff            0x2000e138    0xc8  Data  Gb  fun.o [1]
msgSendQueue            0x2000e620     0xc  Data  Gb  fun.o [1]
msg_pack_id_cnt_u32     0x2000e684     0x4  Data  Gb  can_bus.o [1]
netif                   0x2000e488    0x30  Data  Gb  netconf.o [1]
netif_add               0x08017195    0x52  Code  Gb  netif.o [1]
netif_default           0x2000e6c0     0x4  Data  Gb  netif.o [1]
netif_is_up             0x080172cb     0xa  Code  Gb  netif.o [1]
netif_list              0x2000e6bc     0x4  Data  Gb  netif.o [1]
netif_set_addr          0x080171e7    0x20  Code  Gb  netif.o [1]
netif_set_default       0x08017289     0x6  Code  Gb  netif.o [1]
netif_set_gw            0x0801726d     0xe  Code  Gb  netif.o [1]
netif_set_ipaddr        0x08017207    0x66  Code  Gb  netif.o [1]
netif_set_netmask       0x0801727b     0xe  Code  Gb  netif.o [1]
netif_set_up            0x080172a5    0x26  Code  Gb  netif.o [1]
ntohl                   0x0801556f     0x8  Code  Gb  inet.o [1]
ntohs                   0x0801554d     0xa  Code  Gb  inet.o [1]
onems_flag              0x2000e74c     0x1  Data  Gb  main.o [1]
outQueue                0x080101d1    0x26  Code  Gb  fun.o [1]
pbuf_alloc              0x08015577   0x1ac  Code  Gb  pbuf.o [1]
pbuf_cat                0x080158cd    0x32  Code  Gb  pbuf.o [1]
pbuf_chain              0x080158ff    0x12  Code  Gb  pbuf.o [1]
pbuf_clen               0x080158af    0x12  Code  Gb  pbuf.o [1]
pbuf_copy               0x08015911    0xbe  Code  Gb  pbuf.o [1]
pbuf_copy_partial       0x080159cf    0x98  Code  Gb  pbuf.o [1]
pbuf_free               0x08015839    0x76  Code  Gb  pbuf.o [1]
pbuf_header             0x080157a5    0x94  Code  Gb  pbuf.o [1]
pbuf_realloc            0x08015723    0x82  Code  Gb  pbuf.o [1]
pbuf_ref                0x080158c1     0xc  Code  Gb  pbuf.o [1]
pbuf_take               0x08015a67    0x86  Code  Gb  pbuf.o [1]
photo_bd_cnt_buff       0x2000e650     0xc  Data  Gb  photo.o [1]
photo_deal_with_cnt_photo
                        0x0801309f   0x156  Code  Gb  photo.o [1]
photo_deal_with_reset_photo
                        0x080131f5    0x8a  Code  Gb  photo.o [1]
photo_send_buff         0x2000e5fc     0xc  Data  Gb  can_bus.o [1]
photo_send_len          0x2000e710     0x2  Data  Gb  can_bus.o [1]
photo_trig_config       0x0801327f   0x214  Code  Gb  photo.o [1]
photobdcnt              0x2000e2bc    0xa0  Data  Gb  photo.o [1]
photobdcntqueue         0x2000e638     0xc  Data  Gb  photo.o [1]
photolast_num           0x20000022     0x2  Data  Gb  photo.o [1]
photoone_num            0x20000024     0x2  Data  Gb  photo.o [1]
phototrig               0x2000e5dc    0x10  Data  Gb  photo.o [1]
phototwo_num            0x20000026     0x2  Data  Gb  photo.o [1]
plug_holes              0x08016a4d    0x90  Code  Lc  mem.o [1]
port_info               0x2000e54c    0x20  Data  Gb  photo.o [1]
positionnode            0x2000e35c    0x50  Data  Gb  photo.o [1]
positionqueue           0x2000e644     0xc  Data  Gb  photo.o [1]
pre_INPUT2_count        0x2000e716     0x2  Data  Gb  guangdian.o [1]
pre_moto_para_num       0x2000e757     0x1  Data  Gb  moto.o [1]
ram                     0x2000e6ac     0x4  Data  Lc  mem.o [1]
ram_end                 0x2000e6b0     0x4  Data  Lc  mem.o [1]
ram_heap                0x20003f6c  0x3c14  Data  Lc  mem.o [1]
raw_input               0x080178ad    0x82  Code  Gb  raw.o [1]
raw_pcbs                0x2000e6c4     0x4  Data  Lc  raw.o [1]
reassdatagrams          0x2000e6a4     0x4  Data  Lc  ip_frag.o [1]
recive_wcs_count        0x2000e694     0x4  Data  Gb  fun.o [1]
recv_data               0x2000e700     0x4  Data  Lc  tcp_in.o [1]
recv_flags              0x2000e75e     0x1  Data  Lc  tcp_in.o [1]
recv_message_from_sever
                        0x08010b65    0x24  Code  Gb  fun.o [1]
recv_moto_statue_process
                        0x0801b081    0xc4  Code  Gb  zongxian.o [1]
recv_msg_check          0x08010221    0x56  Code  Gb  fun.o [1]
recv_msg_process        0x08010671   0x4f4  Code  Gb  fun.o [1]
recv_slaver_photo_config_process
                        0x08010631    0x40  Code  Gb  fun.o [1]
reply_index_error       0x2000e690     0x4  Data  Gb  fun.o [1]
reply_recv_msg          0x08010b89    0x5e  Code  Gb  fun.o [1]
reply_recv_msg_error_statue
                        0x08010be7   0x14a  Code  Gb  fun.o [1]
s10_cnt                 0x2000e722     0x2  Data  Gb  main.o [1]
sWCS2CarUnloadRunData   0x2000e56c    0x14  Data  Gb  fun.o [1]
s_LED_Interval          0x2000e724     0x2  Data  Gb  main.o [1]
s_Last_packet_seq       0x20000014     0x4  Data  Gb  fun.o [1]
s_speed_zhuxian_u32     0x2000e68c     0x4  Data  Gb  fun.o [1]
scan_key_process        0x0801a161    0xe8  Code  Gb  main.o [1]
sec_flag                0x2000e71e     0x2  Data  Gb  main.o [1]
sec_process             0x08019fc1   0x188  Code  Gb  main.o [1]
sec_reg                 0x20000020     0x2  Data  Gb  main.o [1]
send_message_to_sever   0x08011351   0x14c  Code  Gb  fun.o [1]
send_moto_para_process  0x0801208b   0x11a  Code  Gb  moto.o [1]
send_moto_run_process   0x080121c9   0x212  Code  Gb  moto.o [1]
send_msg_car2wcs_err_heart
                        0x08010d6b    0x58  Code  Gb  fun.o [1]
send_msg_car2wcs_heart  0x08010d31    0x3a  Code  Gb  fun.o [1]
send_msg_car2wcs_online_cmd
                        0x08010f89    0x68  Code  Gb  fun.o [1]
seqno                   0x2000e6f8     0x4  Data  Lc  tcp_in.o [1]
slavefirstreset         0x2000e75c     0x1  Data  Gb  photo.o [1]
slaverbdcnt             0x2000e674     0x8  Data  Gb  photo.o [1]
slavercntflag           0x2000e75b     0x1  Data  Gb  photo.o [1]
slaverheartmsg          0x2000dfa4    0xcc  Data  Gb  fun.o [1]
statue_car_count        0x2000e760     0x1  Data  Gb  zongxian.o [1]
statue_car_num          0x2000e732     0x2  Data  Gb  zongxian.o [1]
statue_guangdian_num    0x2000e734     0x2  Data  Gb  zongxian.o [1]
sys_moto_statue         0x2000d504   0x400  Data  Gb  fun.o [1]
sysmsg                  0x2000e5cc    0x10  Data  Gb  photo.o [1]
tcp_abandon             0x08015c61    0xb0  Code  Gb  tcp.o [1]
tcp_active_pcbs         0x2000e6e4     0x4  Data  Gb  tcp.o [1]
tcp_alloc               0x08015e25    0xae  Code  Gb  tcp.o [1]
tcp_bound_pcbs          0x2000e6dc     0x4  Data  Gb  tcp.o [1]
tcp_client_list         0x2000a82c  0x1418  Data  Gb  TCPclient.o [1]
tcp_close               0x08015b41   0x120  Code  Gb  tcp.o [1]
tcp_eff_send_mss        0x08015fd5    0x28  Code  Gb  tcp.o [1]
tcp_enqueue             0x08016171   0x48e  Code  Gb  tcp_out.o [1]
tcp_input               0x080141f1   0x4bc  Code  Gb  tcp_in.o [1]
tcp_input_pcb           0x2000e704     0x4  Data  Gb  tcp_in.o [1]
tcp_kill_prio           0x08015da7    0x4a  Code  Lc  tcp.o [1]
tcp_kill_timewait       0x08015df1    0x34  Code  Lc  tcp.o [1]
tcp_listen_input        0x080146ad   0x146  Code  Lc  tcp_in.o [1]
tcp_listen_pcbs         0x2000e6e0     0x4  Data  Gb  tcp.o [1]
tcp_next_iss            0x08015f99    0x14  Code  Gb  tcp.o [1]
tcp_output              0x080165ff   0x26c  Code  Gb  tcp_out.o [1]
tcp_output_segment      0x0801686b    0xbe  Code  Lc  tcp_out.o [1]
tcp_output_set_header   0x080160e1    0x76  Code  Lc  tcp_out.o [1]
tcp_parseopt            0x08015475    0xa8  Code  Lc  tcp_in.o [1]
tcp_pcb_purge           0x08015ed3    0x3a  Code  Gb  tcp.o [1]
tcp_pcb_remove          0x08015f0d    0x8c  Code  Gb  tcp.o [1]
tcp_process             0x08014841   0x550  Code  Lc  tcp_in.o [1]
tcp_receive             0x08014dc5   0x6ac  Code  Lc  tcp_in.o [1]
tcp_recv_null           0x08015d89    0x1e  Code  Lc  tcp.o [1]
tcp_rexmit              0x080169f9    0x54  Code  Gb  tcp_out.o [1]
tcp_rst                 0x08016935    0xc4  Code  Gb  tcp_out.o [1]
tcp_seg_free            0x08015d63    0x26  Code  Gb  tcp.o [1]
tcp_segs_free           0x08015d49    0x1a  Code  Gb  tcp.o [1]
tcp_send_ctrl           0x08016157    0x1a  Code  Gb  tcp_out.o [1]
tcp_ticks               0x2000e6d8     0x4  Data  Gb  tcp.o [1]
tcp_timewait_input      0x080147f3    0x4e  Code  Lc  tcp_in.o [1]
tcp_tmp_pcb             0x2000e6ec     0x4  Data  Gb  tcp.o [1]
tcp_tw_pcbs             0x2000e6e8     0x4  Data  Gb  tcp.o [1]
tcp_update_rcv_ann_wnd  0x08015d11    0x38  Code  Gb  tcp.o [1]
tcphdr                  0x2000e6f0     0x4  Data  Lc  tcp_in.o [1]
tcplen                  0x2000e72e     0x2  Data  Lc  tcp_in.o [1]
u16gndfun_get_msg_net_Queue
                        0x0801a5d3    0x26  Code  Gb  gndfun.o [1]
u16gndfun_getmsg_gndQueue
                        0x0801a5f9     0xc  Code  Gb  gndfun.o [1]
u8can_bus_send_one_frame
                        0x08012581    0x68  Code  Gb  can_bus.o [1]
u8gndfun_recvmsg_check  0x0801a6f3    0x30  Code  Gb  gndfun.o [1]
udp_bind                0x08017c25    0x78  Code  Gb  udp.o [1]
udp_client_process      0x0801aec7    0xbc  Code  Gb  TCPclient.o [1]
udp_connect             0x08017c9d    0x5a  Code  Gb  udp.o [1]
udp_echoclient_connect  0x0801ac4b   0x11a  Code  Gb  TCPclient.o [1]
udp_input               0x08017935   0x1c6  Code  Gb  udp.o [1]
udp_new                 0x08017d01    0x20  Code  Gb  udp.o [1]
udp_pcbs                0x2000e708     0x4  Data  Gb  udp.o [1]
udp_receive_callback    0x0801ad65    0xfc  Code  Gb  TCPclient.o [1]
udp_recv                0x08017cf7     0x6  Code  Gb  udp.o [1]
udp_send                0x08017afb     0xc  Code  Gb  udp.o [1]
udp_send_en             0x2000e740     0x1  Data  Gb  fun.o [1]
udp_send_process        0x0801ae61    0x66  Code  Gb  TCPclient.o [1]
udp_sendto              0x08017b07    0x2c  Code  Gb  udp.o [1]
udp_sendto_if           0x08017b33    0xf2  Code  Gb  udp.o [1]
update_arp_entry        0x080182b5   0x104  Code  Lc  etharp.o [1]
upload_photolast_cnt    0x2000e72c     0x2  Data  Gb  photo.o [1]
upload_photoone_cnt     0x2000e728     0x2  Data  Gb  photo.o [1]
upload_phototwo_cnt     0x2000e72a     0x2  Data  Gb  photo.o [1]
vcan_bus_addto_cansendqueue
                        0x0801253f    0x42  Code  Gb  can_bus.o [1]
vcan_bus_init_cansendqueue
                        0x08012525    0x1a  Code  Gb  can_bus.o [1]
vcan_send_frame_process
                        0x080126c5    0x4c  Code  Gb  can_bus.o [1]
vcan_send_send_msg      0x080125e9    0xdc  Code  Gb  can_bus.o [1]
vcanbus_recv_slaver_photo_cnt
                        0x0801279d    0x5a  Code  Gb  can_bus.o [1]
vfun_slaver_heart_increase
                        0x080114f1    0x30  Code  Gb  fun.o [1]
vfun_upload_slaver_err_heart_program
                        0x08011521    0x54  Code  Gb  fun.o [1]
vgnd_deal_with_carpos_process
                        0x0801a7d1   0x2c0  Code  Gb  gndfun.o [1]
vgndfun_init_net        0x0801a5bd    0x16  Code  Gb  gndfun.o [1]
vgndfun_recv_carpos_msg
                        0x0801a605    0xee  Code  Gb  gndfun.o [1]
vgndfun_recvmessage_from_sever
                        0x0801a741    0x24  Code  Gb  gndfun.o [1]
vgndfun_recvmsg_process
                        0x0801a723    0x1e  Code  Gb  gndfun.o [1]
vgndfun_reply_recv_msg  0x0801a765    0x3a  Code  Gb  gndfun.o [1]
vgndfun_send_message_to_sever
                        0x0801a79f    0x32  Code  Gb  gndfun.o [1]
vpcfun_send_slaver_photo_cnt_cmd
                        0x080110a1   0x284  Code  Gb  fun.o [1]
vphoto_add_to_slaver_bd_queue
                        0x08012b0b    0x40  Code  Gb  photo.o [1]
vphoto_add_to_slaver_position_queue
                        0x080129ef    0x40  Code  Gb  photo.o [1]
vphoto_get_from_positionqueue
                        0x08012a2f    0x2e  Code  Gb  photo.o [1]
vphoto_get_from_slaverbdqueue
                        0x08012b4b    0x2e  Code  Gb  photo.o [1]
vphoto_init_slaver_bdcnt_queue
                        0x08012a79    0x92  Code  Gb  photo.o [1]
vphoto_init_slaver_position_queue
                        0x080129d5    0x1a  Code  Gb  photo.o [1]
vphoto_recv_slaver_photo_cmd
                        0x08012b95   0x50a  Code  Gb  photo.o [1]
vphoto_upload_positionqueue
                        0x08012a5d    0x1c  Code  Gb  photo.o [1]
vphoto_upload_slaverbdqueue
                        0x08012b79    0x1c  Code  Gb  photo.o [1]
wcs2CarParaData         0x20009340  0x14ec  Data  Gb  fun.o [1]
wcs2carSysEnData        0x2000e614     0xc  Data  Gb  fun.o [1]
write_moto_process      0x08011d33    0xaa  Code  Gb  moto.o [1]
xialiao_process         0x08011e11   0x27a  Code  Gb  moto.o [1]
xiaoliao_IO_exit_process
                        0x080104cd    0xd0  Code  Gb  fun.o [1]
xiaoliao_exit_process   0x08010277   0x256  Code  Gb  fun.o [1]
zongxian_recv_count     0x2000e730     0x2  Data  Gb  zongxian.o [1]
zongxian_send_buff      0x2000d904   0x3e8  Data  Gb  zongxian.o [1]


[1] = E:\car_item_v1\normal16car\car_control_v1.2.7.7_20230512\IP110\master___CAR_CTRL_PROJECT_v1.2.7.7_20230111\master___CAR_CTRL_PROJECT_v1.2.3.2_T211116\Project\EWARMv5_iap\STM3210C-EVAL\Obj
[2] = command line
[3] = dl7M_tlf.a
[4] = rt7M_tl.a
[5] = shb_l.a

  47 152 bytes of readonly  code memory
      80 bytes of readonly  data memory
  61 281 bytes of readwrite data memory

Errors: none
Warnings: none
