###############################################################################
#                                                                             #
# IAR ELF Linker V6.10.1.52143/W32 for ARM              25/Jun/2023  15:16:26 #
# Copyright 2007-2010 IAR Systems AB.                                         #
#                                                                             #
#    Output file  =  E:\car_item_v1\shunfengkeji\car_control_v1.2.7.5\master_ #
#                    __CAR_CTRL_PROJECT_v1.2.7.5\Project\EWARMv5_iap\STM3210C #
#                    -EVAL\Exe\STM3210C-EVAL.out                              #
#    Map file     =  E:\car_item_v1\shunfengkeji\car_control_v1.2.7.5\master_ #
#                    __CAR_CTRL_PROJECT_v1.2.7.5\Project\EWARMv5_iap\STM3210C #
#                    -EVAL\List\STM3210C-EVAL.map                             #
#    Command line =  E:\car_item_v1\shunfengkeji\car_control_v1.2.7.5\master_ #
#                    __CAR_CTRL_PROJECT_v1.2.7.5\Project\EWARMv5_iap\STM3210C #
#                    -EVAL\Obj\TCPclient.o E:\car_item_v1\shunfengkeji\car_co #
#                    ntrol_v1.2.7.5\master___CAR_CTRL_PROJECT_v1.2.7.5\Projec #
#                    t\EWARMv5_iap\STM3210C-EVAL\Obj\api_lib.o                #
#                    E:\car_item_v1\shunfengkeji\car_control_v1.2.7.5\master_ #
#                    __CAR_CTRL_PROJECT_v1.2.7.5\Project\EWARMv5_iap\STM3210C #
#                    -EVAL\Obj\api_msg.o E:\car_item_v1\shunfengkeji\car_cont #
#                    rol_v1.2.7.5\master___CAR_CTRL_PROJECT_v1.2.7.5\Project\ #
#                    EWARMv5_iap\STM3210C-EVAL\Obj\autoip.o                   #
#                    E:\car_item_v1\shunfengkeji\car_control_v1.2.7.5\master_ #
#                    __CAR_CTRL_PROJECT_v1.2.7.5\Project\EWARMv5_iap\STM3210C #
#                    -EVAL\Obj\can_bus.o E:\car_item_v1\shunfengkeji\car_cont #
#                    rol_v1.2.7.5\master___CAR_CTRL_PROJECT_v1.2.7.5\Project\ #
#                    EWARMv5_iap\STM3210C-EVAL\Obj\core_cm3.o                 #
#                    E:\car_item_v1\shunfengkeji\car_control_v1.2.7.5\master_ #
#                    __CAR_CTRL_PROJECT_v1.2.7.5\Project\EWARMv5_iap\STM3210C #
#                    -EVAL\Obj\dhcp.o E:\car_item_v1\shunfengkeji\car_control #
#                    _v1.2.7.5\master___CAR_CTRL_PROJECT_v1.2.7.5\Project\EWA #
#                    RMv5_iap\STM3210C-EVAL\Obj\err.o                         #
#                    E:\car_item_v1\shunfengkeji\car_control_v1.2.7.5\master_ #
#                    __CAR_CTRL_PROJECT_v1.2.7.5\Project\EWARMv5_iap\STM3210C #
#                    -EVAL\Obj\etharp.o E:\car_item_v1\shunfengkeji\car_contr #
#                    ol_v1.2.7.5\master___CAR_CTRL_PROJECT_v1.2.7.5\Project\E #
#                    WARMv5_iap\STM3210C-EVAL\Obj\ethernetif.o                #
#                    E:\car_item_v1\shunfengkeji\car_control_v1.2.7.5\master_ #
#                    __CAR_CTRL_PROJECT_v1.2.7.5\Project\EWARMv5_iap\STM3210C #
#                    -EVAL\Obj\fun.o E:\car_item_v1\shunfengkeji\car_control_ #
#                    v1.2.7.5\master___CAR_CTRL_PROJECT_v1.2.7.5\Project\EWAR #
#                    Mv5_iap\STM3210C-EVAL\Obj\gndfun.o                       #
#                    E:\car_item_v1\shunfengkeji\car_control_v1.2.7.5\master_ #
#                    __CAR_CTRL_PROJECT_v1.2.7.5\Project\EWARMv5_iap\STM3210C #
#                    -EVAL\Obj\guangdian.o E:\car_item_v1\shunfengkeji\car_co #
#                    ntrol_v1.2.7.5\master___CAR_CTRL_PROJECT_v1.2.7.5\Projec #
#                    t\EWARMv5_iap\STM3210C-EVAL\Obj\icmp.o                   #
#                    E:\car_item_v1\shunfengkeji\car_control_v1.2.7.5\master_ #
#                    __CAR_CTRL_PROJECT_v1.2.7.5\Project\EWARMv5_iap\STM3210C #
#                    -EVAL\Obj\igmp.o E:\car_item_v1\shunfengkeji\car_control #
#                    _v1.2.7.5\master___CAR_CTRL_PROJECT_v1.2.7.5\Project\EWA #
#                    RMv5_iap\STM3210C-EVAL\Obj\inet.o                        #
#                    E:\car_item_v1\shunfengkeji\car_control_v1.2.7.5\master_ #
#                    __CAR_CTRL_PROJECT_v1.2.7.5\Project\EWARMv5_iap\STM3210C #
#                    -EVAL\Obj\inet_chksum.o E:\car_item_v1\shunfengkeji\car_ #
#                    control_v1.2.7.5\master___CAR_CTRL_PROJECT_v1.2.7.5\Proj #
#                    ect\EWARMv5_iap\STM3210C-EVAL\Obj\init.o                 #
#                    E:\car_item_v1\shunfengkeji\car_control_v1.2.7.5\master_ #
#                    __CAR_CTRL_PROJECT_v1.2.7.5\Project\EWARMv5_iap\STM3210C #
#                    -EVAL\Obj\ip.o E:\car_item_v1\shunfengkeji\car_control_v #
#                    1.2.7.5\master___CAR_CTRL_PROJECT_v1.2.7.5\Project\EWARM #
#                    v5_iap\STM3210C-EVAL\Obj\ip_addr.o                       #
#                    E:\car_item_v1\shunfengkeji\car_control_v1.2.7.5\master_ #
#                    __CAR_CTRL_PROJECT_v1.2.7.5\Project\EWARMv5_iap\STM3210C #
#                    -EVAL\Obj\ip_frag.o E:\car_item_v1\shunfengkeji\car_cont #
#                    rol_v1.2.7.5\master___CAR_CTRL_PROJECT_v1.2.7.5\Project\ #
#                    EWARMv5_iap\STM3210C-EVAL\Obj\main.o                     #
#                    E:\car_item_v1\shunfengkeji\car_control_v1.2.7.5\master_ #
#                    __CAR_CTRL_PROJECT_v1.2.7.5\Project\EWARMv5_iap\STM3210C #
#                    -EVAL\Obj\mem.o E:\car_item_v1\shunfengkeji\car_control_ #
#                    v1.2.7.5\master___CAR_CTRL_PROJECT_v1.2.7.5\Project\EWAR #
#                    Mv5_iap\STM3210C-EVAL\Obj\memp.o                         #
#                    E:\car_item_v1\shunfengkeji\car_control_v1.2.7.5\master_ #
#                    __CAR_CTRL_PROJECT_v1.2.7.5\Project\EWARMv5_iap\STM3210C #
#                    -EVAL\Obj\misc.o E:\car_item_v1\shunfengkeji\car_control #
#                    _v1.2.7.5\master___CAR_CTRL_PROJECT_v1.2.7.5\Project\EWA #
#                    RMv5_iap\STM3210C-EVAL\Obj\moto.o                        #
#                    E:\car_item_v1\shunfengkeji\car_control_v1.2.7.5\master_ #
#                    __CAR_CTRL_PROJECT_v1.2.7.5\Project\EWARMv5_iap\STM3210C #
#                    -EVAL\Obj\netbuf.o E:\car_item_v1\shunfengkeji\car_contr #
#                    ol_v1.2.7.5\master___CAR_CTRL_PROJECT_v1.2.7.5\Project\E #
#                    WARMv5_iap\STM3210C-EVAL\Obj\netconf.o                   #
#                    E:\car_item_v1\shunfengkeji\car_control_v1.2.7.5\master_ #
#                    __CAR_CTRL_PROJECT_v1.2.7.5\Project\EWARMv5_iap\STM3210C #
#                    -EVAL\Obj\netdb.o E:\car_item_v1\shunfengkeji\car_contro #
#                    l_v1.2.7.5\master___CAR_CTRL_PROJECT_v1.2.7.5\Project\EW #
#                    ARMv5_iap\STM3210C-EVAL\Obj\netif.o                      #
#                    E:\car_item_v1\shunfengkeji\car_control_v1.2.7.5\master_ #
#                    __CAR_CTRL_PROJECT_v1.2.7.5\Project\EWARMv5_iap\STM3210C #
#                    -EVAL\Obj\netifapi.o E:\car_item_v1\shunfengkeji\car_con #
#                    trol_v1.2.7.5\master___CAR_CTRL_PROJECT_v1.2.7.5\Project #
#                    \EWARMv5_iap\STM3210C-EVAL\Obj\pbuf.o                    #
#                    E:\car_item_v1\shunfengkeji\car_control_v1.2.7.5\master_ #
#                    __CAR_CTRL_PROJECT_v1.2.7.5\Project\EWARMv5_iap\STM3210C #
#                    -EVAL\Obj\photo.o E:\car_item_v1\shunfengkeji\car_contro #
#                    l_v1.2.7.5\master___CAR_CTRL_PROJECT_v1.2.7.5\Project\EW #
#                    ARMv5_iap\STM3210C-EVAL\Obj\raw.o                        #
#                    E:\car_item_v1\shunfengkeji\car_control_v1.2.7.5\master_ #
#                    __CAR_CTRL_PROJECT_v1.2.7.5\Project\EWARMv5_iap\STM3210C #
#                    -EVAL\Obj\startup_stm32f10x_cl.o                         #
#                    E:\car_item_v1\shunfengkeji\car_control_v1.2.7.5\master_ #
#                    __CAR_CTRL_PROJECT_v1.2.7.5\Project\EWARMv5_iap\STM3210C #
#                    -EVAL\Obj\stats.o E:\car_item_v1\shunfengkeji\car_contro #
#                    l_v1.2.7.5\master___CAR_CTRL_PROJECT_v1.2.7.5\Project\EW #
#                    ARMv5_iap\STM3210C-EVAL\Obj\stm32_eth.o                  #
#                    E:\car_item_v1\shunfengkeji\car_control_v1.2.7.5\master_ #
#                    __CAR_CTRL_PROJECT_v1.2.7.5\Project\EWARMv5_iap\STM3210C #
#                    -EVAL\Obj\stm32f107.o E:\car_item_v1\shunfengkeji\car_co #
#                    ntrol_v1.2.7.5\master___CAR_CTRL_PROJECT_v1.2.7.5\Projec #
#                    t\EWARMv5_iap\STM3210C-EVAL\Obj\stm32f10x_adc.o          #
#                    E:\car_item_v1\shunfengkeji\car_control_v1.2.7.5\master_ #
#                    __CAR_CTRL_PROJECT_v1.2.7.5\Project\EWARMv5_iap\STM3210C #
#                    -EVAL\Obj\stm32f10x_bkp.o E:\car_item_v1\shunfengkeji\ca #
#                    r_control_v1.2.7.5\master___CAR_CTRL_PROJECT_v1.2.7.5\Pr #
#                    oject\EWARMv5_iap\STM3210C-EVAL\Obj\stm32f10x_can.o      #
#                    E:\car_item_v1\shunfengkeji\car_control_v1.2.7.5\master_ #
#                    __CAR_CTRL_PROJECT_v1.2.7.5\Project\EWARMv5_iap\STM3210C #
#                    -EVAL\Obj\stm32f10x_dma.o E:\car_item_v1\shunfengkeji\ca #
#                    r_control_v1.2.7.5\master___CAR_CTRL_PROJECT_v1.2.7.5\Pr #
#                    oject\EWARMv5_iap\STM3210C-EVAL\Obj\stm32f10x_exti.o     #
#                    E:\car_item_v1\shunfengkeji\car_control_v1.2.7.5\master_ #
#                    __CAR_CTRL_PROJECT_v1.2.7.5\Project\EWARMv5_iap\STM3210C #
#                    -EVAL\Obj\stm32f10x_flash.o                              #
#                    E:\car_item_v1\shunfengkeji\car_control_v1.2.7.5\master_ #
#                    __CAR_CTRL_PROJECT_v1.2.7.5\Project\EWARMv5_iap\STM3210C #
#                    -EVAL\Obj\stm32f10x_gpio.o E:\car_item_v1\shunfengkeji\c #
#                    ar_control_v1.2.7.5\master___CAR_CTRL_PROJECT_v1.2.7.5\P #
#                    roject\EWARMv5_iap\STM3210C-EVAL\Obj\stm32f10x_i2c.o     #
#                    E:\car_item_v1\shunfengkeji\car_control_v1.2.7.5\master_ #
#                    __CAR_CTRL_PROJECT_v1.2.7.5\Project\EWARMv5_iap\STM3210C #
#                    -EVAL\Obj\stm32f10x_it.o E:\car_item_v1\shunfengkeji\car #
#                    _control_v1.2.7.5\master___CAR_CTRL_PROJECT_v1.2.7.5\Pro #
#                    ject\EWARMv5_iap\STM3210C-EVAL\Obj\stm32f10x_pwr.o       #
#                    E:\car_item_v1\shunfengkeji\car_control_v1.2.7.5\master_ #
#                    __CAR_CTRL_PROJECT_v1.2.7.5\Project\EWARMv5_iap\STM3210C #
#                    -EVAL\Obj\stm32f10x_rcc.o E:\car_item_v1\shunfengkeji\ca #
#                    r_control_v1.2.7.5\master___CAR_CTRL_PROJECT_v1.2.7.5\Pr #
#                    oject\EWARMv5_iap\STM3210C-EVAL\Obj\stm32f10x_rtc.o      #
#                    E:\car_item_v1\shunfengkeji\car_control_v1.2.7.5\master_ #
#                    __CAR_CTRL_PROJECT_v1.2.7.5\Project\EWARMv5_iap\STM3210C #
#                    -EVAL\Obj\stm32f10x_spi.o E:\car_item_v1\shunfengkeji\ca #
#                    r_control_v1.2.7.5\master___CAR_CTRL_PROJECT_v1.2.7.5\Pr #
#                    oject\EWARMv5_iap\STM3210C-EVAL\Obj\stm32f10x_tim.o      #
#                    E:\car_item_v1\shunfengkeji\car_control_v1.2.7.5\master_ #
#                    __CAR_CTRL_PROJECT_v1.2.7.5\Project\EWARMv5_iap\STM3210C #
#                    -EVAL\Obj\stm32f10x_usart.o                              #
#                    E:\car_item_v1\shunfengkeji\car_control_v1.2.7.5\master_ #
#                    __CAR_CTRL_PROJECT_v1.2.7.5\Project\EWARMv5_iap\STM3210C #
#                    -EVAL\Obj\sys.o E:\car_item_v1\shunfengkeji\car_control_ #
#                    v1.2.7.5\master___CAR_CTRL_PROJECT_v1.2.7.5\Project\EWAR #
#                    Mv5_iap\STM3210C-EVAL\Obj\system_stm32f10x.o             #
#                    E:\car_item_v1\shunfengkeji\car_control_v1.2.7.5\master_ #
#                    __CAR_CTRL_PROJECT_v1.2.7.5\Project\EWARMv5_iap\STM3210C #
#                    -EVAL\Obj\tcp.o E:\car_item_v1\shunfengkeji\car_control_ #
#                    v1.2.7.5\master___CAR_CTRL_PROJECT_v1.2.7.5\Project\EWAR #
#                    Mv5_iap\STM3210C-EVAL\Obj\tcp_in.o                       #
#                    E:\car_item_v1\shunfengkeji\car_control_v1.2.7.5\master_ #
#                    __CAR_CTRL_PROJECT_v1.2.7.5\Project\EWARMv5_iap\STM3210C #
#                    -EVAL\Obj\tcp_out.o E:\car_item_v1\shunfengkeji\car_cont #
#                    rol_v1.2.7.5\master___CAR_CTRL_PROJECT_v1.2.7.5\Project\ #
#                    EWARMv5_iap\STM3210C-EVAL\Obj\tcpip.o                    #
#                    E:\car_item_v1\shunfengkeji\car_control_v1.2.7.5\master_ #
#                    __CAR_CTRL_PROJECT_v1.2.7.5\Project\EWARMv5_iap\STM3210C #
#                    -EVAL\Obj\udp.o E:\car_item_v1\shunfengkeji\car_control_ #
#                    v1.2.7.5\master___CAR_CTRL_PROJECT_v1.2.7.5\Project\EWAR #
#                    Mv5_iap\STM3210C-EVAL\Obj\zongxian.o -o                  #
#                    E:\car_item_v1\shunfengkeji\car_control_v1.2.7.5\master_ #
#                    __CAR_CTRL_PROJECT_v1.2.7.5\Project\EWARMv5_iap\STM3210C #
#                    -EVAL\Exe\STM3210C-EVAL.out --map                        #
#                    E:\car_item_v1\shunfengkeji\car_control_v1.2.7.5\master_ #
#                    __CAR_CTRL_PROJECT_v1.2.7.5\Project\EWARMv5_iap\STM3210C #
#                    -EVAL\List\STM3210C-EVAL.map --config                    #
#                    E:\car_item_v1\shunfengkeji\car_control_v1.2.7.5\master_ #
#                    __CAR_CTRL_PROJECT_v1.2.7.5\Project\EWARMv5_iap\STM32F10 #
#                    x_FLASH.icf --semihosting --entry __iar_program_start    #
#                                                                             #
#                                                                             #
###############################################################################

*******************************************************************************
*** RUNTIME MODEL ATTRIBUTES
***

CppFlavor       = *
__SystemLibrary = DLib


*******************************************************************************
*** PLACEMENT SUMMARY
***

"A1":  place at 0x08010000 { ro section .intvec };
"P1":  place in [from 0x08008000 to 0x0803ffff] { ro };
"P2":  place in [from 0x20000000 to 0x2000ffff] { rw, block CSTACK, block HEAP };

  Section            Kind        Address    Size  Object
  -------            ----        -------    ----  ------
"A1":                                      0x150
  .intvec            ro code  0x08010000   0x150  startup_stm32f10x_cl.o [1]
                            - 0x08010150   0x150

"P1":                                     0xb7e8
  .text              ro code  0x08010150  0x1400  fun.o [1]
  .text              ro code  0x08011550    0x70  ABImemcpy.o [5]
  .text              ro code  0x080115c0    0x20  stm32f10x_bkp.o [1]
  .text              ro code  0x080115e0   0xd3c  moto.o [1]
  .text              ro code  0x0801231c   0x460  can_bus.o [1]
  .text              ro code  0x0801277c     0xe  tcp_out.o [1]
  .text              ro code  0x0801278a    0x2e  copy_init3.o [5]
  .text              ro code  0x080127b8   0xa00  photo.o [1]
  .text              ro code  0x080131b8   0x184  stm32f10x_gpio.o [1]
  .text              ro code  0x0801333c   0x200  stm32f10x_dma.o [1]
  .text              ro code  0x0801353c    0x1a  I32ToDbl.o [4]
  .text              ro code  0x08013556    0x22  zero_init3.o [5]
  .text              ro code  0x08013578   0x1a2  DblMul.o [4]
  .text              ro code  0x0801371c   0x246  DblDiv.o [4]
  .text              ro code  0x08013964    0x56  DblToI32.o [4]
  .text              ro code  0x080139bc   0x526  stm32f10x_can.o [1]
  .text              ro code  0x08013ee4   0x248  guangdian.o [1]
  .text              ro code  0x0801412c   0x1e8  stm32f10x_rcc.o [1]
  .text              ro code  0x08014314  0x135c  tcp_in.o [1]
  .text              ro code  0x08015670    0x36  inet.o [1]
  .text              ro code  0x080156a6   0x576  pbuf.o [1]
  .text              ro code  0x08015c1c    0x54  ip_addr.o [1]
  .text              ro code  0x08015c70   0x4c0  tcp.o [1]
  .text              ro code  0x08016130    0xe4  memp.o [1]
  .text              ro code  0x08016214   0x96e  tcp_out.o [1]
  .text              ro code  0x08016b84   0x364  mem.o [1]
  .text              ro code  0x08016ee8    0x14  udp.o [1]
  .text              ro code  0x08016efc   0x368  ip.o [1]
  .text              ro code  0x08017264    0x66  ABImemset.o [5]
  .text              ro code  0x080172cc   0x140  netif.o [1]
  .text              ro code  0x0801740c   0x5d8  ip_frag.o [1]
  .text              ro code  0x080179e4    0x88  raw.o [1]
  .text              ro code  0x08017a6c   0x3ec  udp.o [1]
  .text              ro code  0x08017e58   0x1f8  icmp.o [1]
  .text              ro code  0x08018050   0xa1c  etharp.o [1]
  .text              ro code  0x08018a6c    0xac  inet_chksum.o [1]
  .text              ro code  0x08018b18   0x8fe  stm32_eth.o [1]
  .text              ro code  0x08019418   0x8e0  stm32f107.o [1]
  .text              ro code  0x08019cf8   0x1b0  stm32f10x_usart.o [1]
  .text              ro code  0x08019ea8   0x198  system_stm32f10x.o [1]
  .text              ro code  0x0801a040    0x98  misc.o [1]
  .text              ro code  0x0801a0d8   0x5a4  main.o [1]
  .text              ro code  0x0801a67c   0x53c  gndfun.o [1]
  .text              ro code  0x0801abb8    0xb8  netconf.o [1]
  .text              ro code  0x0801ac70   0x4cc  TCPclient.o [1]
  .text              ro code  0x0801b13c    0xe8  zongxian.o [1]
  .text              ro code  0x0801b224   0x2d0  ethernetif.o [1]
  .text              ro code  0x0801b4f4   0x228  stm32f10x_it.o [1]
  .text              ro code  0x0801b71c    0x36  stm32f10x_tim.o [1]
  .text              ro code  0x0801b754    0x2c  data_init3.o [5]
  .iar.init_table    const    0x0801b780    0x24  - Linker created -
  .text              ro code  0x0801b7a4    0x16  cmain.o [5]
  .text              ro code  0x0801b7ba     0x4  low_level_init.o [3]
  .text              ro code  0x0801b7be     0x8  exit.o [3]
  .text              ro code  0x0801b7c8     0xa  cexit.o [5]
  .text              ro code  0x0801b7d4    0x14  exit.o [6]
  .text              ro code  0x0801b7e8     0xc  cstartup_M.o [5]
  .text              ro code  0x0801b7f4     0x4  startup_stm32f10x_cl.o [1]
  .text              ro code  0x0801b7f8     0x4  startup_stm32f10x_cl.o [1]
  .text              ro code  0x0801b7fc     0x4  startup_stm32f10x_cl.o [1]
  .text              ro code  0x0801b800     0x4  startup_stm32f10x_cl.o [1]
  .text              ro code  0x0801b804     0x4  startup_stm32f10x_cl.o [1]
  .text              ro code  0x0801b808     0x4  startup_stm32f10x_cl.o [1]
  .text              ro code  0x0801b80c     0x4  startup_stm32f10x_cl.o [1]
  .text              ro code  0x0801b810     0x4  startup_stm32f10x_cl.o [1]
  .text              ro code  0x0801b814     0x4  startup_stm32f10x_cl.o [1]
  .text              ro code  0x0801b818     0x4  startup_stm32f10x_cl.o [1]
  .text              ro code  0x0801b81c     0x4  startup_stm32f10x_cl.o [1]
  .text              ro code  0x0801b820     0x4  startup_stm32f10x_cl.o [1]
  .text              ro code  0x0801b824     0x4  startup_stm32f10x_cl.o [1]
  .text              ro code  0x0801b828     0x4  startup_stm32f10x_cl.o [1]
  .text              ro code  0x0801b82c     0x4  startup_stm32f10x_cl.o [1]
  .text              ro code  0x0801b830     0x4  startup_stm32f10x_cl.o [1]
  .text              ro code  0x0801b834     0x4  startup_stm32f10x_cl.o [1]
  .text              ro code  0x0801b838     0x4  startup_stm32f10x_cl.o [1]
  .text              ro code  0x0801b83c     0x4  startup_stm32f10x_cl.o [1]
  .text              ro code  0x0801b840     0x4  startup_stm32f10x_cl.o [1]
  .text              ro code  0x0801b844     0x4  startup_stm32f10x_cl.o [1]
  .text              ro code  0x0801b848     0x4  startup_stm32f10x_cl.o [1]
  .text              ro code  0x0801b84c     0x4  startup_stm32f10x_cl.o [1]
  .text              ro code  0x0801b850     0x4  startup_stm32f10x_cl.o [1]
  .text              ro code  0x0801b854     0x4  startup_stm32f10x_cl.o [1]
  .text              ro code  0x0801b858     0x4  startup_stm32f10x_cl.o [1]
  .text              ro code  0x0801b85c     0x4  startup_stm32f10x_cl.o [1]
  .text              ro code  0x0801b860     0x4  startup_stm32f10x_cl.o [1]
  .text              ro code  0x0801b864     0x4  startup_stm32f10x_cl.o [1]
  .text              ro code  0x0801b868     0x4  startup_stm32f10x_cl.o [1]
  .text              ro code  0x0801b86c     0x4  startup_stm32f10x_cl.o [1]
  .text              ro code  0x0801b870     0x4  startup_stm32f10x_cl.o [1]
  .text              ro code  0x0801b874     0x4  startup_stm32f10x_cl.o [1]
  .text              ro code  0x0801b878     0x4  startup_stm32f10x_cl.o [1]
  .text              ro code  0x0801b87c     0x4  startup_stm32f10x_cl.o [1]
  .text              ro code  0x0801b880     0x4  startup_stm32f10x_cl.o [1]
  .text              ro code  0x0801b884     0x4  startup_stm32f10x_cl.o [1]
  .text              ro code  0x0801b888     0x4  startup_stm32f10x_cl.o [1]
  .text              ro code  0x0801b88c     0x4  startup_stm32f10x_cl.o [1]
  .text              ro code  0x0801b890     0x4  startup_stm32f10x_cl.o [1]
  .text              ro code  0x0801b894     0x4  startup_stm32f10x_cl.o [1]
  .text              ro code  0x0801b898     0x4  startup_stm32f10x_cl.o [1]
  .text              ro code  0x0801b89c     0x4  startup_stm32f10x_cl.o [1]
  .text              ro code  0x0801b8a0     0x4  startup_stm32f10x_cl.o [1]
  .text              ro code  0x0801b8a4     0x4  startup_stm32f10x_cl.o [1]
  .text              ro code  0x0801b8a8     0x4  startup_stm32f10x_cl.o [1]
  .text              ro code  0x0801b8ac     0x4  startup_stm32f10x_cl.o [1]
  .text              ro code  0x0801b8b0     0x4  startup_stm32f10x_cl.o [1]
  .text              ro code  0x0801b8b4     0x4  startup_stm32f10x_cl.o [1]
  .text              ro code  0x0801b8b8     0x4  startup_stm32f10x_cl.o [1]
  .text              ro code  0x0801b8bc     0x4  startup_stm32f10x_cl.o [1]
  .text              ro code  0x0801b8c0     0x4  startup_stm32f10x_cl.o [1]
  .text              ro code  0x0801b8c4     0x4  startup_stm32f10x_cl.o [1]
  .text              ro code  0x0801b8c8     0x4  startup_stm32f10x_cl.o [1]
  .text              ro code  0x0801b8cc     0x4  startup_stm32f10x_cl.o [1]
  .text              ro code  0x0801b8d0     0x4  startup_stm32f10x_cl.o [1]
  .text              ro code  0x0801b8d4     0x4  startup_stm32f10x_cl.o [1]
  .text              ro code  0x0801b8d8     0x4  startup_stm32f10x_cl.o [1]
  .text              ro code  0x0801b8dc     0x4  startup_stm32f10x_cl.o [1]
  .text              ro code  0x0801b8e0     0x4  startup_stm32f10x_cl.o [1]
  .text              ro code  0x0801b8e4     0x4  startup_stm32f10x_cl.o [1]
  .text              ro code  0x0801b8e8     0x4  startup_stm32f10x_cl.o [1]
  .text              ro code  0x0801b8ec     0x4  startup_stm32f10x_cl.o [1]
  .text              ro code  0x0801b8f0     0x4  startup_stm32f10x_cl.o [1]
  .text              ro code  0x0801b8f4     0x4  startup_stm32f10x_cl.o [1]
  .text              ro code  0x0801b8f8     0x4  startup_stm32f10x_cl.o [1]
  .text              ro code  0x0801b8fc     0x4  startup_stm32f10x_cl.o [1]
  .text              ro code  0x0801b900     0x4  startup_stm32f10x_cl.o [1]
  .text              ro code  0x0801b904     0x4  startup_stm32f10x_cl.o [1]
  .text              ro code  0x0801b908     0x4  startup_stm32f10x_cl.o [1]
  Initializer bytes  ro data  0x0801b90c    0x2c  <for P2 s0>
                            - 0x0801b938  0xb7e8

"P2", part 1 of 3:                          0x2c
  P2 s0                       0x20000000    0x2c  <Init block>
    .data            inited   0x20000000    0x10  stm32f10x_rcc.o [1]
    .data            inited   0x20000010     0x4  can_bus.o [1]
    .data            inited   0x20000014     0x4  fun.o [1]
    .data            inited   0x20000018     0x4  stm32f10x_rcc.o [1]
    .data            inited   0x2000001c     0x4  tcp.o [1]
    .data            inited   0x20000020     0x2  main.o [1]
    .data            inited   0x20000022     0x2  photo.o [1]
    .data            inited   0x20000024     0x2  photo.o [1]
    .data            inited   0x20000026     0x2  photo.o [1]
    .data            inited   0x20000028     0x1  TCPclient.o [1]
    .data            inited   0x20000029     0x1  fun.o [1]
    .data            inited   0x2000002a     0x1  moto.o [1]
                            - 0x2000002c    0x2c

"P2", part 2 of 3:                        0xe0ec
  .bss               zero     0x2000002c  0x454c  memp.o [1]
  .bss               zero     0x20004578  0x2814  mem.o [1]
  .bss               zero     0x20006d8c  0x1c44  fun.o [1]
  .bss               zero     0x200089d0  0x17c0  ethernetif.o [1]
  .bss               zero     0x2000a190  0x1418  TCPclient.o [1]
  .bss               zero     0x2000b5a8   0xbe0  ethernetif.o [1]
  .bss               zero     0x2000c188   0x700  can_bus.o [1]
  .bss               zero     0x2000c888   0x5e0  ip_frag.o [1]
  .bss               zero     0x2000ce68   0x400  fun.o [1]
  .bss               zero     0x2000d268   0x3e8  zongxian.o [1]
  .bss               zero     0x2000d650   0x120  moto.o [1]
  .bss               zero     0x2000d770   0x10c  fun.o [1]
  .bss               zero     0x2000d87c    0xdc  fun.o [1]
  .bss               zero     0x2000d958    0xcc  fun.o [1]
  .bss               zero     0x2000da24    0xc8  etharp.o [1]
  .bss               zero     0x2000daec    0xc8  fun.o [1]
  .bss               zero     0x2000dbb4    0xbc  stm32f107.o [1]
  .bss               zero     0x2000dc70    0xa0  photo.o [1]
  .bss               zero     0x2000dd10    0x50  photo.o [1]
  .bss               zero     0x2000dd60    0x40  ethernetif.o [1]
  .bss               zero     0x2000dda0    0x34  zongxian.o [1]
  .bss               zero     0x2000ddd4    0x34  zongxian.o [1]
  .bss               zero     0x2000de08    0x34  zongxian.o [1]
  .bss               zero     0x2000de3c    0x30  netconf.o [1]
  .bss               zero     0x2000de6c    0x28  gndfun.o [1]
  .bss               zero     0x2000de94    0x28  stm32_eth.o [1]
  .bss               zero     0x2000debc    0x24  memp.o [1]
  .bss               zero     0x2000dee0    0x20  ethernetif.o [1]
  .bss               zero     0x2000df00    0x20  photo.o [1]
  .bss               zero     0x2000df20    0x14  fun.o [1]
  .bss               zero     0x2000df34    0x14  moto.o [1]
  .bss               zero     0x2000df48    0x14  moto.o [1]
  .bss               zero     0x2000df5c    0x14  tcp_in.o [1]
  .bss               zero     0x2000df70    0x10  fun.o [1]
  .bss               zero     0x2000df80    0x10  photo.o [1]
  .bss               zero     0x2000df90    0x10  photo.o [1]
  .bss               zero     0x2000dfa0    0x10  photo.o [1]
  .bss               zero     0x2000dfb0     0xc  can_bus.o [1]
  .bss               zero     0x2000dfbc     0xc  can_bus.o [1]
  .bss               zero     0x2000dfc8     0xc  fun.o [1]
  .bss               zero     0x2000dfd4     0xc  fun.o [1]
  .bss               zero     0x2000dfe0     0xc  gndfun.o [1]
  .bss               zero     0x2000dfec     0xc  photo.o [1]
  .bss               zero     0x2000dff8     0xc  photo.o [1]
  .bss               zero     0x2000e004     0xc  photo.o [1]
  .bss               zero     0x2000e010     0x8  ethernetif.o [1]
  .bss               zero     0x2000e018     0x8  fun.o [1]
  .bss               zero     0x2000e020     0x8  gndfun.o [1]
  .bss               zero     0x2000e028     0x8  photo.o [1]
  .bss               zero     0x2000e030     0x8  stm32_eth.o [1]
  .bss               zero     0x2000e038     0x4  can_bus.o [1]
  .bss               zero     0x2000e03c     0x4  fun.o [1]
  .bss               zero     0x2000e040     0x4  fun.o [1]
  .bss               zero     0x2000e044     0x4  fun.o [1]
  .bss               zero     0x2000e048     0x4  fun.o [1]
  .bss               zero     0x2000e04c     0x4  fun.o [1]
  .bss               zero     0x2000e050     0x4  ip.o [1]
  .bss               zero     0x2000e054     0x4  ip.o [1]
  .bss               zero     0x2000e058     0x4  ip_frag.o [1]
  .bss               zero     0x2000e05c     0x4  main.o [1]
  .bss               zero     0x2000e060     0x4  mem.o [1]
  .bss               zero     0x2000e064     0x4  mem.o [1]
  .bss               zero     0x2000e068     0x4  mem.o [1]
  .bss               zero     0x2000e06c     0x4  netconf.o [1]
  .bss               zero     0x2000e070     0x4  netif.o [1]
  .bss               zero     0x2000e074     0x4  netif.o [1]
  .bss               zero     0x2000e078     0x4  raw.o [1]
  .bss               zero     0x2000e07c     0x4  stm32_eth.o [1]
  .bss               zero     0x2000e080     0x4  stm32_eth.o [1]
  .bss               zero     0x2000e084     0x4  stm32f107.o [1]
  .bss               zero     0x2000e088     0x4  stm32f107.o [1]
  .bss               zero     0x2000e08c     0x4  tcp.o [1]
  .bss               zero     0x2000e090     0x4  tcp.o [1]
  .bss               zero     0x2000e094     0x4  tcp.o [1]
  .bss               zero     0x2000e098     0x4  tcp.o [1]
  .bss               zero     0x2000e09c     0x4  tcp.o [1]
  .bss               zero     0x2000e0a0     0x4  tcp.o [1]
  .bss               zero     0x2000e0a4     0x4  tcp_in.o [1]
  .bss               zero     0x2000e0a8     0x4  tcp_in.o [1]
  .bss               zero     0x2000e0ac     0x4  tcp_in.o [1]
  .bss               zero     0x2000e0b0     0x4  tcp_in.o [1]
  .bss               zero     0x2000e0b4     0x4  tcp_in.o [1]
  .bss               zero     0x2000e0b8     0x4  tcp_in.o [1]
  .bss               zero     0x2000e0bc     0x4  udp.o [1]
  .bss               zero     0x2000e0c0     0x2  TCPclient.o [1]
  .bss               zero     0x2000e0c2     0x2  can_bus.o [1]
  .bss               zero     0x2000e0c4     0x2  can_bus.o [1]
  .bss               zero     0x2000e0c6     0x2  gndfun.o [1]
  .bss               zero     0x2000e0c8     0x2  guangdian.o [1]
  .bss               zero     0x2000e0ca     0x2  guangdian.o [1]
  .bss               zero     0x2000e0cc     0x2  guangdian.o [1]
  .bss               zero     0x2000e0ce     0x2  ip.o [1]
  .bss               zero     0x2000e0d0     0x2  ip_frag.o [1]
  .bss               zero     0x2000e0d2     0x2  main.o [1]
  .bss               zero     0x2000e0d4     0x2  main.o [1]
  .bss               zero     0x2000e0d6     0x2  main.o [1]
  .bss               zero     0x2000e0d8     0x2  main.o [1]
  .bss               zero     0x2000e0da     0x2  moto.o [1]
  .bss               zero     0x2000e0dc     0x2  photo.o [1]
  .bss               zero     0x2000e0de     0x2  photo.o [1]
  .bss               zero     0x2000e0e0     0x2  photo.o [1]
  .bss               zero     0x2000e0e2     0x2  tcp_in.o [1]
  .bss               zero     0x2000e0e4     0x2  zongxian.o [1]
  .bss               zero     0x2000e0e6     0x2  zongxian.o [1]
  .bss               zero     0x2000e0e8     0x2  zongxian.o [1]
  .bss               zero     0x2000e0ea     0x1  TCPclient.o [1]
  .bss               zero     0x2000e0eb     0x1  can_bus.o [1]
  .bss               zero     0x2000e0ec     0x1  can_bus.o [1]
  .bss               zero     0x2000e0ed     0x1  can_bus.o [1]
  .bss               zero     0x2000e0ee     0x1  can_bus.o [1]
  .bss               zero     0x2000e0ef     0x1  can_bus.o [1]
  .bss               zero     0x2000e0f0     0x1  can_bus.o [1]
  .bss               zero     0x2000e0f1     0x1  etharp.o [1]
  .bss               zero     0x2000e0f2     0x1  fun.o [1]
  .bss               zero     0x2000e0f3     0x1  fun.o [1]
  .bss               zero     0x2000e0f4     0x1  fun.o [1]
  .bss               zero     0x2000e0f5     0x1  gndfun.o [1]
  .bss               zero     0x2000e0f6     0x1  gndfun.o [1]
  .bss               zero     0x2000e0f7     0x1  guangdian.o [1]
  .bss               zero     0x2000e0f8     0x1  guangdian.o [1]
  .bss               zero     0x2000e0f9     0x1  main.o [1]
  .bss               zero     0x2000e0fa     0x1  main.o [1]
  .bss               zero     0x2000e0fb     0x1  main.o [1]
  .bss               zero     0x2000e0fc     0x1  main.o [1]
  .bss               zero     0x2000e0fd     0x1  main.o [1]
  .bss               zero     0x2000e0fe     0x1  main.o [1]
  .bss               zero     0x2000e0ff     0x1  main.o [1]
  .bss               zero     0x2000e100     0x1  mem.o [1]
  .bss               zero     0x2000e101     0x1  moto.o [1]
  .bss               zero     0x2000e102     0x1  moto.o [1]
  .bss               zero     0x2000e103     0x1  moto.o [1]
  .bss               zero     0x2000e104     0x1  moto.o [1]
  .bss               zero     0x2000e105     0x1  moto.o [1]
  .bss               zero     0x2000e106     0x1  moto.o [1]
  .bss               zero     0x2000e107     0x1  moto.o [1]
  .bss               zero     0x2000e108     0x1  moto.o [1]
  .bss               zero     0x2000e109     0x1  moto.o [1]
  .bss               zero     0x2000e10a     0x1  moto.o [1]
  .bss               zero     0x2000e10b     0x1  moto.o [1]
  .bss               zero     0x2000e10c     0x1  moto.o [1]
  .bss               zero     0x2000e10d     0x1  netif.o [1]
  .bss               zero     0x2000e10e     0x1  photo.o [1]
  .bss               zero     0x2000e10f     0x1  photo.o [1]
  .bss               zero     0x2000e110     0x1  tcp_in.o [1]
  .bss               zero     0x2000e111     0x1  tcp_in.o [1]
  .bss               zero     0x2000e112     0x1  zongxian.o [1]
  .bss               zero     0x2000e113     0x1  zongxian.o [1]
                            - 0x2000e114  0xe0e8

"P2", part 3 of 3:                         0x800
  CSTACK                      0x2000e118   0x800  <Block>
    CSTACK           uninit   0x2000e118   0x800  <Block tail>
                            - 0x2000e918   0x800


*******************************************************************************
*** INIT TABLE
***

          Address     Size
          -------     ----
Zero (__iar_zero_init3)
    1 destination range, total size 0xe0e8:
          0x2000002c  0xe0e8

Copy (__iar_copy_init3)
    1 source range, total size 0x2c (102% of destination):
          0x0801b90c    0x2c
    1 destination range, total size 0x2b:
          0x20000000    0x2b


*******************************************************************************
*** MODULE SUMMARY
***

    Module                  ro code  ro data  rw data
    ------                  -------  -------  -------
E:\car_item_v1\shunfengkeji\car_control_v1.2.7.5\master___CAR_CTRL_PROJECT_v1.2.7.5\Project\EWARMv5_iap\STM3210C-EVAL\Obj: [1]
    TCPclient.o               1 228        1    5 148
    can_bus.o                 1 120        4    1 834
    etharp.o                  2 588               201
    ethernetif.o                720             9 224
    fun.o                     5 120        5    9 248
    gndfun.o                  1 340                64
    guangdian.o                 584                 8
    icmp.o                      504
    inet.o                       54
    inet_chksum.o               172
    ip.o                        872                10
    ip_addr.o                    84
    ip_frag.o                 1 496             1 510
    main.o                    1 444        2       21
    mem.o                       868            10 273
    memp.o                      228            17 776
    misc.o                      152
    moto.o                    3 388        1      343
    netconf.o                   184                52
    netif.o                     320                 9
    pbuf.o                    1 398
    photo.o                   2 560        6      378
    raw.o                       136                 4
    startup_stm32f10x_cl.o      616
    stm32_eth.o               2 302                56
    stm32f107.o               2 272               196
    stm32f10x_bkp.o              32
    stm32f10x_can.o           1 318
    stm32f10x_dma.o             512
    stm32f10x_gpio.o            388
    stm32f10x_it.o              552
    stm32f10x_rcc.o             488       20       20
    stm32f10x_tim.o              54
    stm32f10x_usart.o           432
    system_stm32f10x.o          408
    tcp.o                     1 216        4       28
    tcp_in.o                  4 956                48
    tcp_out.o                 2 428
    udp.o                     1 024                 4
    zongxian.o                  232             1 164
    -------------------------------------------------
    Total:                   45 790       43   57 619

command line: [2]
    -------------------------------------------------
    Total:

dl7M_tlf.a: [3]
    exit.o                        8
    low_level_init.o              4
    -------------------------------------------------
    Total:                       12

m7M_tl.a: [4]
    DblDiv.o                    582
    DblMul.o                    418
    DblToI32.o                   86
    I32ToDbl.o                   26
    -------------------------------------------------
    Total:                    1 112

rt7M_tl.a: [5]
    ABImemcpy.o                 112
    ABImemset.o                 102
    cexit.o                      10
    cmain.o                      22
    copy_init3.o                 46
    cstartup_M.o                 12
    data_init3.o                 44
    zero_init3.o                 34
    -------------------------------------------------
    Total:                      382

shb_l.a: [6]
    exit.o                       20
    -------------------------------------------------
    Total:                       20

    Gaps                         20                 1
    Linker created                        37    2 048
-----------------------------------------------------
    Grand Total:             47 336       80   59 668


*******************************************************************************
*** ENTRY LIST
***

Entry                      Address    Size  Type      Object
-----                      -------    ----  ----      ------
?main                   0x0801b7a5          Code  Gb  cmain.o [5]
ADC1_2_IRQHandler       0x0801b861          Code  Wk  startup_stm32f10x_cl.o [1]
ADCPrescTable           0x20000018     0x4  Data  Lc  stm32f10x_rcc.o [1]
APBAHBPrescTable        0x20000000    0x10  Data  Lc  stm32f10x_rcc.o [1]
ARPTimer                0x2000e06c     0x4  Data  Gb  netconf.o [1]
AddSendMsgToQueue       0x08010205    0x10  Code  Gb  fun.o [1]
BKP_WriteBackupRegister
                        0x080115c1    0x1c  Code  Gb  stm32f10x_bkp.o [1]
BusFault_Handler        0x0801b51d     0x8  Code  Gb  stm32f10x_it.o [1]
CAN1_RX0_IRQHandler     0x0801b6a5    0x2c  Code  Gb  stm32f10x_it.o [1]
CAN1_RX1_IRQHandler     0x0801b86d          Code  Wk  startup_stm32f10x_cl.o [1]
CAN1_SCE_IRQHandler     0x0801b871          Code  Wk  startup_stm32f10x_cl.o [1]
CAN1_TX_IRQHandler      0x0801b865          Code  Wk  startup_stm32f10x_cl.o [1]
CAN2_RX0_IRQHandler     0x0801b8fd          Code  Wk  startup_stm32f10x_cl.o [1]
CAN2_RX1_IRQHandler     0x0801b901          Code  Wk  startup_stm32f10x_cl.o [1]
CAN2_SCE_IRQHandler     0x0801b905          Code  Wk  startup_stm32f10x_cl.o [1]
CAN2_TX_IRQHandler      0x0801b8f9          Code  Wk  startup_stm32f10x_cl.o [1]
CAN_ClearITPendingBit   0x08013e4d    0x96  Code  Gb  stm32f10x_can.o [1]
CAN_Configuration       0x080196bb    0xaa  Code  Gb  stm32f107.o [1]
CAN_DeInit              0x080139bd    0x34  Code  Gb  stm32f10x_can.o [1]
CAN_FIFORelease         0x08013d63    0x12  Code  Gb  stm32f10x_can.o [1]
CAN_FilterInit          0x08013b01    0xe2  Code  Gb  stm32f10x_can.o [1]
CAN_ITConfig            0x08013c2d    0x18  Code  Gb  stm32f10x_can.o [1]
CAN_Init                0x080139f1   0x110  Code  Gb  stm32f10x_can.o [1]
CAN_Receive             0x08013d75    0xd8  Code  Gb  stm32f10x_can.o [1]
CAN_StructInit          0x08013be3    0x2e  Code  Gb  stm32f10x_can.o [1]
CAN_Transmit            0x08013c45   0x11e  Code  Gb  stm32f10x_can.o [1]
CSTACK$$Base            0x2000e118           --   Gb  - Linker created -
CSTACK$$Limit           0x2000e918           --   Gb  - Linker created -
DEBUG_recv_flag         0x2000e0fa     0x1  Data  Gb  main.o [1]
DMA1_Channel1_IRQHandler
                        0x0801b845          Code  Wk  startup_stm32f10x_cl.o [1]
DMA1_Channel2_IRQHandler
                        0x0801b849          Code  Wk  startup_stm32f10x_cl.o [1]
DMA1_Channel3_IRQHandler
                        0x0801b84d          Code  Wk  startup_stm32f10x_cl.o [1]
DMA1_Channel4_IRQHandler
                        0x0801b579    0x2c  Code  Gb  stm32f10x_it.o [1]
DMA1_Channel5_IRQHandler
                        0x0801b855          Code  Wk  startup_stm32f10x_cl.o [1]
DMA1_Channel6_IRQHandler
                        0x0801b859          Code  Wk  startup_stm32f10x_cl.o [1]
DMA1_Channel7_IRQHandler
                        0x0801b85d          Code  Wk  startup_stm32f10x_cl.o [1]
DMA2_Channel1_IRQHandler
                        0x0801b8dd          Code  Wk  startup_stm32f10x_cl.o [1]
DMA2_Channel2_IRQHandler
                        0x0801b8e1          Code  Wk  startup_stm32f10x_cl.o [1]
DMA2_Channel3_IRQHandler
                        0x0801b8e5          Code  Wk  startup_stm32f10x_cl.o [1]
DMA2_Channel4_IRQHandler
                        0x0801b8e9          Code  Wk  startup_stm32f10x_cl.o [1]
DMA2_Channel5_IRQHandler
                        0x0801b557    0x22  Code  Gb  stm32f10x_it.o [1]
DMARxDescToGet          0x2000e080     0x4  Data  Gb  stm32_eth.o [1]
DMARxDscrTab            0x2000dd60    0x40  Data  Gb  ethernetif.o [1]
DMATxDescToSet          0x2000e07c     0x4  Data  Gb  stm32_eth.o [1]
DMATxDscrTab            0x2000dee0    0x20  Data  Gb  ethernetif.o [1]
DMA_ClearFlag           0x080134c5    0x10  Code  Gb  stm32f10x_dma.o [1]
DMA_Cmd                 0x08013485    0x1c  Code  Gb  stm32f10x_dma.o [1]
DMA_Configuration       0x08019553   0x168  Code  Gb  stm32f107.o [1]
DMA_DeInit              0x0801333d   0x10a  Code  Gb  stm32f10x_dma.o [1]
DMA_GetCurrDataCounter  0x080134bf     0x6  Code  Gb  stm32f10x_dma.o [1]
DMA_GetITStatus         0x080134d5    0x22  Code  Gb  stm32f10x_dma.o [1]
DMA_ITConfig            0x080134a1    0x18  Code  Gb  stm32f10x_dma.o [1]
DMA_Init                0x08013447    0x3e  Code  Gb  stm32f10x_dma.o [1]
DMA_SetCurrDataCounter  0x080134b9     0x6  Code  Gb  stm32f10x_dma.o [1]
DebugMon_Handler        0x0801b52f     0x2  Code  Gb  stm32f10x_it.o [1]
Debug_recv_buff         0x2000dda0    0x34  Data  Gb  zongxian.o [1]
Debug_recv_buff_shadow  0x2000ddd4    0x34  Data  Gb  zongxian.o [1]
Debug_recv_count        0x2000e112     0x1  Data  Gb  zongxian.o [1]
Debug_send_buff         0x2000de08    0x34  Data  Gb  zongxian.o [1]
ETH_DMAITConfig         0x0801937b    0x28  Code  Gb  stm32_eth.o [1]
ETH_DMAReceptionCmd     0x08019359    0x22  Code  Gb  stm32_eth.o [1]
ETH_DMARxDescChainInit  0x08019263    0x4c  Code  Gb  stm32_eth.o [1]
ETH_DMARxDescReceiveITConfig
                        0x080192c1    0x1a  Code  Gb  stm32_eth.o [1]
ETH_DMATransmissionCmd  0x08019337    0x22  Code  Gb  stm32_eth.o [1]
ETH_DMATxDescChainInit  0x08019215    0x46  Code  Gb  stm32_eth.o [1]
ETH_DMATxDescChecksumInsertionConfig
                        0x0801925b     0x8  Code  Gb  stm32_eth.o [1]
ETH_DeInit              0x08018b7d    0x18  Code  Gb  stm32_eth.o [1]
ETH_Delay               0x080193f9    0x1e  Code  Lc  stm32_eth.o [1]
ETH_FlushTransmitFIFO   0x08019329     0xe  Code  Gb  stm32_eth.o [1]
ETH_GetCurrentTxBuffer  0x0801b4bb     0x8  Code  Gb  ethernetif.o [1]
ETH_GetDMARxDescFrameLength
                        0x080192b9     0x8  Code  Gb  stm32_eth.o [1]
ETH_GetRxPktSize        0x0801909b    0x26  Code  Gb  stm32_eth.o [1]
ETH_GetSoftwareResetStatus
                        0x080192fd    0x16  Code  Gb  stm32_eth.o [1]
ETH_IRQHandler          0x0801b8f1          Code  Wk  startup_stm32f10x_cl.o [1]
ETH_Init                0x08018b95   0x3fc  Code  Gb  stm32_eth.o [1]
ETH_InitStructure       0x2000dbb4    0xbc  Data  Gb  stm32f107.o [1]
ETH_MACAddressConfig    0x080191eb    0x2a  Code  Gb  stm32_eth.o [1]
ETH_MACReceptionCmd     0x080191c1    0x2a  Code  Gb  stm32_eth.o [1]
ETH_MACTransmissionCmd  0x08019197    0x2a  Code  Gb  stm32_eth.o [1]
ETH_ReadPHYRegister     0x080190c1    0x6a  Code  Gb  stm32_eth.o [1]
ETH_RxPkt_ChainMode     0x0801b3d7    0x88  Code  Gb  ethernetif.o [1]
ETH_SoftwareReset       0x080192db    0x12  Code  Gb  stm32_eth.o [1]
ETH_Start               0x0801907b    0x20  Code  Gb  stm32_eth.o [1]
ETH_StructInit          0x08018f91    0xea  Code  Gb  stm32_eth.o [1]
ETH_TxPkt_ChainMode     0x0801b45f    0x5c  Code  Gb  ethernetif.o [1]
ETH_WKUP_IRQHandler     0x0801b8f5          Code  Wk  startup_stm32f10x_cl.o [1]
ETH_WritePHYRegister    0x0801912b    0x6c  Code  Gb  stm32_eth.o [1]
EXTI0_IRQHandler        0x0801b831          Code  Wk  startup_stm32f10x_cl.o [1]
EXTI15_10_IRQHandler    0x0801b8b9          Code  Wk  startup_stm32f10x_cl.o [1]
EXTI1_IRQHandler        0x0801b835          Code  Wk  startup_stm32f10x_cl.o [1]
EXTI2_IRQHandler        0x0801b839          Code  Wk  startup_stm32f10x_cl.o [1]
EXTI3_IRQHandler        0x0801b83d          Code  Wk  startup_stm32f10x_cl.o [1]
EXTI4_IRQHandler        0x0801b841          Code  Wk  startup_stm32f10x_cl.o [1]
EXTI9_5_IRQHandler      0x0801b875          Code  Wk  startup_stm32f10x_cl.o [1]
EthInitStatus           0x2000e084     0x4  Data  Gb  stm32f107.o [1]
Ethernet_Configuration  0x080197c1   0x140  Code  Gb  stm32f107.o [1]
FLASH_IRQHandler        0x0801b829          Code  Wk  startup_stm32f10x_cl.o [1]
GPIO_Configuration      0x08019901   0x2b4  Code  Gb  stm32f107.o [1]
GPIO_ETH_MediaInterfaceConfig
                        0x0801332d     0x6  Code  Gb  stm32f10x_gpio.o [1]
GPIO_Init               0x080131b9    0xcc  Code  Gb  stm32f10x_gpio.o [1]
GPIO_PinRemapConfig     0x080132bd    0x70  Code  Gb  stm32f10x_gpio.o [1]
GPIO_ReadInputDataBit   0x08013285    0x16  Code  Gb  stm32f10x_gpio.o [1]
GPIO_ReadOutputDataBit  0x0801329b    0x16  Code  Gb  stm32f10x_gpio.o [1]
GPIO_ResetBits          0x080132b7     0x6  Code  Gb  stm32f10x_gpio.o [1]
GPIO_SetBits            0x080132b1     0x6  Code  Gb  stm32f10x_gpio.o [1]
GetSendMsgFromQueue     0x08010215     0xc  Code  Gb  fun.o [1]
HardFault_Handler       0x0801b50d     0x8  Code  Gb  stm32f10x_it.o [1]
I2C1_ER_IRQHandler      0x0801b899          Code  Wk  startup_stm32f10x_cl.o [1]
I2C1_EV_IRQHandler      0x0801b895          Code  Wk  startup_stm32f10x_cl.o [1]
I2C2_ER_IRQHandler      0x0801b8a1          Code  Wk  startup_stm32f10x_cl.o [1]
I2C2_EV_IRQHandler      0x0801b89d          Code  Wk  startup_stm32f10x_cl.o [1]
INPUT2_count            0x2000e0c8     0x2  Data  Gb  guangdian.o [1]
INPUT2_count_error      0x2000e0cc     0x2  Data  Gb  guangdian.o [1]
InitSendMsgQueue        0x080101f7     0xe  Code  Gb  fun.o [1]
Isphotovalue            0x20000029     0x1  Data  Gb  fun.o [1]
Isplcvalue              0x2000e0f4     0x1  Data  Gb  fun.o [1]
Load_info_t             0x2000d87c    0xdc  Data  Gb  fun.o [1]
LocalTime               0x2000e05c     0x4  Data  Gb  main.o [1]
LwIP_Init               0x0801abb9    0x78  Code  Gb  netconf.o [1]
LwIP_Periodic_Handle    0x0801ac3b    0x1e  Code  Gb  netconf.o [1]
LwIP_Pkt_Handle         0x0801ac31     0xa  Code  Gb  netconf.o [1]
MACaddr                 0x2000e010     0x8  Data  Gb  ethernetif.o [1]
MOTO_MAX_COUNT          0x2000e102     0x1  Data  Gb  moto.o [1]
MemManage_Handler       0x0801b515     0x8  Code  Gb  stm32f10x_it.o [1]
NMI_Handler             0x0801b50b     0x2  Code  Gb  stm32f10x_it.o [1]
NVIC_Configuration      0x08019c2d    0xcc  Code  Gb  stm32f107.o [1]
NVIC_Init               0x0801a04b    0x66  Code  Gb  misc.o [1]
NVIC_PriorityGroupConfig
                        0x0801a041     0xa  Code  Gb  misc.o [1]
NVIC_SetPriority        0x08019419    0x26  Code  Lc  stm32f107.o [1]
NVIC_SetVectorTable     0x0801a0b1     0xc  Code  Gb  misc.o [1]
NVIC_SystemReset        0x08010151    0x1c  Code  Lc  fun.o [1]
NVIC_SystemReset        0x0801b4f5    0x16  Code  Lc  stm32f10x_it.o [1]
OTG_FS_IRQHandler       0x0801b909          Code  Wk  startup_stm32f10x_cl.o [1]
OTG_FS_WKUP_IRQHandler  0x0801b8c1          Code  Wk  startup_stm32f10x_cl.o [1]
PVD_IRQHandler          0x0801b81d          Code  Wk  startup_stm32f10x_cl.o [1]
PendSV_Handler          0x0801b531     0x2  Code  Gb  stm32f10x_it.o [1]
Photoeletricity_Process
                        0x08013ee5   0x248  Code  Gb  guangdian.o [1]
RCC_AHBPeriphClockCmd   0x08014239    0x20  Code  Gb  stm32f10x_rcc.o [1]
RCC_AHBPeriphResetCmd   0x08014299    0x20  Code  Gb  stm32f10x_rcc.o [1]
RCC_APB1PeriphClockCmd  0x08014279    0x20  Code  Gb  stm32f10x_rcc.o [1]
RCC_APB1PeriphResetCmd  0x080142b9    0x20  Code  Gb  stm32f10x_rcc.o [1]
RCC_APB2PeriphClockCmd  0x08014259    0x20  Code  Gb  stm32f10x_rcc.o [1]
RCC_GetClocksFreq       0x0801412d   0x10c  Code  Gb  stm32f10x_rcc.o [1]
RCC_IRQHandler          0x0801b82d          Code  Wk  startup_stm32f10x_cl.o [1]
RCC_MCOConfig           0x080142d9     0x6  Code  Gb  stm32f10x_rcc.o [1]
RTCAlarm_IRQHandler     0x0801b8bd          Code  Wk  startup_stm32f10x_cl.o [1]
RTC_IRQHandler          0x0801b825          Code  Wk  startup_stm32f10x_cl.o [1]
Region$$Table$$Base     0x0801b780           --   Gb  - Linker created -
Region$$Table$$Limit    0x0801b7a4           --   Gb  - Linker created -
Rx_Buff                 0x200089d0  0x17c0  Data  Gb  ethernetif.o [1]
SPI1_IRQHandler         0x0801b8a5          Code  Wk  startup_stm32f10x_cl.o [1]
SPI2_IRQHandler         0x0801b8a9          Code  Wk  startup_stm32f10x_cl.o [1]
SPI3_IRQHandler         0x0801b8c9          Code  Wk  startup_stm32f10x_cl.o [1]
SVC_Handler             0x0801b52d     0x2  Code  Gb  stm32f10x_it.o [1]
SetSysClock             0x08019f07     0x8  Code  Lc  system_stm32f10x.o [1]
SetSysClockTo72         0x08019f0f   0x10e  Code  Lc  system_stm32f10x.o [1]
Set_MAC_Address         0x0801b225    0x30  Code  Gb  ethernetif.o [1]
SysTick_Config          0x0801943f    0x36  Code  Lc  stm32f107.o [1]
SysTick_Handler         0x0801b533     0x8  Code  Gb  stm32f10x_it.o [1]
SystemInit              0x08019ea9    0x5e  Code  Gb  system_stm32f10x.o [1]
System_Setup            0x08019765    0x5c  Code  Gb  stm32f107.o [1]
TAMPER_IRQHandler       0x0801b821          Code  Wk  startup_stm32f10x_cl.o [1]
TCP_send_dely           0x2000e0ea     0x1  Data  Gb  TCPclient.o [1]
TIM1_BRK_IRQHandler     0x0801b879          Code  Wk  startup_stm32f10x_cl.o [1]
TIM1_CC_IRQHandler      0x0801b885          Code  Wk  startup_stm32f10x_cl.o [1]
TIM1_TRG_COM_IRQHandler
                        0x0801b881          Code  Wk  startup_stm32f10x_cl.o [1]
TIM1_UP_IRQHandler      0x0801b87d          Code  Wk  startup_stm32f10x_cl.o [1]
TIM2_IRQHandler         0x0801b53b    0x1c  Code  Gb  stm32f10x_it.o [1]
TIM3_IRQHandler         0x0801b88d          Code  Wk  startup_stm32f10x_cl.o [1]
TIM4_IRQHandler         0x0801b891          Code  Wk  startup_stm32f10x_cl.o [1]
TIM5_IRQHandler         0x0801b8c5          Code  Wk  startup_stm32f10x_cl.o [1]
TIM6_IRQHandler         0x0801b8d5          Code  Wk  startup_stm32f10x_cl.o [1]
TIM7_IRQHandler         0x0801b8d9          Code  Wk  startup_stm32f10x_cl.o [1]
TIM_ClearITPendingBit   0x0801b74b     0x8  Code  Gb  stm32f10x_tim.o [1]
TIM_GetITStatus         0x0801b71d    0x2e  Code  Gb  stm32f10x_tim.o [1]
Time_Update             0x0801a3f1    0xa6  Code  Gb  main.o [1]
Tx_Buff                 0x2000b5a8   0xbe0  Data  Gb  ethernetif.o [1]
UART4_IRQHandler        0x0801b5a5    0x78  Code  Gb  stm32f10x_it.o [1]
UART5_IRQHandler        0x0801b8d1          Code  Wk  startup_stm32f10x_cl.o [1]
USART1_IRQHandler       0x0801b61f    0x86  Code  Gb  stm32f10x_it.o [1]
USART2_IRQHandler       0x0801b61d     0x2  Code  Gb  stm32f10x_it.o [1]
USART3_IRQHandler       0x0801b8b5          Code  Wk  startup_stm32f10x_cl.o [1]
USART_ClearFlag         0x08019e17     0xc  Code  Gb  stm32f10x_usart.o [1]
USART_ClearITPendingBit
                        0x08019e87    0x22  Code  Gb  stm32f10x_usart.o [1]
USART_Cmd               0x08019d91    0x1c  Code  Gb  stm32f10x_usart.o [1]
USART_Configuration     0x0801948f    0xc4  Code  Gb  stm32f107.o [1]
USART_DMACmd            0x08019dff    0x18  Code  Gb  stm32f10x_usart.o [1]
USART_GetITStatus       0x08019e23    0x64  Code  Gb  stm32f10x_usart.o [1]
USART_ITConfig          0x08019dad    0x52  Code  Gb  stm32f10x_usart.o [1]
USART_Init              0x08019cf9    0x90  Code  Gb  stm32f10x_usart.o [1]
Unload_info_t           0x2000d770   0x10c  Data  Gb  fun.o [1]
UsageFault_Handler      0x0801b525     0x8  Code  Gb  stm32f10x_it.o [1]
WCS_ACK_timer           0x2000e0c0     0x2  Data  Gb  TCPclient.o [1]
WCS_reply_timer_out     0x2000e0f2     0x1  Data  Gb  fun.o [1]
WIFI_test               0x2000e03c     0x4  Data  Gb  fun.o [1]
WWDG_IRQHandler         0x0801b819          Code  Wk  startup_stm32f10x_cl.o [1]
XIAOCHE_GROUP_NUM       0x2000e101     0x1  Data  Gb  moto.o [1]
XIAOCHE_START_NUM       0x2000e0da     0x2  Data  Gb  moto.o [1]
__aeabi_d2iz            0x08013965          Code  Gb  DblToI32.o [4]
__aeabi_d2uiz           0x08013991          Code  Gb  DblToI32.o [4]
__aeabi_ddiv            0x0801371d          Code  Gb  DblDiv.o [4]
__aeabi_dmul            0x08013579          Code  Gb  DblMul.o [4]
__aeabi_memcpy          0x08011551          Code  Gb  ABImemcpy.o [5]
__aeabi_memcpy4         0x0801156b          Code  Gb  ABImemcpy.o [5]
__aeabi_memcpy8         0x0801156b          Code  Gb  ABImemcpy.o [5]
__aeabi_memset          0x08017265          Code  Gb  ABImemset.o [5]
__aeabi_ui2d            0x0801353d          Code  Gb  I32ToDbl.o [4]
__cmain                 0x0801b7a5          Code  Gb  cmain.o [5]
__exit                  0x0801b7d5    0x14  Code  Gb  exit.o [6]
__iar_Memset            0x08017265          Code  Gb  ABImemset.o [5]
__iar_Memset_word       0x0801726d          Code  Gb  ABImemset.o [5]
__iar_copy_init3        0x0801278b    0x2e  Code  Gb  copy_init3.o [5]
__iar_d2uiz             0x0801399b          Code  Gb  DblToI32.o [4]
__iar_data_init3        0x0801b755    0x2c  Code  Gb  data_init3.o [5]
__iar_program_start     0x0801b7e9          Code  Gb  cstartup_M.o [5]
__iar_ui2d              0x0801353f          Code  Gb  I32ToDbl.o [4]
__iar_zero_init3        0x08013557    0x22  Code  Gb  zero_init3.o [5]
__low_level_init        0x0801b7bb     0x4  Code  Gb  low_level_init.o [3]
__vector_table          0x08010000          Data  Gb  startup_stm32f10x_cl.o [1]
_call_main              0x0801b7b1          Code  Gb  cmain.o [5]
_exit                   0x0801b7c9          Code  Gb  cexit.o [5]
_main                   0x0801b7b7          Code  Gb  cmain.o [5]
ackno                   0x2000e0b0     0x4  Data  Lc  tcp_in.o [1]
arp_table               0x2000da24    0xc8  Data  Lc  etharp.o [1]
broadcast_pthoto_over_flag
                        0x2000e0f9     0x1  Data  Gb  main.o [1]
buf                     0x2000c888   0x5e0  Data  Lc  ip_frag.o [1]
can_bus_frame_receive   0x080125e9    0x70  Code  Gb  can_bus.o [1]
can_bus_send_photo_electricity
                        0x08012659    0x5c  Code  Gb  can_bus.o [1]
can_bus_send_wcs_msg    0x080126b5    0x80  Code  Gb  can_bus.o [1]
can_resend_cnt_1        0x2000e0ed     0x1  Data  Gb  can_bus.o [1]
can_resend_cnt_2        0x2000e0ee     0x1  Data  Gb  can_bus.o [1]
can_resend_delay_1      0x2000e0eb     0x1  Data  Gb  can_bus.o [1]
can_resend_delay_2      0x2000e0ec     0x1  Data  Gb  can_bus.o [1]
can_send_buff           0x20000010     0x4  Data  Gb  can_bus.o [1]
can_send_cnt            0x2000e0fd     0x1  Data  Gb  main.o [1]
can_send_cnt_bk         0x2000e0fe     0x1  Data  Gb  main.o [1]
can_send_flag_1         0x2000e0ef     0x1  Data  Gb  can_bus.o [1]
can_send_flag_2         0x2000e0f0     0x1  Data  Gb  can_bus.o [1]
can_send_timeout        0x08012509    0x86  Code  Gb  can_bus.o [1]
can_send_tot            0x2000e0c2     0x2  Data  Gb  can_bus.o [1]
canframequeue           0x2000dfb0     0xc  Data  Gb  can_bus.o [1]
canframequeuebuff       0x2000c188   0x700  Data  Gb  can_bus.o [1]
car2WcsOnlineData       0x2000df70    0x10  Data  Gb  fun.o [1]
check_car_cmd_process   0x08010557    0xa0  Code  Gb  fun.o [1]
check_motor_flag        0x2000e0fc     0x1  Data  Gb  main.o [1]
creat_udp_connect_process
                        0x0801ac71    0x96  Code  Gb  TCPclient.o [1]
cur_moto_para_num       0x2000e109     0x1  Data  Gb  moto.o [1]
current_header          0x2000e054     0x4  Data  Lc  ip.o [1]
current_netif           0x2000e050     0x4  Data  Lc  ip.o [1]
enQueue                 0x0801019f    0x32  Code  Gb  fun.o [1]
etharp_arp_input        0x08018517   0x156  Code  Gb  etharp.o [1]
etharp_cached_entry     0x2000e0f1     0x1  Data  Lc  etharp.o [1]
etharp_ip_input         0x080184f1    0x26  Code  Gb  etharp.o [1]
etharp_output           0x0801866d    0xc0  Code  Gb  etharp.o [1]
etharp_query            0x0801872d   0x1ac  Code  Gb  etharp.o [1]
etharp_raw              0x080188e1    0xf0  Code  Lc  etharp.o [1]
etharp_request          0x080189d1    0x28  Code  Gb  etharp.o [1]
etharp_send_ip          0x080183ad    0x40  Code  Lc  etharp.o [1]
etharp_tmr              0x08018079    0xba  Code  Gb  etharp.o [1]
ethbroadcast            0x08018a5c     0x8  Data  Gb  etharp.o [1]
ethconfig               0x2000e088     0x4  Data  Gb  stm32f107.o [1]
ethernet_input          0x080189f9    0x62  Code  Gb  etharp.o [1]
ethernetif_init         0x0801b39b    0x3c  Code  Gb  ethernetif.o [1]
ethernetif_input        0x0801b367    0x34  Code  Gb  ethernetif.o [1]
ethinit_configstruct    0x08018b19    0x64  Code  Gb  stm32_eth.o [1]
ethinitconfig           0x2000e030     0x8  Data  Gb  stm32_eth.o [1]
ethinitdata             0x2000de94    0x28  Data  Gb  stm32_eth.o [1]
ethzero                 0x08018a64     0x8  Data  Gb  etharp.o [1]
exit                    0x0801b7bf     0x8  Code  Gb  exit.o [3]
find_entry              0x08018133   0x27a  Code  Lc  etharp.o [1]
flags                   0x2000e110     0x1  Data  Lc  tcp_in.o [1]
free_etharp_q           0x08018051    0x28  Code  Lc  etharp.o [1]
fun_head_car_position_cmd
                        0x08010dc1   0x1b2  Code  Gb  fun.o [1]
fun_heart_init          0x0801016d    0x22  Code  Gb  fun.o [1]
fun_send_slaver_heart_err_cmd
                        0x08010f85    0x9a  Code  Gb  fun.o [1]
fun_upload_heart_err_process
                        0x08011431    0x2c  Code  Gb  fun.o [1]
funheart                0x2000e018     0x8  Data  Gb  fun.o [1]
get_ip_para_process     0x0801b03f    0xc8  Code  Gb  TCPclient.o [1]
get_load_num            0x08011a19   0x14c  Code  Gb  moto.o [1]
get_xialiao_num_process
                        0x080117f3   0x226  Code  Gb  moto.o [1]
gndcnt                  0x2000e020     0x8  Data  Gb  gndfun.o [1]
gndcntflag              0x2000e0f5     0x1  Data  Gb  gndfun.o [1]
gndfirstreset           0x2000e0f6     0x1  Data  Gb  gndfun.o [1]
gndfunmsgBuff           0x2000de6c    0x28  Data  Gb  gndfun.o [1]
gndfunmsgQueue          0x2000dfe0     0xc  Data  Gb  gndfun.o [1]
gndposcnt               0x2000e0c6     0x2  Data  Gb  gndfun.o [1]
gndtrig                 0x2000dfa0    0x10  Data  Gb  photo.o [1]
guangdian_error         0x2000e0f7     0x1  Data  Gb  guangdian.o [1]
headcarpositoon         0x2000e04c     0x4  Data  Gb  fun.o [1]
heart_dely              0x20000028     0x1  Data  Gb  TCPclient.o [1]
htonl                   0x08015687    0x18  Code  Gb  inet.o [1]
htons                   0x08015671     0xc  Code  Gb  inet.o [1]
icmp_dest_unreach       0x08017fc7     0xe  Code  Gb  icmp.o [1]
icmp_input              0x08017e59   0x16e  Code  Gb  icmp.o [1]
icmp_send_response      0x08017fe3    0x6e  Code  Lc  icmp.o [1]
icmp_time_exceeded      0x08017fd5     0xe  Code  Gb  icmp.o [1]
inet_chksum             0x08018ab7     0xe  Code  Gb  inet_chksum.o [1]
inet_chksum_pbuf        0x08018ac5    0x54  Code  Gb  inet_chksum.o [1]
initQueue               0x0801018f    0x10  Code  Gb  fun.o [1]
init_ethconfig_struct   0x08019475    0x1a  Code  Gb  stm32f107.o [1]
inseg                   0x2000df5c    0x14  Data  Lc  tcp_in.o [1]
ip_addr_any             0x08015c6c     0x4  Data  Gb  ip_addr.o [1]
ip_addr_isbroadcast     0x08015c1d    0x50  Code  Gb  ip_addr.o [1]
ip_frag                 0x0801786b   0x16a  Code  Gb  ip_frag.o [1]
ip_input                0x08016f49   0x19e  Code  Gb  ip.o [1]
ip_output               0x08017229    0x3c  Code  Gb  ip.o [1]
ip_output_if            0x080170e7   0x12c  Code  Gb  ip.o [1]
ip_reass                0x080176c5   0x1a6  Code  Gb  ip_frag.o [1]
ip_reass_chain_frag_into_datagram_and_validate
                        0x0801758b   0x13a  Code  Lc  ip_frag.o [1]
ip_reass_dequeue_datagram
                        0x08017565    0x26  Code  Lc  ip_frag.o [1]
ip_reass_enqueue_new_datagram
                        0x0801750b    0x5a  Code  Lc  ip_frag.o [1]
ip_reass_free_complete_datagram
                        0x0801740d    0x86  Code  Lc  ip_frag.o [1]
ip_reass_pbufcount      0x2000e0d0     0x2  Data  Lc  ip_frag.o [1]
ip_reass_remove_oldest_datagram
                        0x08017493    0x78  Code  Lc  ip_frag.o [1]
ip_route                0x08016efd    0x4c  Code  Gb  ip.o [1]
iphdr                   0x2000e0a8     0x4  Data  Lc  tcp_in.o [1]
key_value               0x2000e0fb     0x1  Data  Gb  main.o [1]
lfree                   0x2000e068     0x4  Data  Lc  mem.o [1]
low_level_init          0x0801b255    0x8c  Code  Lc  ethernetif.o [1]
low_level_input         0x0801b30f    0x58  Code  Lc  ethernetif.o [1]
low_level_output        0x0801b2e1    0x2e  Code  Lc  ethernetif.o [1]
lwip_standard_chksum    0x08018a6d    0x4a  Code  Lc  inet_chksum.o [1]
main                    0x0801a325    0xcc  Code  Gb  main.o [1]
main_onems_process      0x0801a497   0x154  Code  Gb  main.o [1]
max_guandian_count_u16  0x2000e0d4     0x2  Data  Gb  main.o [1]
mem_free                0x08016c69    0x4a  Code  Gb  mem.o [1]
mem_init                0x08016c15    0x54  Code  Gb  mem.o [1]
mem_malloc              0x08016db5   0x11e  Code  Gb  mem.o [1]
mem_realloc             0x08016cb3   0x102  Code  Gb  mem.o [1]
mem_sem                 0x2000e100     0x1  Data  Lc  mem.o [1]
memcpy                  0x0801277d     0xe  Code  Gb  tcp_out.o [1]
memp_free               0x080161bf    0x24  Code  Gb  memp.o [1]
memp_init               0x08016131    0x5e  Code  Gb  memp.o [1]
memp_malloc             0x0801618f    0x30  Code  Gb  memp.o [1]
memp_memory             0x2000002c  0x454c  Data  Lc  memp.o [1]
memp_num                0x08016200    0x14  Data  Lc  memp.o [1]
memp_sizes              0x080161ec    0x14  Data  Lc  memp.o [1]
memp_tab                0x2000debc    0x24  Data  Lc  memp.o [1]
memset                  0x08016ee9    0x14  Code  Gb  udp.o [1]
moto_commu_statue       0x2000e105     0x1  Data  Gb  moto.o [1]
moto_ctr_process        0x080121d9    0xe2  Code  Gb  moto.o [1]
moto_ctr_statue         0x2000002a     0x1  Data  Gb  moto.o [1]
moto_para               0x2000d650   0x120  Data  Gb  moto.o [1]
moto_ready_recv_process
                        0x080115e1    0x28  Code  Gb  moto.o [1]
moto_recv_buff          0x2000df48    0x14  Data  Gb  moto.o [1]
moto_recv_count         0x2000e104     0x1  Data  Gb  moto.o [1]
moto_recv_now_process   0x0801164d   0x1a6  Code  Gb  moto.o [1]
moto_recv_statue        0x2000e107     0x1  Data  Gb  moto.o [1]
moto_reply_count        0x2000e10c     0x1  Data  Gb  moto.o [1]
moto_reply_outtimer     0x2000e10b     0x1  Data  Gb  moto.o [1]
moto_send_buff          0x2000df34    0x14  Data  Gb  moto.o [1]
moto_send_count         0x2000e103     0x1  Data  Gb  moto.o [1]
moto_send_num           0x2000e106     0x1  Data  Gb  moto.o [1]
moto_send_process       0x08011609    0x44  Code  Gb  moto.o [1]
moto_start_ctr          0x2000e108     0x1  Data  Gb  moto.o [1]
moto_statue_comm_en     0x2000e0f8     0x1  Data  Gb  guangdian.o [1]
motor_position_reset    0x08011c25    0x38  Code  Gb  moto.o [1]
msgQueueBuff            0x2000daec    0xc8  Data  Gb  fun.o [1]
msgSendQueue            0x2000dfd4     0xc  Data  Gb  fun.o [1]
msg_pack_id_cnt_u32     0x2000e038     0x4  Data  Gb  can_bus.o [1]
netif                   0x2000de3c    0x30  Data  Gb  netconf.o [1]
netif_add               0x080172cd    0x52  Code  Gb  netif.o [1]
netif_default           0x2000e074     0x4  Data  Gb  netif.o [1]
netif_is_up             0x08017403     0xa  Code  Gb  netif.o [1]
netif_list              0x2000e070     0x4  Data  Gb  netif.o [1]
netif_set_addr          0x0801731f    0x20  Code  Gb  netif.o [1]
netif_set_default       0x080173c1     0x6  Code  Gb  netif.o [1]
netif_set_gw            0x080173a5     0xe  Code  Gb  netif.o [1]
netif_set_ipaddr        0x0801733f    0x66  Code  Gb  netif.o [1]
netif_set_netmask       0x080173b3     0xe  Code  Gb  netif.o [1]
netif_set_up            0x080173dd    0x26  Code  Gb  netif.o [1]
ntohl                   0x0801569f     0x8  Code  Gb  inet.o [1]
ntohs                   0x0801567d     0xa  Code  Gb  inet.o [1]
onems_flag              0x2000e0ff     0x1  Data  Gb  main.o [1]
outQueue                0x080101d1    0x26  Code  Gb  fun.o [1]
pbuf_alloc              0x080156a7   0x1ac  Code  Gb  pbuf.o [1]
pbuf_cat                0x080159fd    0x32  Code  Gb  pbuf.o [1]
pbuf_chain              0x08015a2f    0x12  Code  Gb  pbuf.o [1]
pbuf_clen               0x080159df    0x12  Code  Gb  pbuf.o [1]
pbuf_copy               0x08015a41    0xbe  Code  Gb  pbuf.o [1]
pbuf_copy_partial       0x08015aff    0x98  Code  Gb  pbuf.o [1]
pbuf_free               0x08015969    0x76  Code  Gb  pbuf.o [1]
pbuf_header             0x080158d5    0x94  Code  Gb  pbuf.o [1]
pbuf_realloc            0x08015853    0x82  Code  Gb  pbuf.o [1]
pbuf_ref                0x080159f1     0xc  Code  Gb  pbuf.o [1]
pbuf_take               0x08015b97    0x86  Code  Gb  pbuf.o [1]
photo_bd_cnt_buff       0x2000e004     0xc  Data  Gb  photo.o [1]
photo_deal_with_cnt_photo
                        0x08012d57   0x156  Code  Gb  photo.o [1]
photo_deal_with_reset_photo
                        0x08012ead    0x8a  Code  Gb  photo.o [1]
photo_send_buff         0x2000dfbc     0xc  Data  Gb  can_bus.o [1]
photo_send_len          0x2000e0c4     0x2  Data  Gb  can_bus.o [1]
photo_trig_config       0x08012f37   0x214  Code  Gb  photo.o [1]
photobdcnt              0x2000dc70    0xa0  Data  Gb  photo.o [1]
photobdcntqueue         0x2000dfec     0xc  Data  Gb  photo.o [1]
photolast_num           0x20000022     0x2  Data  Gb  photo.o [1]
photoone_num            0x20000024     0x2  Data  Gb  photo.o [1]
phototrig               0x2000df90    0x10  Data  Gb  photo.o [1]
phototwo_num            0x20000026     0x2  Data  Gb  photo.o [1]
plug_holes              0x08016b85    0x90  Code  Lc  mem.o [1]
port_info               0x2000df00    0x20  Data  Gb  photo.o [1]
positionnode            0x2000dd10    0x50  Data  Gb  photo.o [1]
positionqueue           0x2000dff8     0xc  Data  Gb  photo.o [1]
pre_INPUT2_count        0x2000e0ca     0x2  Data  Gb  guangdian.o [1]
pre_moto_para_num       0x2000e10a     0x1  Data  Gb  moto.o [1]
ram                     0x2000e060     0x4  Data  Lc  mem.o [1]
ram_end                 0x2000e064     0x4  Data  Lc  mem.o [1]
ram_heap                0x20004578  0x2814  Data  Lc  mem.o [1]
raw_input               0x080179e5    0x82  Code  Gb  raw.o [1]
raw_pcbs                0x2000e078     0x4  Data  Lc  raw.o [1]
reassdatagrams          0x2000e058     0x4  Data  Lc  ip_frag.o [1]
recive_wcs_count        0x2000e048     0x4  Data  Gb  fun.o [1]
recv_data               0x2000e0b4     0x4  Data  Lc  tcp_in.o [1]
recv_flags              0x2000e111     0x1  Data  Lc  tcp_in.o [1]
recv_message_from_sever
                        0x08010aef    0x24  Code  Gb  fun.o [1]
recv_moto_statue_process
                        0x0801b13d    0xc4  Code  Gb  zongxian.o [1]
recv_msg_check          0x08010221    0x56  Code  Gb  fun.o [1]
recv_msg_process        0x08010637   0x4b8  Code  Gb  fun.o [1]
recv_slaver_photo_config_process
                        0x080105f7    0x40  Code  Gb  fun.o [1]
reply_index_error       0x2000e044     0x4  Data  Gb  fun.o [1]
reply_recv_msg          0x08010b13    0x5e  Code  Gb  fun.o [1]
reply_recv_msg_error_statue
                        0x08010b71   0x14a  Code  Gb  fun.o [1]
s10_cnt                 0x2000e0d6     0x2  Data  Gb  main.o [1]
sWCS2CarUnloadRunData   0x2000df20    0x14  Data  Gb  fun.o [1]
s_LED_Interval          0x2000e0d8     0x2  Data  Gb  main.o [1]
s_Last_packet_seq       0x20000014     0x4  Data  Gb  fun.o [1]
s_speed_zhuxian_u32     0x2000e040     0x4  Data  Gb  fun.o [1]
scan_key_process        0x0801a23d    0xe8  Code  Gb  main.o [1]
sec_flag                0x2000e0d2     0x2  Data  Gb  main.o [1]
sec_process             0x0801a0d9   0x164  Code  Gb  main.o [1]
sec_reg                 0x20000020     0x2  Data  Gb  main.o [1]
send_message_to_sever   0x080112b9   0x14c  Code  Gb  fun.o [1]
send_moto_para_process  0x08011e57   0x12a  Code  Gb  moto.o [1]
send_moto_run_process   0x08011f81   0x232  Code  Gb  moto.o [1]
send_msg_car2wcs_err_heart
                        0x08010cf5    0x58  Code  Gb  fun.o [1]
send_msg_car2wcs_heart  0x08010cbb    0x3a  Code  Gb  fun.o [1]
send_msg_car2wcs_online_cmd
                        0x08010d4d    0x68  Code  Gb  fun.o [1]
seqno                   0x2000e0ac     0x4  Data  Lc  tcp_in.o [1]
slavefirstreset         0x2000e10f     0x1  Data  Gb  photo.o [1]
slaverbdcnt             0x2000e028     0x8  Data  Gb  photo.o [1]
slavercntflag           0x2000e10e     0x1  Data  Gb  photo.o [1]
slaverheartmsg          0x2000d958    0xcc  Data  Gb  fun.o [1]
statue_car_count        0x2000e113     0x1  Data  Gb  zongxian.o [1]
statue_car_num          0x2000e0e6     0x2  Data  Gb  zongxian.o [1]
statue_guangdian_num    0x2000e0e8     0x2  Data  Gb  zongxian.o [1]
sys_moto_statue         0x2000ce68   0x400  Data  Gb  fun.o [1]
sysmsg                  0x2000df80    0x10  Data  Gb  photo.o [1]
tcp_abandon             0x08015d91    0xb0  Code  Gb  tcp.o [1]
tcp_active_pcbs         0x2000e098     0x4  Data  Gb  tcp.o [1]
tcp_alloc               0x08015f55    0xb6  Code  Gb  tcp.o [1]
tcp_bound_pcbs          0x2000e090     0x4  Data  Gb  tcp.o [1]
tcp_client_list         0x2000a190  0x1418  Data  Gb  TCPclient.o [1]
tcp_close               0x08015c71   0x120  Code  Gb  tcp.o [1]
tcp_eff_send_mss        0x08016109    0x28  Code  Gb  tcp.o [1]
tcp_enqueue             0x080162a5   0x48e  Code  Gb  tcp_out.o [1]
tcp_input               0x08014315   0x4bc  Code  Gb  tcp_in.o [1]
tcp_input_pcb           0x2000e0b8     0x4  Data  Gb  tcp_in.o [1]
tcp_kill_prio           0x08015ed7    0x4a  Code  Lc  tcp.o [1]
tcp_kill_timewait       0x08015f21    0x34  Code  Lc  tcp.o [1]
tcp_listen_input        0x080147d1   0x146  Code  Lc  tcp_in.o [1]
tcp_listen_pcbs         0x2000e094     0x4  Data  Gb  tcp.o [1]
tcp_next_iss            0x080160d1    0x14  Code  Gb  tcp.o [1]
tcp_output              0x08016733   0x26c  Code  Gb  tcp_out.o [1]
tcp_output_segment      0x0801699f    0xbe  Code  Lc  tcp_out.o [1]
tcp_output_set_header   0x08016215    0x76  Code  Lc  tcp_out.o [1]
tcp_parseopt            0x0801559d    0xae  Code  Lc  tcp_in.o [1]
tcp_pcb_purge           0x0801600b    0x3a  Code  Gb  tcp.o [1]
tcp_pcb_remove          0x08016045    0x8c  Code  Gb  tcp.o [1]
tcp_process             0x08014965   0x550  Code  Lc  tcp_in.o [1]
tcp_receive             0x08014ee9   0x6ae  Code  Lc  tcp_in.o [1]
tcp_recv_null           0x08015eb9    0x1e  Code  Lc  tcp.o [1]
tcp_rexmit              0x08016b2f    0x54  Code  Gb  tcp_out.o [1]
tcp_rst                 0x08016a69    0xc6  Code  Gb  tcp_out.o [1]
tcp_seg_free            0x08015e93    0x26  Code  Gb  tcp.o [1]
tcp_segs_free           0x08015e79    0x1a  Code  Gb  tcp.o [1]
tcp_send_ctrl           0x0801628b    0x1a  Code  Gb  tcp_out.o [1]
tcp_ticks               0x2000e08c     0x4  Data  Gb  tcp.o [1]
tcp_timewait_input      0x08014917    0x4e  Code  Lc  tcp_in.o [1]
tcp_tmp_pcb             0x2000e0a0     0x4  Data  Gb  tcp.o [1]
tcp_tw_pcbs             0x2000e09c     0x4  Data  Gb  tcp.o [1]
tcp_update_rcv_ann_wnd  0x08015e41    0x38  Code  Gb  tcp.o [1]
tcphdr                  0x2000e0a4     0x4  Data  Lc  tcp_in.o [1]
tcplen                  0x2000e0e2     0x2  Data  Lc  tcp_in.o [1]
u16gndfun_get_msg_net_Queue
                        0x0801a693    0x26  Code  Gb  gndfun.o [1]
u16gndfun_getmsg_gndQueue
                        0x0801a6b9     0xc  Code  Gb  gndfun.o [1]
u8can_bus_send_one_frame
                        0x08012379    0x68  Code  Gb  can_bus.o [1]
u8gndfun_recvmsg_check  0x0801a7b3    0x30  Code  Gb  gndfun.o [1]
udp_bind                0x08017d5d    0x78  Code  Gb  udp.o [1]
udp_client_process      0x0801af83    0xbc  Code  Gb  TCPclient.o [1]
udp_connect             0x08017dd5    0x5a  Code  Gb  udp.o [1]
udp_echoclient_connect  0x0801ad07   0x11a  Code  Gb  TCPclient.o [1]
udp_input               0x08017a6d   0x1c6  Code  Gb  udp.o [1]
udp_new                 0x08017e39    0x20  Code  Gb  udp.o [1]
udp_pcbs                0x2000e0bc     0x4  Data  Gb  udp.o [1]
udp_receive_callback    0x0801ae21    0xfc  Code  Gb  TCPclient.o [1]
udp_recv                0x08017e2f     0x6  Code  Gb  udp.o [1]
udp_send                0x08017c33     0xc  Code  Gb  udp.o [1]
udp_send_en             0x2000e0f3     0x1  Data  Gb  fun.o [1]
udp_send_process        0x0801af1d    0x66  Code  Gb  TCPclient.o [1]
udp_sendto              0x08017c3f    0x2c  Code  Gb  udp.o [1]
udp_sendto_if           0x08017c6b    0xf2  Code  Gb  udp.o [1]
update_arp_entry        0x080183ed   0x104  Code  Lc  etharp.o [1]
upload_photolast_cnt    0x2000e0e0     0x2  Data  Gb  photo.o [1]
upload_photoone_cnt     0x2000e0dc     0x2  Data  Gb  photo.o [1]
upload_phototwo_cnt     0x2000e0de     0x2  Data  Gb  photo.o [1]
vcan_bus_addto_cansendqueue
                        0x08012337    0x42  Code  Gb  can_bus.o [1]
vcan_bus_init_cansendqueue
                        0x0801231d    0x1a  Code  Gb  can_bus.o [1]
vcan_send_frame_process
                        0x080124bd    0x4c  Code  Gb  can_bus.o [1]
vcan_send_send_msg      0x080123e1    0xdc  Code  Gb  can_bus.o [1]
vcanbus_recv_slaver_photo_cnt
                        0x0801258f    0x5a  Code  Gb  can_bus.o [1]
vfun_slaver_heart_increase
                        0x08011461    0x30  Code  Gb  fun.o [1]
vfun_upload_slaver_err_heart_program
                        0x08011499    0x54  Code  Gb  fun.o [1]
vgnd_deal_with_carpos_process
                        0x0801a88f   0x2be  Code  Gb  gndfun.o [1]
vgndfun_init_net        0x0801a67d    0x16  Code  Gb  gndfun.o [1]
vgndfun_recv_carpos_msg
                        0x0801a6c5    0xee  Code  Gb  gndfun.o [1]
vgndfun_recvmessage_from_sever
                        0x0801a801    0x24  Code  Gb  gndfun.o [1]
vgndfun_recvmsg_process
                        0x0801a7e3    0x1e  Code  Gb  gndfun.o [1]
vgndfun_reply_recv_msg  0x0801a825    0x3a  Code  Gb  gndfun.o [1]
vgndfun_send_message_to_sever
                        0x0801a85f    0x30  Code  Gb  gndfun.o [1]
vpcfun_send_slaver_photo_cnt_cmd
                        0x0801102d   0x270  Code  Gb  fun.o [1]
vphoto_add_to_slaver_bd_queue
                        0x080128ef    0x40  Code  Gb  photo.o [1]
vphoto_add_to_slaver_position_queue
                        0x080127d3    0x40  Code  Gb  photo.o [1]
vphoto_get_from_positionqueue
                        0x08012813    0x2e  Code  Gb  photo.o [1]
vphoto_get_from_slaverbdqueue
                        0x0801292f    0x2e  Code  Gb  photo.o [1]
vphoto_init_slaver_bdcnt_queue
                        0x0801285d    0x92  Code  Gb  photo.o [1]
vphoto_init_slaver_position_queue
                        0x080127b9    0x1a  Code  Gb  photo.o [1]
vphoto_recv_slaver_photo_cmd
                        0x08012979   0x3de  Code  Gb  photo.o [1]
vphoto_upload_positionqueue
                        0x08012841    0x1c  Code  Gb  photo.o [1]
vphoto_upload_slaverbdqueue
                        0x0801295d    0x1c  Code  Gb  photo.o [1]
wcs2CarParaData         0x20006d8c  0x1c44  Data  Gb  fun.o [1]
wcs2carSysEnData        0x2000dfc8     0xc  Data  Gb  fun.o [1]
write_moto_process      0x08011b65    0xc0  Code  Gb  moto.o [1]
xialiao_process         0x08011c5d   0x1fa  Code  Gb  moto.o [1]
xiaoliao_IO_exit_process
                        0x08010481    0xd6  Code  Gb  fun.o [1]
xiaoliao_exit_process   0x08010277   0x20a  Code  Gb  fun.o [1]
zongxian_recv_count     0x2000e0e4     0x2  Data  Gb  zongxian.o [1]
zongxian_send_buff      0x2000d268   0x3e8  Data  Gb  zongxian.o [1]


[1] = E:\car_item_v1\shunfengkeji\car_control_v1.2.7.5\master___CAR_CTRL_PROJECT_v1.2.7.5\Project\EWARMv5_iap\STM3210C-EVAL\Obj
[2] = command line
[3] = dl7M_tlf.a
[4] = m7M_tl.a
[5] = rt7M_tl.a
[6] = shb_l.a

  47 336 bytes of readonly  code memory
      80 bytes of readonly  data memory
  59 668 bytes of readwrite data memory

Errors: none
Warnings: none
