###############################################################################
#                                                                             #
# IAR ELF Linker V6.10.1.52143/W32 for ARM              18/May/2023  19:26:35 #
# Copyright 2007-2010 IAR Systems AB.                                         #
#                                                                             #
#    Output file  =  E:\car_item_v1\shunfengkeji\car_control_v1.2.7.5\master_ #
#                    __CAR_CTRL_PROJECT_v1.2.7.5\Project\EWARMv5_iap\STM3210C #
#                    -EVAL\Exe\STM3210C-EVAL.out                              #
#    Map file     =  E:\car_item_v1\shunfengkeji\car_control_v1.2.7.5\master_ #
#                    __CAR_CTRL_PROJECT_v1.2.7.5\Project\EWARMv5_iap\STM3210C #
#                    -EVAL\List\STM3210C-EVAL.map                             #
#    Command line =  E:\car_item_v1\shunfengkeji\car_control_v1.2.7.5\master_ #
#                    __CAR_CTRL_PROJECT_v1.2.7.5\Project\EWARMv5_iap\STM3210C #
#                    -EVAL\Obj\TCPclient.o E:\car_item_v1\shunfengkeji\car_co #
#                    ntrol_v1.2.7.5\master___CAR_CTRL_PROJECT_v1.2.7.5\Projec #
#                    t\EWARMv5_iap\STM3210C-EVAL\Obj\api_lib.o                #
#                    E:\car_item_v1\shunfengkeji\car_control_v1.2.7.5\master_ #
#                    __CAR_CTRL_PROJECT_v1.2.7.5\Project\EWARMv5_iap\STM3210C #
#                    -EVAL\Obj\api_msg.o E:\car_item_v1\shunfengkeji\car_cont #
#                    rol_v1.2.7.5\master___CAR_CTRL_PROJECT_v1.2.7.5\Project\ #
#                    EWARMv5_iap\STM3210C-EVAL\Obj\autoip.o                   #
#                    E:\car_item_v1\shunfengkeji\car_control_v1.2.7.5\master_ #
#                    __CAR_CTRL_PROJECT_v1.2.7.5\Project\EWARMv5_iap\STM3210C #
#                    -EVAL\Obj\can_bus.o E:\car_item_v1\shunfengkeji\car_cont #
#                    rol_v1.2.7.5\master___CAR_CTRL_PROJECT_v1.2.7.5\Project\ #
#                    EWARMv5_iap\STM3210C-EVAL\Obj\core_cm3.o                 #
#                    E:\car_item_v1\shunfengkeji\car_control_v1.2.7.5\master_ #
#                    __CAR_CTRL_PROJECT_v1.2.7.5\Project\EWARMv5_iap\STM3210C #
#                    -EVAL\Obj\dhcp.o E:\car_item_v1\shunfengkeji\car_control #
#                    _v1.2.7.5\master___CAR_CTRL_PROJECT_v1.2.7.5\Project\EWA #
#                    RMv5_iap\STM3210C-EVAL\Obj\err.o                         #
#                    E:\car_item_v1\shunfengkeji\car_control_v1.2.7.5\master_ #
#                    __CAR_CTRL_PROJECT_v1.2.7.5\Project\EWARMv5_iap\STM3210C #
#                    -EVAL\Obj\etharp.o E:\car_item_v1\shunfengkeji\car_contr #
#                    ol_v1.2.7.5\master___CAR_CTRL_PROJECT_v1.2.7.5\Project\E #
#                    WARMv5_iap\STM3210C-EVAL\Obj\ethernetif.o                #
#                    E:\car_item_v1\shunfengkeji\car_control_v1.2.7.5\master_ #
#                    __CAR_CTRL_PROJECT_v1.2.7.5\Project\EWARMv5_iap\STM3210C #
#                    -EVAL\Obj\fun.o E:\car_item_v1\shunfengkeji\car_control_ #
#                    v1.2.7.5\master___CAR_CTRL_PROJECT_v1.2.7.5\Project\EWAR #
#                    Mv5_iap\STM3210C-EVAL\Obj\guangdian.o                    #
#                    E:\car_item_v1\shunfengkeji\car_control_v1.2.7.5\master_ #
#                    __CAR_CTRL_PROJECT_v1.2.7.5\Project\EWARMv5_iap\STM3210C #
#                    -EVAL\Obj\icmp.o E:\car_item_v1\shunfengkeji\car_control #
#                    _v1.2.7.5\master___CAR_CTRL_PROJECT_v1.2.7.5\Project\EWA #
#                    RMv5_iap\STM3210C-EVAL\Obj\igmp.o                        #
#                    E:\car_item_v1\shunfengkeji\car_control_v1.2.7.5\master_ #
#                    __CAR_CTRL_PROJECT_v1.2.7.5\Project\EWARMv5_iap\STM3210C #
#                    -EVAL\Obj\inet.o E:\car_item_v1\shunfengkeji\car_control #
#                    _v1.2.7.5\master___CAR_CTRL_PROJECT_v1.2.7.5\Project\EWA #
#                    RMv5_iap\STM3210C-EVAL\Obj\inet_chksum.o                 #
#                    E:\car_item_v1\shunfengkeji\car_control_v1.2.7.5\master_ #
#                    __CAR_CTRL_PROJECT_v1.2.7.5\Project\EWARMv5_iap\STM3210C #
#                    -EVAL\Obj\init.o E:\car_item_v1\shunfengkeji\car_control #
#                    _v1.2.7.5\master___CAR_CTRL_PROJECT_v1.2.7.5\Project\EWA #
#                    RMv5_iap\STM3210C-EVAL\Obj\ip.o                          #
#                    E:\car_item_v1\shunfengkeji\car_control_v1.2.7.5\master_ #
#                    __CAR_CTRL_PROJECT_v1.2.7.5\Project\EWARMv5_iap\STM3210C #
#                    -EVAL\Obj\ip_addr.o E:\car_item_v1\shunfengkeji\car_cont #
#                    rol_v1.2.7.5\master___CAR_CTRL_PROJECT_v1.2.7.5\Project\ #
#                    EWARMv5_iap\STM3210C-EVAL\Obj\ip_frag.o                  #
#                    E:\car_item_v1\shunfengkeji\car_control_v1.2.7.5\master_ #
#                    __CAR_CTRL_PROJECT_v1.2.7.5\Project\EWARMv5_iap\STM3210C #
#                    -EVAL\Obj\main.o E:\car_item_v1\shunfengkeji\car_control #
#                    _v1.2.7.5\master___CAR_CTRL_PROJECT_v1.2.7.5\Project\EWA #
#                    RMv5_iap\STM3210C-EVAL\Obj\mem.o                         #
#                    E:\car_item_v1\shunfengkeji\car_control_v1.2.7.5\master_ #
#                    __CAR_CTRL_PROJECT_v1.2.7.5\Project\EWARMv5_iap\STM3210C #
#                    -EVAL\Obj\memp.o E:\car_item_v1\shunfengkeji\car_control #
#                    _v1.2.7.5\master___CAR_CTRL_PROJECT_v1.2.7.5\Project\EWA #
#                    RMv5_iap\STM3210C-EVAL\Obj\misc.o                        #
#                    E:\car_item_v1\shunfengkeji\car_control_v1.2.7.5\master_ #
#                    __CAR_CTRL_PROJECT_v1.2.7.5\Project\EWARMv5_iap\STM3210C #
#                    -EVAL\Obj\moto.o E:\car_item_v1\shunfengkeji\car_control #
#                    _v1.2.7.5\master___CAR_CTRL_PROJECT_v1.2.7.5\Project\EWA #
#                    RMv5_iap\STM3210C-EVAL\Obj\netbuf.o                      #
#                    E:\car_item_v1\shunfengkeji\car_control_v1.2.7.5\master_ #
#                    __CAR_CTRL_PROJECT_v1.2.7.5\Project\EWARMv5_iap\STM3210C #
#                    -EVAL\Obj\netconf.o E:\car_item_v1\shunfengkeji\car_cont #
#                    rol_v1.2.7.5\master___CAR_CTRL_PROJECT_v1.2.7.5\Project\ #
#                    EWARMv5_iap\STM3210C-EVAL\Obj\netdb.o                    #
#                    E:\car_item_v1\shunfengkeji\car_control_v1.2.7.5\master_ #
#                    __CAR_CTRL_PROJECT_v1.2.7.5\Project\EWARMv5_iap\STM3210C #
#                    -EVAL\Obj\netif.o E:\car_item_v1\shunfengkeji\car_contro #
#                    l_v1.2.7.5\master___CAR_CTRL_PROJECT_v1.2.7.5\Project\EW #
#                    ARMv5_iap\STM3210C-EVAL\Obj\netifapi.o                   #
#                    E:\car_item_v1\shunfengkeji\car_control_v1.2.7.5\master_ #
#                    __CAR_CTRL_PROJECT_v1.2.7.5\Project\EWARMv5_iap\STM3210C #
#                    -EVAL\Obj\pbuf.o E:\car_item_v1\shunfengkeji\car_control #
#                    _v1.2.7.5\master___CAR_CTRL_PROJECT_v1.2.7.5\Project\EWA #
#                    RMv5_iap\STM3210C-EVAL\Obj\photo.o                       #
#                    E:\car_item_v1\shunfengkeji\car_control_v1.2.7.5\master_ #
#                    __CAR_CTRL_PROJECT_v1.2.7.5\Project\EWARMv5_iap\STM3210C #
#                    -EVAL\Obj\raw.o E:\car_item_v1\shunfengkeji\car_control_ #
#                    v1.2.7.5\master___CAR_CTRL_PROJECT_v1.2.7.5\Project\EWAR #
#                    Mv5_iap\STM3210C-EVAL\Obj\startup_stm32f10x_cl.o         #
#                    E:\car_item_v1\shunfengkeji\car_control_v1.2.7.5\master_ #
#                    __CAR_CTRL_PROJECT_v1.2.7.5\Project\EWARMv5_iap\STM3210C #
#                    -EVAL\Obj\stats.o E:\car_item_v1\shunfengkeji\car_contro #
#                    l_v1.2.7.5\master___CAR_CTRL_PROJECT_v1.2.7.5\Project\EW #
#                    ARMv5_iap\STM3210C-EVAL\Obj\stm32_eth.o                  #
#                    E:\car_item_v1\shunfengkeji\car_control_v1.2.7.5\master_ #
#                    __CAR_CTRL_PROJECT_v1.2.7.5\Project\EWARMv5_iap\STM3210C #
#                    -EVAL\Obj\stm32f107.o E:\car_item_v1\shunfengkeji\car_co #
#                    ntrol_v1.2.7.5\master___CAR_CTRL_PROJECT_v1.2.7.5\Projec #
#                    t\EWARMv5_iap\STM3210C-EVAL\Obj\stm32f10x_adc.o          #
#                    E:\car_item_v1\shunfengkeji\car_control_v1.2.7.5\master_ #
#                    __CAR_CTRL_PROJECT_v1.2.7.5\Project\EWARMv5_iap\STM3210C #
#                    -EVAL\Obj\stm32f10x_bkp.o E:\car_item_v1\shunfengkeji\ca #
#                    r_control_v1.2.7.5\master___CAR_CTRL_PROJECT_v1.2.7.5\Pr #
#                    oject\EWARMv5_iap\STM3210C-EVAL\Obj\stm32f10x_can.o      #
#                    E:\car_item_v1\shunfengkeji\car_control_v1.2.7.5\master_ #
#                    __CAR_CTRL_PROJECT_v1.2.7.5\Project\EWARMv5_iap\STM3210C #
#                    -EVAL\Obj\stm32f10x_dma.o E:\car_item_v1\shunfengkeji\ca #
#                    r_control_v1.2.7.5\master___CAR_CTRL_PROJECT_v1.2.7.5\Pr #
#                    oject\EWARMv5_iap\STM3210C-EVAL\Obj\stm32f10x_exti.o     #
#                    E:\car_item_v1\shunfengkeji\car_control_v1.2.7.5\master_ #
#                    __CAR_CTRL_PROJECT_v1.2.7.5\Project\EWARMv5_iap\STM3210C #
#                    -EVAL\Obj\stm32f10x_flash.o                              #
#                    E:\car_item_v1\shunfengkeji\car_control_v1.2.7.5\master_ #
#                    __CAR_CTRL_PROJECT_v1.2.7.5\Project\EWARMv5_iap\STM3210C #
#                    -EVAL\Obj\stm32f10x_gpio.o E:\car_item_v1\shunfengkeji\c #
#                    ar_control_v1.2.7.5\master___CAR_CTRL_PROJECT_v1.2.7.5\P #
#                    roject\EWARMv5_iap\STM3210C-EVAL\Obj\stm32f10x_i2c.o     #
#                    E:\car_item_v1\shunfengkeji\car_control_v1.2.7.5\master_ #
#                    __CAR_CTRL_PROJECT_v1.2.7.5\Project\EWARMv5_iap\STM3210C #
#                    -EVAL\Obj\stm32f10x_it.o E:\car_item_v1\shunfengkeji\car #
#                    _control_v1.2.7.5\master___CAR_CTRL_PROJECT_v1.2.7.5\Pro #
#                    ject\EWARMv5_iap\STM3210C-EVAL\Obj\stm32f10x_pwr.o       #
#                    E:\car_item_v1\shunfengkeji\car_control_v1.2.7.5\master_ #
#                    __CAR_CTRL_PROJECT_v1.2.7.5\Project\EWARMv5_iap\STM3210C #
#                    -EVAL\Obj\stm32f10x_rcc.o E:\car_item_v1\shunfengkeji\ca #
#                    r_control_v1.2.7.5\master___CAR_CTRL_PROJECT_v1.2.7.5\Pr #
#                    oject\EWARMv5_iap\STM3210C-EVAL\Obj\stm32f10x_rtc.o      #
#                    E:\car_item_v1\shunfengkeji\car_control_v1.2.7.5\master_ #
#                    __CAR_CTRL_PROJECT_v1.2.7.5\Project\EWARMv5_iap\STM3210C #
#                    -EVAL\Obj\stm32f10x_spi.o E:\car_item_v1\shunfengkeji\ca #
#                    r_control_v1.2.7.5\master___CAR_CTRL_PROJECT_v1.2.7.5\Pr #
#                    oject\EWARMv5_iap\STM3210C-EVAL\Obj\stm32f10x_tim.o      #
#                    E:\car_item_v1\shunfengkeji\car_control_v1.2.7.5\master_ #
#                    __CAR_CTRL_PROJECT_v1.2.7.5\Project\EWARMv5_iap\STM3210C #
#                    -EVAL\Obj\stm32f10x_usart.o                              #
#                    E:\car_item_v1\shunfengkeji\car_control_v1.2.7.5\master_ #
#                    __CAR_CTRL_PROJECT_v1.2.7.5\Project\EWARMv5_iap\STM3210C #
#                    -EVAL\Obj\sys.o E:\car_item_v1\shunfengkeji\car_control_ #
#                    v1.2.7.5\master___CAR_CTRL_PROJECT_v1.2.7.5\Project\EWAR #
#                    Mv5_iap\STM3210C-EVAL\Obj\system_stm32f10x.o             #
#                    E:\car_item_v1\shunfengkeji\car_control_v1.2.7.5\master_ #
#                    __CAR_CTRL_PROJECT_v1.2.7.5\Project\EWARMv5_iap\STM3210C #
#                    -EVAL\Obj\tcp.o E:\car_item_v1\shunfengkeji\car_control_ #
#                    v1.2.7.5\master___CAR_CTRL_PROJECT_v1.2.7.5\Project\EWAR #
#                    Mv5_iap\STM3210C-EVAL\Obj\tcp_in.o                       #
#                    E:\car_item_v1\shunfengkeji\car_control_v1.2.7.5\master_ #
#                    __CAR_CTRL_PROJECT_v1.2.7.5\Project\EWARMv5_iap\STM3210C #
#                    -EVAL\Obj\tcp_out.o E:\car_item_v1\shunfengkeji\car_cont #
#                    rol_v1.2.7.5\master___CAR_CTRL_PROJECT_v1.2.7.5\Project\ #
#                    EWARMv5_iap\STM3210C-EVAL\Obj\tcpip.o                    #
#                    E:\car_item_v1\shunfengkeji\car_control_v1.2.7.5\master_ #
#                    __CAR_CTRL_PROJECT_v1.2.7.5\Project\EWARMv5_iap\STM3210C #
#                    -EVAL\Obj\udp.o E:\car_item_v1\shunfengkeji\car_control_ #
#                    v1.2.7.5\master___CAR_CTRL_PROJECT_v1.2.7.5\Project\EWAR #
#                    Mv5_iap\STM3210C-EVAL\Obj\zongxian.o -o                  #
#                    E:\car_item_v1\shunfengkeji\car_control_v1.2.7.5\master_ #
#                    __CAR_CTRL_PROJECT_v1.2.7.5\Project\EWARMv5_iap\STM3210C #
#                    -EVAL\Exe\STM3210C-EVAL.out --map                        #
#                    E:\car_item_v1\shunfengkeji\car_control_v1.2.7.5\master_ #
#                    __CAR_CTRL_PROJECT_v1.2.7.5\Project\EWARMv5_iap\STM3210C #
#                    -EVAL\List\STM3210C-EVAL.map --config                    #
#                    E:\car_item_v1\shunfengkeji\car_control_v1.2.7.5\master_ #
#                    __CAR_CTRL_PROJECT_v1.2.7.5\Project\EWARMv5_iap\STM32F10 #
#                    x_FLASH.icf --semihosting --entry __iar_program_start    #
#                                                                             #
#                                                                             #
###############################################################################

*******************************************************************************
*** RUNTIME MODEL ATTRIBUTES
***

CppFlavor       = *
__SystemLibrary = DLib


*******************************************************************************
*** PLACEMENT SUMMARY
***

"A1":  place at 0x08010000 { ro section .intvec };
"P1":  place in [from 0x08008000 to 0x0803ffff] { ro };
"P2":  place in [from 0x20000000 to 0x2000ffff] { rw, block CSTACK, block HEAP };

  Section            Kind        Address    Size  Object
  -------            ----        -------    ----  ------
"A1":                                      0x150
  .intvec            ro code  0x08010000   0x150  startup_stm32f10x_cl.o [1]
                            - 0x08010150   0x150

"P1":                                     0xb220
  .text              ro code  0x08010150  0x1400  fun.o [1]
  .text              ro code  0x08011550    0x70  ABImemcpy.o [5]
  .text              ro code  0x080115c0    0x20  stm32f10x_bkp.o [1]
  .text              ro code  0x080115e0   0xd3c  moto.o [1]
  .text              ro code  0x0801231c   0x5e8  can_bus.o [1]
  .text              ro code  0x08012904     0xe  tcp_out.o [1]
  .text              ro code  0x08012912    0x2e  copy_init3.o [5]
  .text              ro code  0x08012940   0xa00  photo.o [1]
  .text              ro code  0x08013340   0x184  stm32f10x_gpio.o [1]
  .text              ro code  0x080134c4   0x200  stm32f10x_dma.o [1]
  .text              ro code  0x080136c4    0x1a  I32ToDbl.o [4]
  .text              ro code  0x080136de    0x22  zero_init3.o [5]
  .text              ro code  0x08013700   0x1a2  DblMul.o [4]
  .text              ro code  0x080138a4   0x246  DblDiv.o [4]
  .text              ro code  0x08013aec    0x56  DblToI32.o [4]
  .text              ro code  0x08013b44   0x436  stm32f10x_can.o [1]
  .text              ro code  0x08013f7c   0x254  guangdian.o [1]
  .text              ro code  0x080141d0   0x1e8  stm32f10x_rcc.o [1]
  .text              ro code  0x080143b8  0x135c  tcp_in.o [1]
  .text              ro code  0x08015714    0x36  inet.o [1]
  .text              ro code  0x0801574a   0x576  pbuf.o [1]
  .text              ro code  0x08015cc0    0x54  ip_addr.o [1]
  .text              ro code  0x08015d14   0x4c0  tcp.o [1]
  .text              ro code  0x080161d4    0xe4  memp.o [1]
  .text              ro code  0x080162b8   0x96e  tcp_out.o [1]
  .text              ro code  0x08016c28   0x364  mem.o [1]
  .text              ro code  0x08016f8c    0x14  udp.o [1]
  .text              ro code  0x08016fa0   0x368  ip.o [1]
  .text              ro code  0x08017308    0x66  ABImemset.o [5]
  .text              ro code  0x08017370   0x140  netif.o [1]
  .text              ro code  0x080174b0   0x5d8  ip_frag.o [1]
  .text              ro code  0x08017a88    0x88  raw.o [1]
  .text              ro code  0x08017b10   0x3ec  udp.o [1]
  .text              ro code  0x08017efc   0x1f8  icmp.o [1]
  .text              ro code  0x080180f4   0xa1c  etharp.o [1]
  .text              ro code  0x08018b10    0xac  inet_chksum.o [1]
  .text              ro code  0x08018bbc   0x8fe  stm32_eth.o [1]
  .text              ro code  0x080194bc   0x8e0  stm32f107.o [1]
  .text              ro code  0x08019d9c   0x1b0  stm32f10x_usart.o [1]
  .text              ro code  0x08019f4c   0x198  system_stm32f10x.o [1]
  .text              ro code  0x0801a0e4    0x98  misc.o [1]
  .text              ro code  0x0801a17c   0x4e8  main.o [1]
  .text              ro code  0x0801a664    0xb8  netconf.o [1]
  .text              ro code  0x0801a71c   0x458  TCPclient.o [1]
  .text              ro code  0x0801ab74    0xe8  zongxian.o [1]
  .text              ro code  0x0801ac5c   0x2d0  ethernetif.o [1]
  .text              ro code  0x0801af2c   0x228  stm32f10x_it.o [1]
  .text              ro code  0x0801b154    0x36  stm32f10x_tim.o [1]
  .text              ro code  0x0801b18c    0x2c  data_init3.o [5]
  .iar.init_table    const    0x0801b1b8    0x24  - Linker created -
  .text              ro code  0x0801b1dc    0x16  cmain.o [5]
  .text              ro code  0x0801b1f2     0x4  low_level_init.o [3]
  .text              ro code  0x0801b1f6     0x8  exit.o [3]
  .text              ro code  0x0801b200     0xa  cexit.o [5]
  .text              ro code  0x0801b20c    0x14  exit.o [6]
  .text              ro code  0x0801b220     0xc  cstartup_M.o [5]
  .text              ro code  0x0801b22c     0x4  startup_stm32f10x_cl.o [1]
  .text              ro code  0x0801b230     0x4  startup_stm32f10x_cl.o [1]
  .text              ro code  0x0801b234     0x4  startup_stm32f10x_cl.o [1]
  .text              ro code  0x0801b238     0x4  startup_stm32f10x_cl.o [1]
  .text              ro code  0x0801b23c     0x4  startup_stm32f10x_cl.o [1]
  .text              ro code  0x0801b240     0x4  startup_stm32f10x_cl.o [1]
  .text              ro code  0x0801b244     0x4  startup_stm32f10x_cl.o [1]
  .text              ro code  0x0801b248     0x4  startup_stm32f10x_cl.o [1]
  .text              ro code  0x0801b24c     0x4  startup_stm32f10x_cl.o [1]
  .text              ro code  0x0801b250     0x4  startup_stm32f10x_cl.o [1]
  .text              ro code  0x0801b254     0x4  startup_stm32f10x_cl.o [1]
  .text              ro code  0x0801b258     0x4  startup_stm32f10x_cl.o [1]
  .text              ro code  0x0801b25c     0x4  startup_stm32f10x_cl.o [1]
  .text              ro code  0x0801b260     0x4  startup_stm32f10x_cl.o [1]
  .text              ro code  0x0801b264     0x4  startup_stm32f10x_cl.o [1]
  .text              ro code  0x0801b268     0x4  startup_stm32f10x_cl.o [1]
  .text              ro code  0x0801b26c     0x4  startup_stm32f10x_cl.o [1]
  .text              ro code  0x0801b270     0x4  startup_stm32f10x_cl.o [1]
  .text              ro code  0x0801b274     0x4  startup_stm32f10x_cl.o [1]
  .text              ro code  0x0801b278     0x4  startup_stm32f10x_cl.o [1]
  .text              ro code  0x0801b27c     0x4  startup_stm32f10x_cl.o [1]
  .text              ro code  0x0801b280     0x4  startup_stm32f10x_cl.o [1]
  .text              ro code  0x0801b284     0x4  startup_stm32f10x_cl.o [1]
  .text              ro code  0x0801b288     0x4  startup_stm32f10x_cl.o [1]
  .text              ro code  0x0801b28c     0x4  startup_stm32f10x_cl.o [1]
  .text              ro code  0x0801b290     0x4  startup_stm32f10x_cl.o [1]
  .text              ro code  0x0801b294     0x4  startup_stm32f10x_cl.o [1]
  .text              ro code  0x0801b298     0x4  startup_stm32f10x_cl.o [1]
  .text              ro code  0x0801b29c     0x4  startup_stm32f10x_cl.o [1]
  .text              ro code  0x0801b2a0     0x4  startup_stm32f10x_cl.o [1]
  .text              ro code  0x0801b2a4     0x4  startup_stm32f10x_cl.o [1]
  .text              ro code  0x0801b2a8     0x4  startup_stm32f10x_cl.o [1]
  .text              ro code  0x0801b2ac     0x4  startup_stm32f10x_cl.o [1]
  .text              ro code  0x0801b2b0     0x4  startup_stm32f10x_cl.o [1]
  .text              ro code  0x0801b2b4     0x4  startup_stm32f10x_cl.o [1]
  .text              ro code  0x0801b2b8     0x4  startup_stm32f10x_cl.o [1]
  .text              ro code  0x0801b2bc     0x4  startup_stm32f10x_cl.o [1]
  .text              ro code  0x0801b2c0     0x4  startup_stm32f10x_cl.o [1]
  .text              ro code  0x0801b2c4     0x4  startup_stm32f10x_cl.o [1]
  .text              ro code  0x0801b2c8     0x4  startup_stm32f10x_cl.o [1]
  .text              ro code  0x0801b2cc     0x4  startup_stm32f10x_cl.o [1]
  .text              ro code  0x0801b2d0     0x4  startup_stm32f10x_cl.o [1]
  .text              ro code  0x0801b2d4     0x4  startup_stm32f10x_cl.o [1]
  .text              ro code  0x0801b2d8     0x4  startup_stm32f10x_cl.o [1]
  .text              ro code  0x0801b2dc     0x4  startup_stm32f10x_cl.o [1]
  .text              ro code  0x0801b2e0     0x4  startup_stm32f10x_cl.o [1]
  .text              ro code  0x0801b2e4     0x4  startup_stm32f10x_cl.o [1]
  .text              ro code  0x0801b2e8     0x4  startup_stm32f10x_cl.o [1]
  .text              ro code  0x0801b2ec     0x4  startup_stm32f10x_cl.o [1]
  .text              ro code  0x0801b2f0     0x4  startup_stm32f10x_cl.o [1]
  .text              ro code  0x0801b2f4     0x4  startup_stm32f10x_cl.o [1]
  .text              ro code  0x0801b2f8     0x4  startup_stm32f10x_cl.o [1]
  .text              ro code  0x0801b2fc     0x4  startup_stm32f10x_cl.o [1]
  .text              ro code  0x0801b300     0x4  startup_stm32f10x_cl.o [1]
  .text              ro code  0x0801b304     0x4  startup_stm32f10x_cl.o [1]
  .text              ro code  0x0801b308     0x4  startup_stm32f10x_cl.o [1]
  .text              ro code  0x0801b30c     0x4  startup_stm32f10x_cl.o [1]
  .text              ro code  0x0801b310     0x4  startup_stm32f10x_cl.o [1]
  .text              ro code  0x0801b314     0x4  startup_stm32f10x_cl.o [1]
  .text              ro code  0x0801b318     0x4  startup_stm32f10x_cl.o [1]
  .text              ro code  0x0801b31c     0x4  startup_stm32f10x_cl.o [1]
  .text              ro code  0x0801b320     0x4  startup_stm32f10x_cl.o [1]
  .text              ro code  0x0801b324     0x4  startup_stm32f10x_cl.o [1]
  .text              ro code  0x0801b328     0x4  startup_stm32f10x_cl.o [1]
  .text              ro code  0x0801b32c     0x4  startup_stm32f10x_cl.o [1]
  .text              ro code  0x0801b330     0x4  startup_stm32f10x_cl.o [1]
  .text              ro code  0x0801b334     0x4  startup_stm32f10x_cl.o [1]
  .text              ro code  0x0801b338     0x4  startup_stm32f10x_cl.o [1]
  .text              ro code  0x0801b33c     0x4  startup_stm32f10x_cl.o [1]
  .text              ro code  0x0801b340     0x4  startup_stm32f10x_cl.o [1]
  Initializer bytes  ro data  0x0801b344    0x2c  <for P2 s0>
                            - 0x0801b370  0xb220

"P2", part 1 of 3:                          0x2c
  P2 s0                       0x20000000    0x2c  <Init block>
    .data            inited   0x20000000    0x10  stm32f10x_rcc.o [1]
    .data            inited   0x20000010     0x4  can_bus.o [1]
    .data            inited   0x20000014     0x4  fun.o [1]
    .data            inited   0x20000018     0x4  stm32f10x_rcc.o [1]
    .data            inited   0x2000001c     0x4  tcp.o [1]
    .data            inited   0x20000020     0x2  main.o [1]
    .data            inited   0x20000022     0x2  photo.o [1]
    .data            inited   0x20000024     0x2  photo.o [1]
    .data            inited   0x20000026     0x2  photo.o [1]
    .data            inited   0x20000028     0x1  TCPclient.o [1]
    .data            inited   0x20000029     0x1  moto.o [1]
                            - 0x2000002c    0x2c

"P2", part 2 of 3:                        0xd9a4
  .bss               zero     0x2000002c  0x454c  memp.o [1]
  .bss               zero     0x20004578  0x2814  mem.o [1]
  .bss               zero     0x20006d8c  0x1c44  fun.o [1]
  .bss               zero     0x200089d0  0x17c0  ethernetif.o [1]
  .bss               zero     0x2000a190  0x1418  TCPclient.o [1]
  .bss               zero     0x2000b5a8   0xbe0  ethernetif.o [1]
  .bss               zero     0x2000c188   0x5e0  ip_frag.o [1]
  .bss               zero     0x2000c768   0x400  fun.o [1]
  .bss               zero     0x2000cb68   0x3e8  zongxian.o [1]
  .bss               zero     0x2000cf50   0x120  moto.o [1]
  .bss               zero     0x2000d070   0x10c  fun.o [1]
  .bss               zero     0x2000d17c    0xdc  fun.o [1]
  .bss               zero     0x2000d258    0xcc  fun.o [1]
  .bss               zero     0x2000d324    0xc8  etharp.o [1]
  .bss               zero     0x2000d3ec    0xc8  fun.o [1]
  .bss               zero     0x2000d4b4    0xbc  stm32f107.o [1]
  .bss               zero     0x2000d570    0xa0  photo.o [1]
  .bss               zero     0x2000d610    0x50  photo.o [1]
  .bss               zero     0x2000d660    0x40  ethernetif.o [1]
  .bss               zero     0x2000d6a0    0x34  zongxian.o [1]
  .bss               zero     0x2000d6d4    0x34  zongxian.o [1]
  .bss               zero     0x2000d708    0x34  zongxian.o [1]
  .bss               zero     0x2000d73c    0x30  netconf.o [1]
  .bss               zero     0x2000d76c    0x28  stm32_eth.o [1]
  .bss               zero     0x2000d794    0x24  memp.o [1]
  .bss               zero     0x2000d7b8    0x20  ethernetif.o [1]
  .bss               zero     0x2000d7d8    0x20  photo.o [1]
  .bss               zero     0x2000d7f8    0x1c  can_bus.o [1]
  .bss               zero     0x2000d814    0x14  fun.o [1]
  .bss               zero     0x2000d828    0x14  moto.o [1]
  .bss               zero     0x2000d83c    0x14  moto.o [1]
  .bss               zero     0x2000d850    0x14  tcp_in.o [1]
  .bss               zero     0x2000d864    0x10  fun.o [1]
  .bss               zero     0x2000d874    0x10  photo.o [1]
  .bss               zero     0x2000d884    0x10  photo.o [1]
  .bss               zero     0x2000d894     0xc  fun.o [1]
  .bss               zero     0x2000d8a0     0xc  fun.o [1]
  .bss               zero     0x2000d8ac     0xc  photo.o [1]
  .bss               zero     0x2000d8b8     0xc  photo.o [1]
  .bss               zero     0x2000d8c4     0xc  photo.o [1]
  .bss               zero     0x2000d8d0     0x8  ethernetif.o [1]
  .bss               zero     0x2000d8d8     0x8  fun.o [1]
  .bss               zero     0x2000d8e0     0x8  photo.o [1]
  .bss               zero     0x2000d8e8     0x8  stm32_eth.o [1]
  .bss               zero     0x2000d8f0     0x4  can_bus.o [1]
  .bss               zero     0x2000d8f4     0x4  fun.o [1]
  .bss               zero     0x2000d8f8     0x4  fun.o [1]
  .bss               zero     0x2000d8fc     0x4  fun.o [1]
  .bss               zero     0x2000d900     0x4  fun.o [1]
  .bss               zero     0x2000d904     0x4  fun.o [1]
  .bss               zero     0x2000d908     0x4  ip.o [1]
  .bss               zero     0x2000d90c     0x4  ip.o [1]
  .bss               zero     0x2000d910     0x4  ip_frag.o [1]
  .bss               zero     0x2000d914     0x4  main.o [1]
  .bss               zero     0x2000d918     0x4  mem.o [1]
  .bss               zero     0x2000d91c     0x4  mem.o [1]
  .bss               zero     0x2000d920     0x4  mem.o [1]
  .bss               zero     0x2000d924     0x4  netconf.o [1]
  .bss               zero     0x2000d928     0x4  netif.o [1]
  .bss               zero     0x2000d92c     0x4  netif.o [1]
  .bss               zero     0x2000d930     0x4  raw.o [1]
  .bss               zero     0x2000d934     0x4  stm32_eth.o [1]
  .bss               zero     0x2000d938     0x4  stm32_eth.o [1]
  .bss               zero     0x2000d93c     0x4  stm32f107.o [1]
  .bss               zero     0x2000d940     0x4  stm32f107.o [1]
  .bss               zero     0x2000d944     0x4  tcp.o [1]
  .bss               zero     0x2000d948     0x4  tcp.o [1]
  .bss               zero     0x2000d94c     0x4  tcp.o [1]
  .bss               zero     0x2000d950     0x4  tcp.o [1]
  .bss               zero     0x2000d954     0x4  tcp.o [1]
  .bss               zero     0x2000d958     0x4  tcp.o [1]
  .bss               zero     0x2000d95c     0x4  tcp_in.o [1]
  .bss               zero     0x2000d960     0x4  tcp_in.o [1]
  .bss               zero     0x2000d964     0x4  tcp_in.o [1]
  .bss               zero     0x2000d968     0x4  tcp_in.o [1]
  .bss               zero     0x2000d96c     0x4  tcp_in.o [1]
  .bss               zero     0x2000d970     0x4  tcp_in.o [1]
  .bss               zero     0x2000d974     0x4  udp.o [1]
  .bss               zero     0x2000d978     0x2  TCPclient.o [1]
  .bss               zero     0x2000d97a     0x2  can_bus.o [1]
  .bss               zero     0x2000d97c     0x2  can_bus.o [1]
  .bss               zero     0x2000d97e     0x2  guangdian.o [1]
  .bss               zero     0x2000d980     0x2  guangdian.o [1]
  .bss               zero     0x2000d982     0x2  guangdian.o [1]
  .bss               zero     0x2000d984     0x2  ip.o [1]
  .bss               zero     0x2000d986     0x2  ip_frag.o [1]
  .bss               zero     0x2000d988     0x2  main.o [1]
  .bss               zero     0x2000d98a     0x2  main.o [1]
  .bss               zero     0x2000d98c     0x2  main.o [1]
  .bss               zero     0x2000d98e     0x2  main.o [1]
  .bss               zero     0x2000d990     0x2  moto.o [1]
  .bss               zero     0x2000d992     0x2  photo.o [1]
  .bss               zero     0x2000d994     0x2  photo.o [1]
  .bss               zero     0x2000d996     0x2  photo.o [1]
  .bss               zero     0x2000d998     0x2  tcp_in.o [1]
  .bss               zero     0x2000d99a     0x2  zongxian.o [1]
  .bss               zero     0x2000d99c     0x2  zongxian.o [1]
  .bss               zero     0x2000d99e     0x2  zongxian.o [1]
  .bss               zero     0x2000d9a0     0x1  TCPclient.o [1]
  .bss               zero     0x2000d9a1     0x1  can_bus.o [1]
  .bss               zero     0x2000d9a2     0x1  can_bus.o [1]
  .bss               zero     0x2000d9a3     0x1  can_bus.o [1]
  .bss               zero     0x2000d9a4     0x1  can_bus.o [1]
  .bss               zero     0x2000d9a5     0x1  can_bus.o [1]
  .bss               zero     0x2000d9a6     0x1  can_bus.o [1]
  .bss               zero     0x2000d9a7     0x1  can_bus.o [1]
  .bss               zero     0x2000d9a8     0x1  etharp.o [1]
  .bss               zero     0x2000d9a9     0x1  fun.o [1]
  .bss               zero     0x2000d9aa     0x1  fun.o [1]
  .bss               zero     0x2000d9ab     0x1  fun.o [1]
  .bss               zero     0x2000d9ac     0x1  fun.o [1]
  .bss               zero     0x2000d9ad     0x1  guangdian.o [1]
  .bss               zero     0x2000d9ae     0x1  guangdian.o [1]
  .bss               zero     0x2000d9af     0x1  main.o [1]
  .bss               zero     0x2000d9b0     0x1  main.o [1]
  .bss               zero     0x2000d9b1     0x1  main.o [1]
  .bss               zero     0x2000d9b2     0x1  main.o [1]
  .bss               zero     0x2000d9b3     0x1  main.o [1]
  .bss               zero     0x2000d9b4     0x1  main.o [1]
  .bss               zero     0x2000d9b5     0x1  main.o [1]
  .bss               zero     0x2000d9b6     0x1  mem.o [1]
  .bss               zero     0x2000d9b7     0x1  moto.o [1]
  .bss               zero     0x2000d9b8     0x1  moto.o [1]
  .bss               zero     0x2000d9b9     0x1  moto.o [1]
  .bss               zero     0x2000d9ba     0x1  moto.o [1]
  .bss               zero     0x2000d9bb     0x1  moto.o [1]
  .bss               zero     0x2000d9bc     0x1  moto.o [1]
  .bss               zero     0x2000d9bd     0x1  moto.o [1]
  .bss               zero     0x2000d9be     0x1  moto.o [1]
  .bss               zero     0x2000d9bf     0x1  moto.o [1]
  .bss               zero     0x2000d9c0     0x1  moto.o [1]
  .bss               zero     0x2000d9c1     0x1  moto.o [1]
  .bss               zero     0x2000d9c2     0x1  moto.o [1]
  .bss               zero     0x2000d9c3     0x1  netif.o [1]
  .bss               zero     0x2000d9c4     0x1  photo.o [1]
  .bss               zero     0x2000d9c5     0x1  photo.o [1]
  .bss               zero     0x2000d9c6     0x1  tcp_in.o [1]
  .bss               zero     0x2000d9c7     0x1  tcp_in.o [1]
  .bss               zero     0x2000d9c8     0x1  zongxian.o [1]
  .bss               zero     0x2000d9c9     0x1  zongxian.o [1]
                            - 0x2000d9ca  0xd99e

"P2", part 3 of 3:                         0x800
  CSTACK                      0x2000d9d0   0x800  <Block>
    CSTACK           uninit   0x2000d9d0   0x800  <Block tail>
                            - 0x2000e1d0   0x800


*******************************************************************************
*** INIT TABLE
***

          Address     Size
          -------     ----
Zero (__iar_zero_init3)
    1 destination range, total size 0xd99e:
          0x2000002c  0xd99e

Copy (__iar_copy_init3)
    1 source range, total size 0x2c (104% of destination):
          0x0801b344    0x2c
    1 destination range, total size 0x2a:
          0x20000000    0x2a


*******************************************************************************
*** MODULE SUMMARY
***

    Module                  ro code  ro data  rw data
    ------                  -------  -------  -------
E:\car_item_v1\shunfengkeji\car_control_v1.2.7.5\master___CAR_CTRL_PROJECT_v1.2.7.5\Project\EWARMv5_iap\STM3210C-EVAL\Obj: [1]
    TCPclient.o               1 112        1    5 148
    can_bus.o                 1 512        4       47
    etharp.o                  2 588               201
    ethernetif.o                720             9 224
    fun.o                     5 120        4    9 248
    guangdian.o                 596                 8
    icmp.o                      504
    inet.o                       54
    inet_chksum.o               172
    ip.o                        872                10
    ip_addr.o                    84
    ip_frag.o                 1 496             1 510
    main.o                    1 256        2       21
    mem.o                       868            10 273
    memp.o                      228            17 776
    misc.o                      152
    moto.o                    3 388        1      343
    netconf.o                   184                52
    netif.o                     320                 9
    pbuf.o                    1 398
    photo.o                   2 560        6      362
    raw.o                       136                 4
    startup_stm32f10x_cl.o      616
    stm32_eth.o               2 302                56
    stm32f107.o               2 272               196
    stm32f10x_bkp.o              32
    stm32f10x_can.o           1 078
    stm32f10x_dma.o             512
    stm32f10x_gpio.o            388
    stm32f10x_it.o              552
    stm32f10x_rcc.o             488       20       20
    stm32f10x_tim.o              54
    stm32f10x_usart.o           432
    system_stm32f10x.o          408
    tcp.o                     1 216        4       28
    tcp_in.o                  4 956                48
    tcp_out.o                 2 428
    udp.o                     1 024                 4
    zongxian.o                  232             1 164
    -------------------------------------------------
    Total:                   44 310       42   55 752

command line: [2]
    -------------------------------------------------
    Total:

dl7M_tlf.a: [3]
    exit.o                        8
    low_level_init.o              4
    -------------------------------------------------
    Total:                       12

m7M_tl.a: [4]
    DblDiv.o                    582
    DblMul.o                    418
    DblToI32.o                   86
    I32ToDbl.o                   26
    -------------------------------------------------
    Total:                    1 112

rt7M_tl.a: [5]
    ABImemcpy.o                 112
    ABImemset.o                 102
    cexit.o                      10
    cmain.o                      22
    copy_init3.o                 46
    cstartup_M.o                 12
    data_init3.o                 44
    zero_init3.o                 34
    -------------------------------------------------
    Total:                      382

shb_l.a: [6]
    exit.o                       20
    -------------------------------------------------
    Total:                       20

    Gaps                         20                 2
    Linker created                        38    2 048
-----------------------------------------------------
    Grand Total:             45 856       80   57 802


*******************************************************************************
*** ENTRY LIST
***

Entry                      Address    Size  Type      Object
-----                      -------    ----  ----      ------
?main                   0x0801b1dd          Code  Gb  cmain.o [5]
ADC1_2_IRQHandler       0x0801b299          Code  Wk  startup_stm32f10x_cl.o [1]
ADCPrescTable           0x20000018     0x4  Data  Lc  stm32f10x_rcc.o [1]
APBAHBPrescTable        0x20000000    0x10  Data  Lc  stm32f10x_rcc.o [1]
ARPTimer                0x2000d924     0x4  Data  Gb  netconf.o [1]
AddSendMsgToQueue       0x08010205    0x10  Code  Gb  fun.o [1]
BKP_WriteBackupRegister
                        0x080115c1    0x1c  Code  Gb  stm32f10x_bkp.o [1]
BusFault_Handler        0x0801af55     0x8  Code  Gb  stm32f10x_it.o [1]
CAN1_RX0_IRQHandler     0x0801b0dd    0x2c  Code  Gb  stm32f10x_it.o [1]
CAN1_RX1_IRQHandler     0x0801b2a5          Code  Wk  startup_stm32f10x_cl.o [1]
CAN1_SCE_IRQHandler     0x0801b2a9          Code  Wk  startup_stm32f10x_cl.o [1]
CAN1_TX_IRQHandler      0x0801b29d          Code  Wk  startup_stm32f10x_cl.o [1]
CAN2_RX0_IRQHandler     0x0801b335          Code  Wk  startup_stm32f10x_cl.o [1]
CAN2_RX1_IRQHandler     0x0801b339          Code  Wk  startup_stm32f10x_cl.o [1]
CAN2_SCE_IRQHandler     0x0801b33d          Code  Wk  startup_stm32f10x_cl.o [1]
CAN2_TX_IRQHandler      0x0801b331          Code  Wk  startup_stm32f10x_cl.o [1]
CAN_CancelTransmit      0x08013dcd    0x2e  Code  Gb  stm32f10x_can.o [1]
CAN_ClearITPendingBit   0x08013ee5    0x96  Code  Gb  stm32f10x_can.o [1]
CAN_Configuration       0x0801975f    0xaa  Code  Gb  stm32f107.o [1]
CAN_DeInit              0x08013b45    0x34  Code  Gb  stm32f10x_can.o [1]
CAN_FIFORelease         0x08013dfb    0x12  Code  Gb  stm32f10x_can.o [1]
CAN_FilterInit          0x08013c89    0xe2  Code  Gb  stm32f10x_can.o [1]
CAN_ITConfig            0x08013db5    0x18  Code  Gb  stm32f10x_can.o [1]
CAN_Init                0x08013b79   0x110  Code  Gb  stm32f10x_can.o [1]
CAN_Receive             0x08013e0d    0xd8  Code  Gb  stm32f10x_can.o [1]
CAN_StructInit          0x08013d6b    0x2e  Code  Gb  stm32f10x_can.o [1]
CAN_Transmit_Rewrite    0x0801231d   0x150  Code  Gb  can_bus.o [1]
CSTACK$$Base            0x2000d9d0           --   Gb  - Linker created -
CSTACK$$Limit           0x2000e1d0           --   Gb  - Linker created -
DEBUG_recv_flag         0x2000d9b0     0x1  Data  Gb  main.o [1]
DMA1_Channel1_IRQHandler
                        0x0801b27d          Code  Wk  startup_stm32f10x_cl.o [1]
DMA1_Channel2_IRQHandler
                        0x0801b281          Code  Wk  startup_stm32f10x_cl.o [1]
DMA1_Channel3_IRQHandler
                        0x0801b285          Code  Wk  startup_stm32f10x_cl.o [1]
DMA1_Channel4_IRQHandler
                        0x0801afb1    0x2c  Code  Gb  stm32f10x_it.o [1]
DMA1_Channel5_IRQHandler
                        0x0801b28d          Code  Wk  startup_stm32f10x_cl.o [1]
DMA1_Channel6_IRQHandler
                        0x0801b291          Code  Wk  startup_stm32f10x_cl.o [1]
DMA1_Channel7_IRQHandler
                        0x0801b295          Code  Wk  startup_stm32f10x_cl.o [1]
DMA2_Channel1_IRQHandler
                        0x0801b315          Code  Wk  startup_stm32f10x_cl.o [1]
DMA2_Channel2_IRQHandler
                        0x0801b319          Code  Wk  startup_stm32f10x_cl.o [1]
DMA2_Channel3_IRQHandler
                        0x0801b31d          Code  Wk  startup_stm32f10x_cl.o [1]
DMA2_Channel4_IRQHandler
                        0x0801b321          Code  Wk  startup_stm32f10x_cl.o [1]
DMA2_Channel5_IRQHandler
                        0x0801af8f    0x22  Code  Gb  stm32f10x_it.o [1]
DMARxDescToGet          0x2000d938     0x4  Data  Gb  stm32_eth.o [1]
DMARxDscrTab            0x2000d660    0x40  Data  Gb  ethernetif.o [1]
DMATxDescToSet          0x2000d934     0x4  Data  Gb  stm32_eth.o [1]
DMATxDscrTab            0x2000d7b8    0x20  Data  Gb  ethernetif.o [1]
DMA_ClearFlag           0x0801364d    0x10  Code  Gb  stm32f10x_dma.o [1]
DMA_Cmd                 0x0801360d    0x1c  Code  Gb  stm32f10x_dma.o [1]
DMA_Configuration       0x080195f7   0x168  Code  Gb  stm32f107.o [1]
DMA_DeInit              0x080134c5   0x10a  Code  Gb  stm32f10x_dma.o [1]
DMA_GetCurrDataCounter  0x08013647     0x6  Code  Gb  stm32f10x_dma.o [1]
DMA_GetITStatus         0x0801365d    0x22  Code  Gb  stm32f10x_dma.o [1]
DMA_ITConfig            0x08013629    0x18  Code  Gb  stm32f10x_dma.o [1]
DMA_Init                0x080135cf    0x3e  Code  Gb  stm32f10x_dma.o [1]
DMA_SetCurrDataCounter  0x08013641     0x6  Code  Gb  stm32f10x_dma.o [1]
DebugMon_Handler        0x0801af67     0x2  Code  Gb  stm32f10x_it.o [1]
Debug_recv_buff         0x2000d6a0    0x34  Data  Gb  zongxian.o [1]
Debug_recv_buff_shadow  0x2000d6d4    0x34  Data  Gb  zongxian.o [1]
Debug_recv_count        0x2000d9c8     0x1  Data  Gb  zongxian.o [1]
Debug_send_buff         0x2000d708    0x34  Data  Gb  zongxian.o [1]
ETH_DMAITConfig         0x0801941f    0x28  Code  Gb  stm32_eth.o [1]
ETH_DMAReceptionCmd     0x080193fd    0x22  Code  Gb  stm32_eth.o [1]
ETH_DMARxDescChainInit  0x08019307    0x4c  Code  Gb  stm32_eth.o [1]
ETH_DMARxDescReceiveITConfig
                        0x08019365    0x1a  Code  Gb  stm32_eth.o [1]
ETH_DMATransmissionCmd  0x080193db    0x22  Code  Gb  stm32_eth.o [1]
ETH_DMATxDescChainInit  0x080192b9    0x46  Code  Gb  stm32_eth.o [1]
ETH_DMATxDescChecksumInsertionConfig
                        0x080192ff     0x8  Code  Gb  stm32_eth.o [1]
ETH_DeInit              0x08018c21    0x18  Code  Gb  stm32_eth.o [1]
ETH_Delay               0x0801949d    0x1e  Code  Lc  stm32_eth.o [1]
ETH_FlushTransmitFIFO   0x080193cd     0xe  Code  Gb  stm32_eth.o [1]
ETH_GetCurrentTxBuffer  0x0801aef3     0x8  Code  Gb  ethernetif.o [1]
ETH_GetDMARxDescFrameLength
                        0x0801935d     0x8  Code  Gb  stm32_eth.o [1]
ETH_GetRxPktSize        0x0801913f    0x26  Code  Gb  stm32_eth.o [1]
ETH_GetSoftwareResetStatus
                        0x080193a1    0x16  Code  Gb  stm32_eth.o [1]
ETH_IRQHandler          0x0801b329          Code  Wk  startup_stm32f10x_cl.o [1]
ETH_Init                0x08018c39   0x3fc  Code  Gb  stm32_eth.o [1]
ETH_InitStructure       0x2000d4b4    0xbc  Data  Gb  stm32f107.o [1]
ETH_MACAddressConfig    0x0801928f    0x2a  Code  Gb  stm32_eth.o [1]
ETH_MACReceptionCmd     0x08019265    0x2a  Code  Gb  stm32_eth.o [1]
ETH_MACTransmissionCmd  0x0801923b    0x2a  Code  Gb  stm32_eth.o [1]
ETH_ReadPHYRegister     0x08019165    0x6a  Code  Gb  stm32_eth.o [1]
ETH_RxPkt_ChainMode     0x0801ae0f    0x88  Code  Gb  ethernetif.o [1]
ETH_SoftwareReset       0x0801937f    0x12  Code  Gb  stm32_eth.o [1]
ETH_Start               0x0801911f    0x20  Code  Gb  stm32_eth.o [1]
ETH_StructInit          0x08019035    0xea  Code  Gb  stm32_eth.o [1]
ETH_TxPkt_ChainMode     0x0801ae97    0x5c  Code  Gb  ethernetif.o [1]
ETH_WKUP_IRQHandler     0x0801b32d          Code  Wk  startup_stm32f10x_cl.o [1]
ETH_WritePHYRegister    0x080191cf    0x6c  Code  Gb  stm32_eth.o [1]
EXTI0_IRQHandler        0x0801b269          Code  Wk  startup_stm32f10x_cl.o [1]
EXTI15_10_IRQHandler    0x0801b2f1          Code  Wk  startup_stm32f10x_cl.o [1]
EXTI1_IRQHandler        0x0801b26d          Code  Wk  startup_stm32f10x_cl.o [1]
EXTI2_IRQHandler        0x0801b271          Code  Wk  startup_stm32f10x_cl.o [1]
EXTI3_IRQHandler        0x0801b275          Code  Wk  startup_stm32f10x_cl.o [1]
EXTI4_IRQHandler        0x0801b279          Code  Wk  startup_stm32f10x_cl.o [1]
EXTI9_5_IRQHandler      0x0801b2ad          Code  Wk  startup_stm32f10x_cl.o [1]
EthInitStatus           0x2000d93c     0x4  Data  Gb  stm32f107.o [1]
Ethernet_Configuration  0x08019865   0x140  Code  Gb  stm32f107.o [1]
FLASH_IRQHandler        0x0801b261          Code  Wk  startup_stm32f10x_cl.o [1]
GPIO_Configuration      0x080199a5   0x2b4  Code  Gb  stm32f107.o [1]
GPIO_ETH_MediaInterfaceConfig
                        0x080134b5     0x6  Code  Gb  stm32f10x_gpio.o [1]
GPIO_Init               0x08013341    0xcc  Code  Gb  stm32f10x_gpio.o [1]
GPIO_PinRemapConfig     0x08013445    0x70  Code  Gb  stm32f10x_gpio.o [1]
GPIO_ReadInputDataBit   0x0801340d    0x16  Code  Gb  stm32f10x_gpio.o [1]
GPIO_ReadOutputDataBit  0x08013423    0x16  Code  Gb  stm32f10x_gpio.o [1]
GPIO_ResetBits          0x0801343f     0x6  Code  Gb  stm32f10x_gpio.o [1]
GPIO_SetBits            0x08013439     0x6  Code  Gb  stm32f10x_gpio.o [1]
GetSendMsgFromQueue     0x08010215     0xc  Code  Gb  fun.o [1]
HardFault_Handler       0x0801af45     0x8  Code  Gb  stm32f10x_it.o [1]
I2C1_ER_IRQHandler      0x0801b2d1          Code  Wk  startup_stm32f10x_cl.o [1]
I2C1_EV_IRQHandler      0x0801b2cd          Code  Wk  startup_stm32f10x_cl.o [1]
I2C2_ER_IRQHandler      0x0801b2d9          Code  Wk  startup_stm32f10x_cl.o [1]
I2C2_EV_IRQHandler      0x0801b2d5          Code  Wk  startup_stm32f10x_cl.o [1]
INPUT2_count            0x2000d97e     0x2  Data  Gb  guangdian.o [1]
INPUT2_count_error      0x2000d982     0x2  Data  Gb  guangdian.o [1]
InitSendMsgQueue        0x080101f7     0xe  Code  Gb  fun.o [1]
Isphotovalue            0x2000d9ab     0x1  Data  Gb  fun.o [1]
Isplcvalue              0x2000d9ac     0x1  Data  Gb  fun.o [1]
Load_info_t             0x2000d17c    0xdc  Data  Gb  fun.o [1]
LocalTime               0x2000d914     0x4  Data  Gb  main.o [1]
LwIP_Init               0x0801a665    0x78  Code  Gb  netconf.o [1]
LwIP_Periodic_Handle    0x0801a6e7    0x1e  Code  Gb  netconf.o [1]
LwIP_Pkt_Handle         0x0801a6dd     0xa  Code  Gb  netconf.o [1]
MACaddr                 0x2000d8d0     0x8  Data  Gb  ethernetif.o [1]
MOTO_MAX_COUNT          0x2000d9b8     0x1  Data  Gb  moto.o [1]
MemManage_Handler       0x0801af4d     0x8  Code  Gb  stm32f10x_it.o [1]
NMI_Handler             0x0801af43     0x2  Code  Gb  stm32f10x_it.o [1]
NVIC_Configuration      0x08019cd1    0xcc  Code  Gb  stm32f107.o [1]
NVIC_Init               0x0801a0ef    0x66  Code  Gb  misc.o [1]
NVIC_PriorityGroupConfig
                        0x0801a0e5     0xa  Code  Gb  misc.o [1]
NVIC_SetPriority        0x080194bd    0x26  Code  Lc  stm32f107.o [1]
NVIC_SetVectorTable     0x0801a155     0xc  Code  Gb  misc.o [1]
NVIC_SystemReset        0x08010151    0x1c  Code  Lc  fun.o [1]
NVIC_SystemReset        0x0801af2d    0x16  Code  Lc  stm32f10x_it.o [1]
OTG_FS_IRQHandler       0x0801b341          Code  Wk  startup_stm32f10x_cl.o [1]
OTG_FS_WKUP_IRQHandler  0x0801b2f9          Code  Wk  startup_stm32f10x_cl.o [1]
PVD_IRQHandler          0x0801b255          Code  Wk  startup_stm32f10x_cl.o [1]
PendSV_Handler          0x0801af69     0x2  Code  Gb  stm32f10x_it.o [1]
Photoeletricity_Process
                        0x08013f7d   0x254  Code  Gb  guangdian.o [1]
RCC_AHBPeriphClockCmd   0x080142dd    0x20  Code  Gb  stm32f10x_rcc.o [1]
RCC_AHBPeriphResetCmd   0x0801433d    0x20  Code  Gb  stm32f10x_rcc.o [1]
RCC_APB1PeriphClockCmd  0x0801431d    0x20  Code  Gb  stm32f10x_rcc.o [1]
RCC_APB1PeriphResetCmd  0x0801435d    0x20  Code  Gb  stm32f10x_rcc.o [1]
RCC_APB2PeriphClockCmd  0x080142fd    0x20  Code  Gb  stm32f10x_rcc.o [1]
RCC_GetClocksFreq       0x080141d1   0x10c  Code  Gb  stm32f10x_rcc.o [1]
RCC_IRQHandler          0x0801b265          Code  Wk  startup_stm32f10x_cl.o [1]
RCC_MCOConfig           0x0801437d     0x6  Code  Gb  stm32f10x_rcc.o [1]
RTCAlarm_IRQHandler     0x0801b2f5          Code  Wk  startup_stm32f10x_cl.o [1]
RTC_IRQHandler          0x0801b25d          Code  Wk  startup_stm32f10x_cl.o [1]
Region$$Table$$Base     0x0801b1b8           --   Gb  - Linker created -
Region$$Table$$Limit    0x0801b1dc           --   Gb  - Linker created -
Rx_Buff                 0x200089d0  0x17c0  Data  Gb  ethernetif.o [1]
SPI1_IRQHandler         0x0801b2dd          Code  Wk  startup_stm32f10x_cl.o [1]
SPI2_IRQHandler         0x0801b2e1          Code  Wk  startup_stm32f10x_cl.o [1]
SPI3_IRQHandler         0x0801b301          Code  Wk  startup_stm32f10x_cl.o [1]
SVC_Handler             0x0801af65     0x2  Code  Gb  stm32f10x_it.o [1]
SetSysClock             0x08019fab     0x8  Code  Lc  system_stm32f10x.o [1]
SetSysClockTo72         0x08019fb3   0x10e  Code  Lc  system_stm32f10x.o [1]
Set_MAC_Address         0x0801ac5d    0x30  Code  Gb  ethernetif.o [1]
SysTick_Config          0x080194e3    0x36  Code  Lc  stm32f107.o [1]
SysTick_Handler         0x0801af6b     0x8  Code  Gb  stm32f10x_it.o [1]
SystemInit              0x08019f4d    0x5e  Code  Gb  system_stm32f10x.o [1]
System_Setup            0x08019809    0x5c  Code  Gb  stm32f107.o [1]
TAMPER_IRQHandler       0x0801b259          Code  Wk  startup_stm32f10x_cl.o [1]
TCP_send_dely           0x2000d9a0     0x1  Data  Gb  TCPclient.o [1]
TIM1_BRK_IRQHandler     0x0801b2b1          Code  Wk  startup_stm32f10x_cl.o [1]
TIM1_CC_IRQHandler      0x0801b2bd          Code  Wk  startup_stm32f10x_cl.o [1]
TIM1_TRG_COM_IRQHandler
                        0x0801b2b9          Code  Wk  startup_stm32f10x_cl.o [1]
TIM1_UP_IRQHandler      0x0801b2b5          Code  Wk  startup_stm32f10x_cl.o [1]
TIM2_IRQHandler         0x0801af73    0x1c  Code  Gb  stm32f10x_it.o [1]
TIM3_IRQHandler         0x0801b2c5          Code  Wk  startup_stm32f10x_cl.o [1]
TIM4_IRQHandler         0x0801b2c9          Code  Wk  startup_stm32f10x_cl.o [1]
TIM5_IRQHandler         0x0801b2fd          Code  Wk  startup_stm32f10x_cl.o [1]
TIM6_IRQHandler         0x0801b30d          Code  Wk  startup_stm32f10x_cl.o [1]
TIM7_IRQHandler         0x0801b311          Code  Wk  startup_stm32f10x_cl.o [1]
TIM_ClearITPendingBit   0x0801b183     0x8  Code  Gb  stm32f10x_tim.o [1]
TIM_GetITStatus         0x0801b155    0x2e  Code  Gb  stm32f10x_tim.o [1]
Time_Update             0x0801a43b    0xa6  Code  Gb  main.o [1]
Tx_Buff                 0x2000b5a8   0xbe0  Data  Gb  ethernetif.o [1]
UART4_IRQHandler        0x0801afdd    0x78  Code  Gb  stm32f10x_it.o [1]
UART5_IRQHandler        0x0801b309          Code  Wk  startup_stm32f10x_cl.o [1]
USART1_IRQHandler       0x0801b057    0x86  Code  Gb  stm32f10x_it.o [1]
USART2_IRQHandler       0x0801b055     0x2  Code  Gb  stm32f10x_it.o [1]
USART3_IRQHandler       0x0801b2ed          Code  Wk  startup_stm32f10x_cl.o [1]
USART_ClearFlag         0x08019ebb     0xc  Code  Gb  stm32f10x_usart.o [1]
USART_ClearITPendingBit
                        0x08019f2b    0x22  Code  Gb  stm32f10x_usart.o [1]
USART_Cmd               0x08019e35    0x1c  Code  Gb  stm32f10x_usart.o [1]
USART_Configuration     0x08019533    0xc4  Code  Gb  stm32f107.o [1]
USART_DMACmd            0x08019ea3    0x18  Code  Gb  stm32f10x_usart.o [1]
USART_GetITStatus       0x08019ec7    0x64  Code  Gb  stm32f10x_usart.o [1]
USART_ITConfig          0x08019e51    0x52  Code  Gb  stm32f10x_usart.o [1]
USART_Init              0x08019d9d    0x90  Code  Gb  stm32f10x_usart.o [1]
Unload_info_t           0x2000d070   0x10c  Data  Gb  fun.o [1]
UsageFault_Handler      0x0801af5d     0x8  Code  Gb  stm32f10x_it.o [1]
WCS_ACK_timer           0x2000d978     0x2  Data  Gb  TCPclient.o [1]
WCS_reply_timer_out     0x2000d9a9     0x1  Data  Gb  fun.o [1]
WIFI_test               0x2000d8f4     0x4  Data  Gb  fun.o [1]
WWDG_IRQHandler         0x0801b251          Code  Wk  startup_stm32f10x_cl.o [1]
XIAOCHE_GROUP_NUM       0x2000d9b7     0x1  Data  Gb  moto.o [1]
XIAOCHE_START_NUM       0x2000d990     0x2  Data  Gb  moto.o [1]
__aeabi_d2iz            0x08013aed          Code  Gb  DblToI32.o [4]
__aeabi_d2uiz           0x08013b19          Code  Gb  DblToI32.o [4]
__aeabi_ddiv            0x080138a5          Code  Gb  DblDiv.o [4]
__aeabi_dmul            0x08013701          Code  Gb  DblMul.o [4]
__aeabi_memcpy          0x08011551          Code  Gb  ABImemcpy.o [5]
__aeabi_memcpy4         0x0801156b          Code  Gb  ABImemcpy.o [5]
__aeabi_memcpy8         0x0801156b          Code  Gb  ABImemcpy.o [5]
__aeabi_memset          0x08017309          Code  Gb  ABImemset.o [5]
__aeabi_ui2d            0x080136c5          Code  Gb  I32ToDbl.o [4]
__cmain                 0x0801b1dd          Code  Gb  cmain.o [5]
__exit                  0x0801b20d    0x14  Code  Gb  exit.o [6]
__iar_Memset            0x08017309          Code  Gb  ABImemset.o [5]
__iar_Memset_word       0x08017311          Code  Gb  ABImemset.o [5]
__iar_copy_init3        0x08012913    0x2e  Code  Gb  copy_init3.o [5]
__iar_d2uiz             0x08013b23          Code  Gb  DblToI32.o [4]
__iar_data_init3        0x0801b18d    0x2c  Code  Gb  data_init3.o [5]
__iar_program_start     0x0801b221          Code  Gb  cstartup_M.o [5]
__iar_ui2d              0x080136c7          Code  Gb  I32ToDbl.o [4]
__iar_zero_init3        0x080136df    0x22  Code  Gb  zero_init3.o [5]
__low_level_init        0x0801b1f3     0x4  Code  Gb  low_level_init.o [3]
__vector_table          0x08010000          Data  Gb  startup_stm32f10x_cl.o [1]
_call_main              0x0801b1e9          Code  Gb  cmain.o [5]
_exit                   0x0801b201          Code  Gb  cexit.o [5]
_main                   0x0801b1ef          Code  Gb  cmain.o [5]
ackno                   0x2000d968     0x4  Data  Lc  tcp_in.o [1]
arp_table               0x2000d324    0xc8  Data  Lc  etharp.o [1]
broadcast_pthoto_over_flag
                        0x2000d9af     0x1  Data  Gb  main.o [1]
buf                     0x2000c188   0x5e0  Data  Lc  ip_frag.o [1]
canTxMsg                0x2000d7f8    0x1c  Data  Gb  can_bus.o [1]
can_bus_frame_receive   0x080125c1    0x70  Code  Gb  can_bus.o [1]
can_bus_send_one_frame  0x0801246d    0x62  Code  Gb  can_bus.o [1]
can_bus_send_photo_electricity
                        0x08012673    0x4c  Code  Gb  can_bus.o [1]
can_bus_send_wcs_msg    0x080126bf    0x7e  Code  Gb  can_bus.o [1]
can_resend_cnt_1        0x2000d9a3     0x1  Data  Gb  can_bus.o [1]
can_resend_cnt_2        0x2000d9a4     0x1  Data  Gb  can_bus.o [1]
can_resend_delay_1      0x2000d9a1     0x1  Data  Gb  can_bus.o [1]
can_resend_delay_2      0x2000d9a2     0x1  Data  Gb  can_bus.o [1]
can_send_buff           0x20000010     0x4  Data  Gb  can_bus.o [1]
can_send_cnt            0x2000d9b3     0x1  Data  Gb  main.o [1]
can_send_cnt_bk         0x2000d9b4     0x1  Data  Gb  main.o [1]
can_send_finish         0x08012631    0x42  Code  Gb  can_bus.o [1]
can_send_flag_1         0x2000d9a5     0x1  Data  Gb  can_bus.o [1]
can_send_flag_2         0x2000d9a6     0x1  Data  Gb  can_bus.o [1]
can_send_frame_process  0x0801273d   0x17e  Code  Gb  can_bus.o [1]
can_send_frame_start    0x2000d9a7     0x1  Data  Gb  can_bus.o [1]
can_send_len            0x2000d97c     0x2  Data  Gb  can_bus.o [1]
can_send_timeout        0x080124cf    0x8e  Code  Gb  can_bus.o [1]
can_send_tot            0x2000d97a     0x2  Data  Gb  can_bus.o [1]
car2WcsOnlineData       0x2000d864    0x10  Data  Gb  fun.o [1]
check_car_cmd_process   0x08010557    0xa0  Code  Gb  fun.o [1]
check_motor_flag        0x2000d9b2     0x1  Data  Gb  main.o [1]
creat_udp_connect_process
                        0x0801a71d    0x96  Code  Gb  TCPclient.o [1]
cur_moto_para_num       0x2000d9bf     0x1  Data  Gb  moto.o [1]
current_header          0x2000d90c     0x4  Data  Lc  ip.o [1]
current_netif           0x2000d908     0x4  Data  Lc  ip.o [1]
enQueue                 0x0801019f    0x32  Code  Gb  fun.o [1]
etharp_arp_input        0x080185bb   0x156  Code  Gb  etharp.o [1]
etharp_cached_entry     0x2000d9a8     0x1  Data  Lc  etharp.o [1]
etharp_ip_input         0x08018595    0x26  Code  Gb  etharp.o [1]
etharp_output           0x08018711    0xc0  Code  Gb  etharp.o [1]
etharp_query            0x080187d1   0x1ac  Code  Gb  etharp.o [1]
etharp_raw              0x08018985    0xf0  Code  Lc  etharp.o [1]
etharp_request          0x08018a75    0x28  Code  Gb  etharp.o [1]
etharp_send_ip          0x08018451    0x40  Code  Lc  etharp.o [1]
etharp_tmr              0x0801811d    0xba  Code  Gb  etharp.o [1]
ethbroadcast            0x08018b00     0x8  Data  Gb  etharp.o [1]
ethconfig               0x2000d940     0x4  Data  Gb  stm32f107.o [1]
ethernet_input          0x08018a9d    0x62  Code  Gb  etharp.o [1]
ethernetif_init         0x0801add3    0x3c  Code  Gb  ethernetif.o [1]
ethernetif_input        0x0801ad9f    0x34  Code  Gb  ethernetif.o [1]
ethinit_configstruct    0x08018bbd    0x64  Code  Gb  stm32_eth.o [1]
ethinitconfig           0x2000d8e8     0x8  Data  Gb  stm32_eth.o [1]
ethinitdata             0x2000d76c    0x28  Data  Gb  stm32_eth.o [1]
ethzero                 0x08018b08     0x8  Data  Gb  etharp.o [1]
exit                    0x0801b1f7     0x8  Code  Gb  exit.o [3]
find_entry              0x080181d7   0x27a  Code  Lc  etharp.o [1]
flags                   0x2000d9c6     0x1  Data  Lc  tcp_in.o [1]
free_etharp_q           0x080180f5    0x28  Code  Lc  etharp.o [1]
fun_head_car_position_cmd
                        0x08010dc1   0x1b2  Code  Gb  fun.o [1]
fun_heart_init          0x0801016d    0x22  Code  Gb  fun.o [1]
fun_send_slaver_heart_err_cmd
                        0x08010f85    0x9a  Code  Gb  fun.o [1]
fun_upload_heart_err_process
                        0x08011431    0x2c  Code  Gb  fun.o [1]
funheart                0x2000d8d8     0x8  Data  Gb  fun.o [1]
get_ip_para_process     0x0801aa91    0xc2  Code  Gb  TCPclient.o [1]
get_load_num            0x08011a19   0x14c  Code  Gb  moto.o [1]
get_xialiao_num_process
                        0x080117f3   0x226  Code  Gb  moto.o [1]
guangdian_error         0x2000d9ad     0x1  Data  Gb  guangdian.o [1]
headcarpositoon         0x2000d904     0x4  Data  Gb  fun.o [1]
heart_dely              0x20000028     0x1  Data  Gb  TCPclient.o [1]
htonl                   0x0801572b    0x18  Code  Gb  inet.o [1]
htons                   0x08015715     0xc  Code  Gb  inet.o [1]
icmp_dest_unreach       0x0801806b     0xe  Code  Gb  icmp.o [1]
icmp_input              0x08017efd   0x16e  Code  Gb  icmp.o [1]
icmp_send_response      0x08018087    0x6e  Code  Lc  icmp.o [1]
icmp_time_exceeded      0x08018079     0xe  Code  Gb  icmp.o [1]
inet_chksum             0x08018b5b     0xe  Code  Gb  inet_chksum.o [1]
inet_chksum_pbuf        0x08018b69    0x54  Code  Gb  inet_chksum.o [1]
initQueue               0x0801018f    0x10  Code  Gb  fun.o [1]
init_ethconfig_struct   0x08019519    0x1a  Code  Gb  stm32f107.o [1]
inseg                   0x2000d850    0x14  Data  Lc  tcp_in.o [1]
ip_addr_any             0x08015d10     0x4  Data  Gb  ip_addr.o [1]
ip_addr_isbroadcast     0x08015cc1    0x50  Code  Gb  ip_addr.o [1]
ip_frag                 0x0801790f   0x16a  Code  Gb  ip_frag.o [1]
ip_input                0x08016fed   0x19e  Code  Gb  ip.o [1]
ip_output               0x080172cd    0x3c  Code  Gb  ip.o [1]
ip_output_if            0x0801718b   0x12c  Code  Gb  ip.o [1]
ip_reass                0x08017769   0x1a6  Code  Gb  ip_frag.o [1]
ip_reass_chain_frag_into_datagram_and_validate
                        0x0801762f   0x13a  Code  Lc  ip_frag.o [1]
ip_reass_dequeue_datagram
                        0x08017609    0x26  Code  Lc  ip_frag.o [1]
ip_reass_enqueue_new_datagram
                        0x080175af    0x5a  Code  Lc  ip_frag.o [1]
ip_reass_free_complete_datagram
                        0x080174b1    0x86  Code  Lc  ip_frag.o [1]
ip_reass_pbufcount      0x2000d986     0x2  Data  Lc  ip_frag.o [1]
ip_reass_remove_oldest_datagram
                        0x08017537    0x78  Code  Lc  ip_frag.o [1]
ip_route                0x08016fa1    0x4c  Code  Gb  ip.o [1]
iphdr                   0x2000d960     0x4  Data  Lc  tcp_in.o [1]
key_value               0x2000d9b1     0x1  Data  Gb  main.o [1]
lfree                   0x2000d920     0x4  Data  Lc  mem.o [1]
low_level_init          0x0801ac8d    0x8c  Code  Lc  ethernetif.o [1]
low_level_input         0x0801ad47    0x58  Code  Lc  ethernetif.o [1]
low_level_output        0x0801ad19    0x2e  Code  Lc  ethernetif.o [1]
lwip_standard_chksum    0x08018b11    0x4a  Code  Lc  inet_chksum.o [1]
main                    0x0801a37f    0xbc  Code  Gb  main.o [1]
main_onems_process      0x0801a4e1    0xf6  Code  Gb  main.o [1]
max_guandian_count_u16  0x2000d98a     0x2  Data  Gb  main.o [1]
mem_free                0x08016d0d    0x4a  Code  Gb  mem.o [1]
mem_init                0x08016cb9    0x54  Code  Gb  mem.o [1]
mem_malloc              0x08016e59   0x11e  Code  Gb  mem.o [1]
mem_realloc             0x08016d57   0x102  Code  Gb  mem.o [1]
mem_sem                 0x2000d9b6     0x1  Data  Lc  mem.o [1]
memcpy                  0x08012905     0xe  Code  Gb  tcp_out.o [1]
memp_free               0x08016263    0x24  Code  Gb  memp.o [1]
memp_init               0x080161d5    0x5e  Code  Gb  memp.o [1]
memp_malloc             0x08016233    0x30  Code  Gb  memp.o [1]
memp_memory             0x2000002c  0x454c  Data  Lc  memp.o [1]
memp_num                0x080162a4    0x14  Data  Lc  memp.o [1]
memp_sizes              0x08016290    0x14  Data  Lc  memp.o [1]
memp_tab                0x2000d794    0x24  Data  Lc  memp.o [1]
memset                  0x08016f8d    0x14  Code  Gb  udp.o [1]
moto_commu_statue       0x2000d9bb     0x1  Data  Gb  moto.o [1]
moto_ctr_process        0x080121d9    0xe2  Code  Gb  moto.o [1]
moto_ctr_statue         0x20000029     0x1  Data  Gb  moto.o [1]
moto_para               0x2000cf50   0x120  Data  Gb  moto.o [1]
moto_ready_recv_process
                        0x080115e1    0x28  Code  Gb  moto.o [1]
moto_recv_buff          0x2000d83c    0x14  Data  Gb  moto.o [1]
moto_recv_count         0x2000d9ba     0x1  Data  Gb  moto.o [1]
moto_recv_now_process   0x0801164d   0x1a6  Code  Gb  moto.o [1]
moto_recv_statue        0x2000d9bd     0x1  Data  Gb  moto.o [1]
moto_reply_count        0x2000d9c2     0x1  Data  Gb  moto.o [1]
moto_reply_outtimer     0x2000d9c1     0x1  Data  Gb  moto.o [1]
moto_send_buff          0x2000d828    0x14  Data  Gb  moto.o [1]
moto_send_count         0x2000d9b9     0x1  Data  Gb  moto.o [1]
moto_send_num           0x2000d9bc     0x1  Data  Gb  moto.o [1]
moto_send_process       0x08011609    0x44  Code  Gb  moto.o [1]
moto_start_ctr          0x2000d9be     0x1  Data  Gb  moto.o [1]
moto_statue_comm_en     0x2000d9ae     0x1  Data  Gb  guangdian.o [1]
motor_position_reset    0x08011c25    0x38  Code  Gb  moto.o [1]
msgQueueBuff            0x2000d3ec    0xc8  Data  Gb  fun.o [1]
msgSendQueue            0x2000d8a0     0xc  Data  Gb  fun.o [1]
msg_pack_id_cnt_u32     0x2000d8f0     0x4  Data  Gb  can_bus.o [1]
netif                   0x2000d73c    0x30  Data  Gb  netconf.o [1]
netif_add               0x08017371    0x52  Code  Gb  netif.o [1]
netif_default           0x2000d92c     0x4  Data  Gb  netif.o [1]
netif_is_up             0x080174a7     0xa  Code  Gb  netif.o [1]
netif_list              0x2000d928     0x4  Data  Gb  netif.o [1]
netif_set_addr          0x080173c3    0x20  Code  Gb  netif.o [1]
netif_set_default       0x08017465     0x6  Code  Gb  netif.o [1]
netif_set_gw            0x08017449     0xe  Code  Gb  netif.o [1]
netif_set_ipaddr        0x080173e3    0x66  Code  Gb  netif.o [1]
netif_set_netmask       0x08017457     0xe  Code  Gb  netif.o [1]
netif_set_up            0x08017481    0x26  Code  Gb  netif.o [1]
ntohl                   0x08015743     0x8  Code  Gb  inet.o [1]
ntohs                   0x08015721     0xa  Code  Gb  inet.o [1]
onems_flag              0x2000d9b5     0x1  Data  Gb  main.o [1]
outQueue                0x080101d1    0x26  Code  Gb  fun.o [1]
pbuf_alloc              0x0801574b   0x1ac  Code  Gb  pbuf.o [1]
pbuf_cat                0x08015aa1    0x32  Code  Gb  pbuf.o [1]
pbuf_chain              0x08015ad3    0x12  Code  Gb  pbuf.o [1]
pbuf_clen               0x08015a83    0x12  Code  Gb  pbuf.o [1]
pbuf_copy               0x08015ae5    0xbe  Code  Gb  pbuf.o [1]
pbuf_copy_partial       0x08015ba3    0x98  Code  Gb  pbuf.o [1]
pbuf_free               0x08015a0d    0x76  Code  Gb  pbuf.o [1]
pbuf_header             0x08015979    0x94  Code  Gb  pbuf.o [1]
pbuf_realloc            0x080158f7    0x82  Code  Gb  pbuf.o [1]
pbuf_ref                0x08015a95     0xc  Code  Gb  pbuf.o [1]
pbuf_take               0x08015c3b    0x86  Code  Gb  pbuf.o [1]
photo_bd_cnt_buff       0x2000d8c4     0xc  Data  Gb  photo.o [1]
photo_deal_with_cnt_photo
                        0x08012edf   0x156  Code  Gb  photo.o [1]
photo_deal_with_reset_photo
                        0x08013035    0x8a  Code  Gb  photo.o [1]
photo_trig_config       0x080130bf   0x214  Code  Gb  photo.o [1]
photobdcnt              0x2000d570    0xa0  Data  Gb  photo.o [1]
photobdcntqueue         0x2000d8ac     0xc  Data  Gb  photo.o [1]
photolast_num           0x20000022     0x2  Data  Gb  photo.o [1]
photoone_num            0x20000024     0x2  Data  Gb  photo.o [1]
phototrig               0x2000d884    0x10  Data  Gb  photo.o [1]
phototwo_num            0x20000026     0x2  Data  Gb  photo.o [1]
plug_holes              0x08016c29    0x90  Code  Lc  mem.o [1]
port_info               0x2000d7d8    0x20  Data  Gb  photo.o [1]
positionnode            0x2000d610    0x50  Data  Gb  photo.o [1]
positionqueue           0x2000d8b8     0xc  Data  Gb  photo.o [1]
pre_INPUT2_count        0x2000d980     0x2  Data  Gb  guangdian.o [1]
pre_moto_para_num       0x2000d9c0     0x1  Data  Gb  moto.o [1]
ram                     0x2000d918     0x4  Data  Lc  mem.o [1]
ram_end                 0x2000d91c     0x4  Data  Lc  mem.o [1]
ram_heap                0x20004578  0x2814  Data  Lc  mem.o [1]
raw_input               0x08017a89    0x82  Code  Gb  raw.o [1]
raw_pcbs                0x2000d930     0x4  Data  Lc  raw.o [1]
reassdatagrams          0x2000d910     0x4  Data  Lc  ip_frag.o [1]
recive_wcs_count        0x2000d900     0x4  Data  Gb  fun.o [1]
recv_data               0x2000d96c     0x4  Data  Lc  tcp_in.o [1]
recv_flags              0x2000d9c7     0x1  Data  Lc  tcp_in.o [1]
recv_message_from_sever
                        0x08010aef    0x24  Code  Gb  fun.o [1]
recv_moto_statue_process
                        0x0801ab75    0xc4  Code  Gb  zongxian.o [1]
recv_msg_check          0x08010221    0x56  Code  Gb  fun.o [1]
recv_msg_process        0x08010637   0x4b8  Code  Gb  fun.o [1]
recv_slaver_photo_config_process
                        0x080105f7    0x40  Code  Gb  fun.o [1]
reply_index_error       0x2000d8fc     0x4  Data  Gb  fun.o [1]
reply_recv_msg          0x08010b13    0x5e  Code  Gb  fun.o [1]
reply_recv_msg_error_statue
                        0x08010b71   0x14a  Code  Gb  fun.o [1]
s10_cnt                 0x2000d98c     0x2  Data  Gb  main.o [1]
sWCS2CarUnloadRunData   0x2000d814    0x14  Data  Gb  fun.o [1]
s_LED_Interval          0x2000d98e     0x2  Data  Gb  main.o [1]
s_Last_packet_seq       0x20000014     0x4  Data  Gb  fun.o [1]
s_speed_zhuxian_u32     0x2000d8f8     0x4  Data  Gb  fun.o [1]
scan_key_process        0x0801a2ad    0xd2  Code  Gb  main.o [1]
sec_flag                0x2000d988     0x2  Data  Gb  main.o [1]
sec_process             0x0801a17d   0x130  Code  Gb  main.o [1]
sec_reg                 0x20000020     0x2  Data  Gb  main.o [1]
send_message_to_sever   0x080112b9   0x14c  Code  Gb  fun.o [1]
send_moto_para_process  0x08011e57   0x12a  Code  Gb  moto.o [1]
send_moto_run_process   0x08011f81   0x232  Code  Gb  moto.o [1]
send_msg_car2wcs_err_heart
                        0x08010cf5    0x58  Code  Gb  fun.o [1]
send_msg_car2wcs_heart  0x08010cbb    0x3a  Code  Gb  fun.o [1]
send_msg_car2wcs_online_cmd
                        0x08010d4d    0x68  Code  Gb  fun.o [1]
seqno                   0x2000d964     0x4  Data  Lc  tcp_in.o [1]
slavefirstreset         0x2000d9c5     0x1  Data  Gb  photo.o [1]
slaverbdcnt             0x2000d8e0     0x8  Data  Gb  photo.o [1]
slavercntflag           0x2000d9c4     0x1  Data  Gb  photo.o [1]
slaverheartmsg          0x2000d258    0xcc  Data  Gb  fun.o [1]
statue_car_count        0x2000d9c9     0x1  Data  Gb  zongxian.o [1]
statue_car_num          0x2000d99c     0x2  Data  Gb  zongxian.o [1]
statue_guangdian_num    0x2000d99e     0x2  Data  Gb  zongxian.o [1]
sys_moto_statue         0x2000c768   0x400  Data  Gb  fun.o [1]
sysmsg                  0x2000d874    0x10  Data  Gb  photo.o [1]
tcp_abandon             0x08015e35    0xb0  Code  Gb  tcp.o [1]
tcp_active_pcbs         0x2000d950     0x4  Data  Gb  tcp.o [1]
tcp_alloc               0x08015ff9    0xb6  Code  Gb  tcp.o [1]
tcp_bound_pcbs          0x2000d948     0x4  Data  Gb  tcp.o [1]
tcp_client_list         0x2000a190  0x1418  Data  Gb  TCPclient.o [1]
tcp_close               0x08015d15   0x120  Code  Gb  tcp.o [1]
tcp_eff_send_mss        0x080161ad    0x28  Code  Gb  tcp.o [1]
tcp_enqueue             0x08016349   0x48e  Code  Gb  tcp_out.o [1]
tcp_input               0x080143b9   0x4bc  Code  Gb  tcp_in.o [1]
tcp_input_pcb           0x2000d970     0x4  Data  Gb  tcp_in.o [1]
tcp_kill_prio           0x08015f7b    0x4a  Code  Lc  tcp.o [1]
tcp_kill_timewait       0x08015fc5    0x34  Code  Lc  tcp.o [1]
tcp_listen_input        0x08014875   0x146  Code  Lc  tcp_in.o [1]
tcp_listen_pcbs         0x2000d94c     0x4  Data  Gb  tcp.o [1]
tcp_next_iss            0x08016175    0x14  Code  Gb  tcp.o [1]
tcp_output              0x080167d7   0x26c  Code  Gb  tcp_out.o [1]
tcp_output_segment      0x08016a43    0xbe  Code  Lc  tcp_out.o [1]
tcp_output_set_header   0x080162b9    0x76  Code  Lc  tcp_out.o [1]
tcp_parseopt            0x08015641    0xae  Code  Lc  tcp_in.o [1]
tcp_pcb_purge           0x080160af    0x3a  Code  Gb  tcp.o [1]
tcp_pcb_remove          0x080160e9    0x8c  Code  Gb  tcp.o [1]
tcp_process             0x08014a09   0x550  Code  Lc  tcp_in.o [1]
tcp_receive             0x08014f8d   0x6ae  Code  Lc  tcp_in.o [1]
tcp_recv_null           0x08015f5d    0x1e  Code  Lc  tcp.o [1]
tcp_rexmit              0x08016bd3    0x54  Code  Gb  tcp_out.o [1]
tcp_rst                 0x08016b0d    0xc6  Code  Gb  tcp_out.o [1]
tcp_seg_free            0x08015f37    0x26  Code  Gb  tcp.o [1]
tcp_segs_free           0x08015f1d    0x1a  Code  Gb  tcp.o [1]
tcp_send_ctrl           0x0801632f    0x1a  Code  Gb  tcp_out.o [1]
tcp_ticks               0x2000d944     0x4  Data  Gb  tcp.o [1]
tcp_timewait_input      0x080149bb    0x4e  Code  Lc  tcp_in.o [1]
tcp_tmp_pcb             0x2000d958     0x4  Data  Gb  tcp.o [1]
tcp_tw_pcbs             0x2000d954     0x4  Data  Gb  tcp.o [1]
tcp_update_rcv_ann_wnd  0x08015ee5    0x38  Code  Gb  tcp.o [1]
tcphdr                  0x2000d95c     0x4  Data  Lc  tcp_in.o [1]
tcplen                  0x2000d998     0x2  Data  Lc  tcp_in.o [1]
udp_bind                0x08017e01    0x78  Code  Gb  udp.o [1]
udp_client_process      0x0801aa27    0x6a  Code  Gb  TCPclient.o [1]
udp_connect             0x08017e79    0x5a  Code  Gb  udp.o [1]
udp_echoclient_connect  0x0801a7b3   0x11a  Code  Gb  TCPclient.o [1]
udp_input               0x08017b11   0x1c6  Code  Gb  udp.o [1]
udp_new                 0x08017edd    0x20  Code  Gb  udp.o [1]
udp_pcbs                0x2000d974     0x4  Data  Gb  udp.o [1]
udp_receive_callback    0x0801a8cd    0xf4  Code  Gb  TCPclient.o [1]
udp_recv                0x08017ed3     0x6  Code  Gb  udp.o [1]
udp_send                0x08017cd7     0xc  Code  Gb  udp.o [1]
udp_send_en             0x2000d9aa     0x1  Data  Gb  fun.o [1]
udp_send_process        0x0801a9c1    0x66  Code  Gb  TCPclient.o [1]
udp_sendto              0x08017ce3    0x2c  Code  Gb  udp.o [1]
udp_sendto_if           0x08017d0f    0xf2  Code  Gb  udp.o [1]
update_arp_entry        0x08018491   0x104  Code  Lc  etharp.o [1]
upload_photolast_cnt    0x2000d996     0x2  Data  Gb  photo.o [1]
upload_photoone_cnt     0x2000d992     0x2  Data  Gb  photo.o [1]
upload_phototwo_cnt     0x2000d994     0x2  Data  Gb  photo.o [1]
vcanbus_recv_slaver_photo_cnt
                        0x0801255d    0x64  Code  Gb  can_bus.o [1]
vfun_slaver_heart_increase
                        0x08011461    0x30  Code  Gb  fun.o [1]
vfun_upload_slaver_err_heart_program
                        0x08011499    0x54  Code  Gb  fun.o [1]
vpcfun_send_slaver_photo_cnt_cmd
                        0x0801102d   0x270  Code  Gb  fun.o [1]
vphoto_add_to_slaver_bd_queue
                        0x08012a77    0x40  Code  Gb  photo.o [1]
vphoto_add_to_slaver_position_queue
                        0x0801295b    0x40  Code  Gb  photo.o [1]
vphoto_get_from_positionqueue
                        0x0801299b    0x2e  Code  Gb  photo.o [1]
vphoto_get_from_slaverbdqueue
                        0x08012ab7    0x2e  Code  Gb  photo.o [1]
vphoto_init_slaver_bdcnt_queue
                        0x080129e5    0x92  Code  Gb  photo.o [1]
vphoto_init_slaver_position_queue
                        0x08012941    0x1a  Code  Gb  photo.o [1]
vphoto_recv_slaver_photo_cmd
                        0x08012b01   0x3de  Code  Gb  photo.o [1]
vphoto_upload_positionqueue
                        0x080129c9    0x1c  Code  Gb  photo.o [1]
vphoto_upload_slaverbdqueue
                        0x08012ae5    0x1c  Code  Gb  photo.o [1]
wcs2CarParaData         0x20006d8c  0x1c44  Data  Gb  fun.o [1]
wcs2carSysEnData        0x2000d894     0xc  Data  Gb  fun.o [1]
write_moto_process      0x08011b65    0xc0  Code  Gb  moto.o [1]
xialiao_process         0x08011c5d   0x1fa  Code  Gb  moto.o [1]
xiaoliao_IO_exit_process
                        0x08010481    0xd6  Code  Gb  fun.o [1]
xiaoliao_exit_process   0x08010277   0x20a  Code  Gb  fun.o [1]
zongxian_recv_count     0x2000d99a     0x2  Data  Gb  zongxian.o [1]
zongxian_send_buff      0x2000cb68   0x3e8  Data  Gb  zongxian.o [1]


[1] = E:\car_item_v1\shunfengkeji\car_control_v1.2.7.5\master___CAR_CTRL_PROJECT_v1.2.7.5\Project\EWARMv5_iap\STM3210C-EVAL\Obj
[2] = command line
[3] = dl7M_tlf.a
[4] = m7M_tl.a
[5] = rt7M_tl.a
[6] = shb_l.a

  45 856 bytes of readonly  code memory
      80 bytes of readonly  data memory
  57 802 bytes of readwrite data memory

Errors: none
Warnings: none
