###############################################################################
#                                                                             #
# IAR ELF Linker V6.10.1.52143/W32 for ARM              25/Jun/2023  15:14:27 #
# Copyright 2007-2010 IAR Systems AB.                                         #
#                                                                             #
#    Output file  =  E:\car_item_v1\normalmorethan655car\car_control_v1.2.7.6 #
#                    \ip110\slave___CAR_CTRL_PROJECT_v1.2.7.6\Project\EWARMv5 #
#                    _iap\STM3210C-EVAL\Exe\STM3210C-EVAL.out                 #
#    Map file     =  E:\car_item_v1\normalmorethan655car\car_control_v1.2.7.6 #
#                    \ip110\slave___CAR_CTRL_PROJECT_v1.2.7.6\Project\EWARMv5 #
#                    _iap\STM3210C-EVAL\List\STM3210C-EVAL.map                #
#    Command line =  E:\car_item_v1\normalmorethan655car\car_control_v1.2.7.6 #
#                    \ip110\slave___CAR_CTRL_PROJECT_v1.2.7.6\Project\EWARMv5 #
#                    _iap\STM3210C-EVAL\Obj\TCPclient.o                       #
#                    E:\car_item_v1\normalmorethan655car\car_control_v1.2.7.6 #
#                    \ip110\slave___CAR_CTRL_PROJECT_v1.2.7.6\Project\EWARMv5 #
#                    _iap\STM3210C-EVAL\Obj\api_lib.o                         #
#                    E:\car_item_v1\normalmorethan655car\car_control_v1.2.7.6 #
#                    \ip110\slave___CAR_CTRL_PROJECT_v1.2.7.6\Project\EWARMv5 #
#                    _iap\STM3210C-EVAL\Obj\api_msg.o                         #
#                    E:\car_item_v1\normalmorethan655car\car_control_v1.2.7.6 #
#                    \ip110\slave___CAR_CTRL_PROJECT_v1.2.7.6\Project\EWARMv5 #
#                    _iap\STM3210C-EVAL\Obj\autoip.o                          #
#                    E:\car_item_v1\normalmorethan655car\car_control_v1.2.7.6 #
#                    \ip110\slave___CAR_CTRL_PROJECT_v1.2.7.6\Project\EWARMv5 #
#                    _iap\STM3210C-EVAL\Obj\can_bus.o                         #
#                    E:\car_item_v1\normalmorethan655car\car_control_v1.2.7.6 #
#                    \ip110\slave___CAR_CTRL_PROJECT_v1.2.7.6\Project\EWARMv5 #
#                    _iap\STM3210C-EVAL\Obj\core_cm3.o                        #
#                    E:\car_item_v1\normalmorethan655car\car_control_v1.2.7.6 #
#                    \ip110\slave___CAR_CTRL_PROJECT_v1.2.7.6\Project\EWARMv5 #
#                    _iap\STM3210C-EVAL\Obj\dhcp.o                            #
#                    E:\car_item_v1\normalmorethan655car\car_control_v1.2.7.6 #
#                    \ip110\slave___CAR_CTRL_PROJECT_v1.2.7.6\Project\EWARMv5 #
#                    _iap\STM3210C-EVAL\Obj\err.o                             #
#                    E:\car_item_v1\normalmorethan655car\car_control_v1.2.7.6 #
#                    \ip110\slave___CAR_CTRL_PROJECT_v1.2.7.6\Project\EWARMv5 #
#                    _iap\STM3210C-EVAL\Obj\etharp.o                          #
#                    E:\car_item_v1\normalmorethan655car\car_control_v1.2.7.6 #
#                    \ip110\slave___CAR_CTRL_PROJECT_v1.2.7.6\Project\EWARMv5 #
#                    _iap\STM3210C-EVAL\Obj\ethernetif.o                      #
#                    E:\car_item_v1\normalmorethan655car\car_control_v1.2.7.6 #
#                    \ip110\slave___CAR_CTRL_PROJECT_v1.2.7.6\Project\EWARMv5 #
#                    _iap\STM3210C-EVAL\Obj\fun.o                             #
#                    E:\car_item_v1\normalmorethan655car\car_control_v1.2.7.6 #
#                    \ip110\slave___CAR_CTRL_PROJECT_v1.2.7.6\Project\EWARMv5 #
#                    _iap\STM3210C-EVAL\Obj\guangdian.o                       #
#                    E:\car_item_v1\normalmorethan655car\car_control_v1.2.7.6 #
#                    \ip110\slave___CAR_CTRL_PROJECT_v1.2.7.6\Project\EWARMv5 #
#                    _iap\STM3210C-EVAL\Obj\icmp.o                            #
#                    E:\car_item_v1\normalmorethan655car\car_control_v1.2.7.6 #
#                    \ip110\slave___CAR_CTRL_PROJECT_v1.2.7.6\Project\EWARMv5 #
#                    _iap\STM3210C-EVAL\Obj\igmp.o                            #
#                    E:\car_item_v1\normalmorethan655car\car_control_v1.2.7.6 #
#                    \ip110\slave___CAR_CTRL_PROJECT_v1.2.7.6\Project\EWARMv5 #
#                    _iap\STM3210C-EVAL\Obj\inet.o                            #
#                    E:\car_item_v1\normalmorethan655car\car_control_v1.2.7.6 #
#                    \ip110\slave___CAR_CTRL_PROJECT_v1.2.7.6\Project\EWARMv5 #
#                    _iap\STM3210C-EVAL\Obj\inet_chksum.o                     #
#                    E:\car_item_v1\normalmorethan655car\car_control_v1.2.7.6 #
#                    \ip110\slave___CAR_CTRL_PROJECT_v1.2.7.6\Project\EWARMv5 #
#                    _iap\STM3210C-EVAL\Obj\init.o                            #
#                    E:\car_item_v1\normalmorethan655car\car_control_v1.2.7.6 #
#                    \ip110\slave___CAR_CTRL_PROJECT_v1.2.7.6\Project\EWARMv5 #
#                    _iap\STM3210C-EVAL\Obj\ip.o                              #
#                    E:\car_item_v1\normalmorethan655car\car_control_v1.2.7.6 #
#                    \ip110\slave___CAR_CTRL_PROJECT_v1.2.7.6\Project\EWARMv5 #
#                    _iap\STM3210C-EVAL\Obj\ip_addr.o                         #
#                    E:\car_item_v1\normalmorethan655car\car_control_v1.2.7.6 #
#                    \ip110\slave___CAR_CTRL_PROJECT_v1.2.7.6\Project\EWARMv5 #
#                    _iap\STM3210C-EVAL\Obj\ip_frag.o                         #
#                    E:\car_item_v1\normalmorethan655car\car_control_v1.2.7.6 #
#                    \ip110\slave___CAR_CTRL_PROJECT_v1.2.7.6\Project\EWARMv5 #
#                    _iap\STM3210C-EVAL\Obj\main.o                            #
#                    E:\car_item_v1\normalmorethan655car\car_control_v1.2.7.6 #
#                    \ip110\slave___CAR_CTRL_PROJECT_v1.2.7.6\Project\EWARMv5 #
#                    _iap\STM3210C-EVAL\Obj\mem.o                             #
#                    E:\car_item_v1\normalmorethan655car\car_control_v1.2.7.6 #
#                    \ip110\slave___CAR_CTRL_PROJECT_v1.2.7.6\Project\EWARMv5 #
#                    _iap\STM3210C-EVAL\Obj\memp.o                            #
#                    E:\car_item_v1\normalmorethan655car\car_control_v1.2.7.6 #
#                    \ip110\slave___CAR_CTRL_PROJECT_v1.2.7.6\Project\EWARMv5 #
#                    _iap\STM3210C-EVAL\Obj\misc.o                            #
#                    E:\car_item_v1\normalmorethan655car\car_control_v1.2.7.6 #
#                    \ip110\slave___CAR_CTRL_PROJECT_v1.2.7.6\Project\EWARMv5 #
#                    _iap\STM3210C-EVAL\Obj\moto.o                            #
#                    E:\car_item_v1\normalmorethan655car\car_control_v1.2.7.6 #
#                    \ip110\slave___CAR_CTRL_PROJECT_v1.2.7.6\Project\EWARMv5 #
#                    _iap\STM3210C-EVAL\Obj\netbuf.o                          #
#                    E:\car_item_v1\normalmorethan655car\car_control_v1.2.7.6 #
#                    \ip110\slave___CAR_CTRL_PROJECT_v1.2.7.6\Project\EWARMv5 #
#                    _iap\STM3210C-EVAL\Obj\netconf.o                         #
#                    E:\car_item_v1\normalmorethan655car\car_control_v1.2.7.6 #
#                    \ip110\slave___CAR_CTRL_PROJECT_v1.2.7.6\Project\EWARMv5 #
#                    _iap\STM3210C-EVAL\Obj\netdb.o                           #
#                    E:\car_item_v1\normalmorethan655car\car_control_v1.2.7.6 #
#                    \ip110\slave___CAR_CTRL_PROJECT_v1.2.7.6\Project\EWARMv5 #
#                    _iap\STM3210C-EVAL\Obj\netif.o                           #
#                    E:\car_item_v1\normalmorethan655car\car_control_v1.2.7.6 #
#                    \ip110\slave___CAR_CTRL_PROJECT_v1.2.7.6\Project\EWARMv5 #
#                    _iap\STM3210C-EVAL\Obj\netifapi.o                        #
#                    E:\car_item_v1\normalmorethan655car\car_control_v1.2.7.6 #
#                    \ip110\slave___CAR_CTRL_PROJECT_v1.2.7.6\Project\EWARMv5 #
#                    _iap\STM3210C-EVAL\Obj\pbuf.o                            #
#                    E:\car_item_v1\normalmorethan655car\car_control_v1.2.7.6 #
#                    \ip110\slave___CAR_CTRL_PROJECT_v1.2.7.6\Project\EWARMv5 #
#                    _iap\STM3210C-EVAL\Obj\photo.o                           #
#                    E:\car_item_v1\normalmorethan655car\car_control_v1.2.7.6 #
#                    \ip110\slave___CAR_CTRL_PROJECT_v1.2.7.6\Project\EWARMv5 #
#                    _iap\STM3210C-EVAL\Obj\raw.o                             #
#                    E:\car_item_v1\normalmorethan655car\car_control_v1.2.7.6 #
#                    \ip110\slave___CAR_CTRL_PROJECT_v1.2.7.6\Project\EWARMv5 #
#                    _iap\STM3210C-EVAL\Obj\startup_stm32f10x_cl.o            #
#                    E:\car_item_v1\normalmorethan655car\car_control_v1.2.7.6 #
#                    \ip110\slave___CAR_CTRL_PROJECT_v1.2.7.6\Project\EWARMv5 #
#                    _iap\STM3210C-EVAL\Obj\stats.o                           #
#                    E:\car_item_v1\normalmorethan655car\car_control_v1.2.7.6 #
#                    \ip110\slave___CAR_CTRL_PROJECT_v1.2.7.6\Project\EWARMv5 #
#                    _iap\STM3210C-EVAL\Obj\stm32_eth.o                       #
#                    E:\car_item_v1\normalmorethan655car\car_control_v1.2.7.6 #
#                    \ip110\slave___CAR_CTRL_PROJECT_v1.2.7.6\Project\EWARMv5 #
#                    _iap\STM3210C-EVAL\Obj\stm32f107.o                       #
#                    E:\car_item_v1\normalmorethan655car\car_control_v1.2.7.6 #
#                    \ip110\slave___CAR_CTRL_PROJECT_v1.2.7.6\Project\EWARMv5 #
#                    _iap\STM3210C-EVAL\Obj\stm32f10x_adc.o                   #
#                    E:\car_item_v1\normalmorethan655car\car_control_v1.2.7.6 #
#                    \ip110\slave___CAR_CTRL_PROJECT_v1.2.7.6\Project\EWARMv5 #
#                    _iap\STM3210C-EVAL\Obj\stm32f10x_bkp.o                   #
#                    E:\car_item_v1\normalmorethan655car\car_control_v1.2.7.6 #
#                    \ip110\slave___CAR_CTRL_PROJECT_v1.2.7.6\Project\EWARMv5 #
#                    _iap\STM3210C-EVAL\Obj\stm32f10x_can.o                   #
#                    E:\car_item_v1\normalmorethan655car\car_control_v1.2.7.6 #
#                    \ip110\slave___CAR_CTRL_PROJECT_v1.2.7.6\Project\EWARMv5 #
#                    _iap\STM3210C-EVAL\Obj\stm32f10x_dma.o                   #
#                    E:\car_item_v1\normalmorethan655car\car_control_v1.2.7.6 #
#                    \ip110\slave___CAR_CTRL_PROJECT_v1.2.7.6\Project\EWARMv5 #
#                    _iap\STM3210C-EVAL\Obj\stm32f10x_exti.o                  #
#                    E:\car_item_v1\normalmorethan655car\car_control_v1.2.7.6 #
#                    \ip110\slave___CAR_CTRL_PROJECT_v1.2.7.6\Project\EWARMv5 #
#                    _iap\STM3210C-EVAL\Obj\stm32f10x_flash.o                 #
#                    E:\car_item_v1\normalmorethan655car\car_control_v1.2.7.6 #
#                    \ip110\slave___CAR_CTRL_PROJECT_v1.2.7.6\Project\EWARMv5 #
#                    _iap\STM3210C-EVAL\Obj\stm32f10x_gpio.o                  #
#                    E:\car_item_v1\normalmorethan655car\car_control_v1.2.7.6 #
#                    \ip110\slave___CAR_CTRL_PROJECT_v1.2.7.6\Project\EWARMv5 #
#                    _iap\STM3210C-EVAL\Obj\stm32f10x_i2c.o                   #
#                    E:\car_item_v1\normalmorethan655car\car_control_v1.2.7.6 #
#                    \ip110\slave___CAR_CTRL_PROJECT_v1.2.7.6\Project\EWARMv5 #
#                    _iap\STM3210C-EVAL\Obj\stm32f10x_it.o                    #
#                    E:\car_item_v1\normalmorethan655car\car_control_v1.2.7.6 #
#                    \ip110\slave___CAR_CTRL_PROJECT_v1.2.7.6\Project\EWARMv5 #
#                    _iap\STM3210C-EVAL\Obj\stm32f10x_pwr.o                   #
#                    E:\car_item_v1\normalmorethan655car\car_control_v1.2.7.6 #
#                    \ip110\slave___CAR_CTRL_PROJECT_v1.2.7.6\Project\EWARMv5 #
#                    _iap\STM3210C-EVAL\Obj\stm32f10x_rcc.o                   #
#                    E:\car_item_v1\normalmorethan655car\car_control_v1.2.7.6 #
#                    \ip110\slave___CAR_CTRL_PROJECT_v1.2.7.6\Project\EWARMv5 #
#                    _iap\STM3210C-EVAL\Obj\stm32f10x_rtc.o                   #
#                    E:\car_item_v1\normalmorethan655car\car_control_v1.2.7.6 #
#                    \ip110\slave___CAR_CTRL_PROJECT_v1.2.7.6\Project\EWARMv5 #
#                    _iap\STM3210C-EVAL\Obj\stm32f10x_spi.o                   #
#                    E:\car_item_v1\normalmorethan655car\car_control_v1.2.7.6 #
#                    \ip110\slave___CAR_CTRL_PROJECT_v1.2.7.6\Project\EWARMv5 #
#                    _iap\STM3210C-EVAL\Obj\stm32f10x_tim.o                   #
#                    E:\car_item_v1\normalmorethan655car\car_control_v1.2.7.6 #
#                    \ip110\slave___CAR_CTRL_PROJECT_v1.2.7.6\Project\EWARMv5 #
#                    _iap\STM3210C-EVAL\Obj\stm32f10x_usart.o                 #
#                    E:\car_item_v1\normalmorethan655car\car_control_v1.2.7.6 #
#                    \ip110\slave___CAR_CTRL_PROJECT_v1.2.7.6\Project\EWARMv5 #
#                    _iap\STM3210C-EVAL\Obj\sys.o                             #
#                    E:\car_item_v1\normalmorethan655car\car_control_v1.2.7.6 #
#                    \ip110\slave___CAR_CTRL_PROJECT_v1.2.7.6\Project\EWARMv5 #
#                    _iap\STM3210C-EVAL\Obj\system_stm32f10x.o                #
#                    E:\car_item_v1\normalmorethan655car\car_control_v1.2.7.6 #
#                    \ip110\slave___CAR_CTRL_PROJECT_v1.2.7.6\Project\EWARMv5 #
#                    _iap\STM3210C-EVAL\Obj\tcp.o                             #
#                    E:\car_item_v1\normalmorethan655car\car_control_v1.2.7.6 #
#                    \ip110\slave___CAR_CTRL_PROJECT_v1.2.7.6\Project\EWARMv5 #
#                    _iap\STM3210C-EVAL\Obj\tcp_in.o                          #
#                    E:\car_item_v1\normalmorethan655car\car_control_v1.2.7.6 #
#                    \ip110\slave___CAR_CTRL_PROJECT_v1.2.7.6\Project\EWARMv5 #
#                    _iap\STM3210C-EVAL\Obj\tcp_out.o                         #
#                    E:\car_item_v1\normalmorethan655car\car_control_v1.2.7.6 #
#                    \ip110\slave___CAR_CTRL_PROJECT_v1.2.7.6\Project\EWARMv5 #
#                    _iap\STM3210C-EVAL\Obj\tcpip.o                           #
#                    E:\car_item_v1\normalmorethan655car\car_control_v1.2.7.6 #
#                    \ip110\slave___CAR_CTRL_PROJECT_v1.2.7.6\Project\EWARMv5 #
#                    _iap\STM3210C-EVAL\Obj\udp.o                             #
#                    E:\car_item_v1\normalmorethan655car\car_control_v1.2.7.6 #
#                    \ip110\slave___CAR_CTRL_PROJECT_v1.2.7.6\Project\EWARMv5 #
#                    _iap\STM3210C-EVAL\Obj\zongxian.o -o                     #
#                    E:\car_item_v1\normalmorethan655car\car_control_v1.2.7.6 #
#                    \ip110\slave___CAR_CTRL_PROJECT_v1.2.7.6\Project\EWARMv5 #
#                    _iap\STM3210C-EVAL\Exe\STM3210C-EVAL.out --map           #
#                    E:\car_item_v1\normalmorethan655car\car_control_v1.2.7.6 #
#                    \ip110\slave___CAR_CTRL_PROJECT_v1.2.7.6\Project\EWARMv5 #
#                    _iap\STM3210C-EVAL\List\STM3210C-EVAL.map --config       #
#                    E:\car_item_v1\normalmorethan655car\car_control_v1.2.7.6 #
#                    \ip110\slave___CAR_CTRL_PROJECT_v1.2.7.6\Project\EWARMv5 #
#                    _iap\STM32F10x_FLASH.icf --semihosting --entry           #
#                    __iar_program_start                                      #
#                                                                             #
#                                                                             #
###############################################################################

*******************************************************************************
*** RUNTIME MODEL ATTRIBUTES
***

CppFlavor       = *
__SystemLibrary = DLib


*******************************************************************************
*** PLACEMENT SUMMARY
***

"A1":  place at 0x08010000 { ro section .intvec };
"P1":  place in [from 0x08008000 to 0x0803ffff] { ro };
"P2":  place in [from 0x20000000 to 0x2000ffff] { rw, block CSTACK, block HEAP };

  Section            Kind        Address    Size  Object
  -------            ----        -------    ----  ------
"A1":                                      0x150
  .intvec            ro code  0x08010000   0x150  startup_stm32f10x_cl.o [1]
                            - 0x08010150   0x150

"P1":                                     0x4698
  .text              ro code  0x08010150   0xf34  moto.o [1]
  .text              ro code  0x08011084   0x178  stm32f10x_gpio.o [1]
  .text              ro code  0x080111fc   0x200  stm32f10x_dma.o [1]
  .text              ro code  0x080113fc   0x69a  stm32f107.o [1]
  .text              ro code  0x08011a96    0x2e  copy_init3.o [5]
  .text              ro code  0x08011ac4   0x1d4  stm32f10x_usart.o [1]
  .text              ro code  0x08011c98   0x554  stm32f10x_can.o [1]
  .text              ro code  0x080121ec   0x198  system_stm32f10x.o [1]
  .text              ro code  0x08012384   0x1b8  stm32f10x_rcc.o [1]
  .text              ro code  0x0801253c    0x98  misc.o [1]
  .text              ro code  0x080125d4   0x62a  can_bus.o [1]
  .text              ro code  0x08012bfe    0x22  zero_init3.o [5]
  .text              ro code  0x08012c20    0x70  ABImemcpy.o [5]
  .text              ro code  0x08012c90     0xe  zongxian.o [1]
  .text              ro code  0x08012ca0   0x5c0  zongxian.o [1]
  .text              ro code  0x08013260   0x120  guangdian.o [1]
  .text              ro code  0x08013380   0x348  fun.o [1]
  .text              ro code  0x080136c8   0x2fc  main.o [1]
  .text              ro code  0x080139c4   0x284  photo.o [1]
  .text              ro code  0x08013c48   0x2fc  stm32f10x_it.o [1]
  .text              ro code  0x08013f44    0x36  stm32f10x_tim.o [1]
  .text              ro code  0x08013f7c    0x20  stm32f10x_bkp.o [1]
  .text              ro code  0x08013f9c    0x10  netconf.o [1]
  .text              ro code  0x08013fac    0x44  stm32_eth.o [1]
  .text              ro code  0x08013ff0    0x34  stm32f10x_exti.o [1]
  .text              ro code  0x08014024   0x120  ethernetif.o [1]
  .text              ro code  0x08014144   0x222  pbuf.o [1]
  .text              ro code  0x08014368    0x5c  memp.o [1]
  .text              ro code  0x080143c4   0x208  mem.o [1]
  .text              ro code  0x080145cc    0x30  iarttio.o [6]
  .text              ro code  0x080145fc     0x8  XShttio.o [3]
  .text              ro code  0x08014604    0x2c  data_init3.o [5]
  .iar.init_table    const    0x08014630    0x24  - Linker created -
  .text              ro code  0x08014654    0x16  cmain.o [5]
  .text              ro code  0x0801466a     0x4  low_level_init.o [3]
  .text              ro code  0x0801466e     0x8  exit.o [3]
  .text              ro code  0x08014678     0xa  cexit.o [5]
  .text              ro code  0x08014684    0x14  exit.o [6]
  .text              ro code  0x08014698     0xc  cstartup_M.o [5]
  .text              ro code  0x080146a4     0x4  startup_stm32f10x_cl.o [1]
  .text              ro code  0x080146a8     0x4  startup_stm32f10x_cl.o [1]
  .text              ro code  0x080146ac     0x4  startup_stm32f10x_cl.o [1]
  .text              ro code  0x080146b0     0x4  startup_stm32f10x_cl.o [1]
  .text              ro code  0x080146b4     0x4  startup_stm32f10x_cl.o [1]
  .text              ro code  0x080146b8     0x4  startup_stm32f10x_cl.o [1]
  .text              ro code  0x080146bc     0x4  startup_stm32f10x_cl.o [1]
  .text              ro code  0x080146c0     0x4  startup_stm32f10x_cl.o [1]
  .text              ro code  0x080146c4     0x4  startup_stm32f10x_cl.o [1]
  .text              ro code  0x080146c8     0x4  startup_stm32f10x_cl.o [1]
  .text              ro code  0x080146cc     0x4  startup_stm32f10x_cl.o [1]
  .text              ro code  0x080146d0     0x4  startup_stm32f10x_cl.o [1]
  .text              ro code  0x080146d4     0x4  startup_stm32f10x_cl.o [1]
  .text              ro code  0x080146d8     0x4  startup_stm32f10x_cl.o [1]
  .text              ro code  0x080146dc     0x4  startup_stm32f10x_cl.o [1]
  .text              ro code  0x080146e0     0x4  startup_stm32f10x_cl.o [1]
  .text              ro code  0x080146e4     0x4  startup_stm32f10x_cl.o [1]
  .text              ro code  0x080146e8     0x4  startup_stm32f10x_cl.o [1]
  .text              ro code  0x080146ec     0x4  startup_stm32f10x_cl.o [1]
  .text              ro code  0x080146f0     0x4  startup_stm32f10x_cl.o [1]
  .text              ro code  0x080146f4     0x4  startup_stm32f10x_cl.o [1]
  .text              ro code  0x080146f8     0x4  startup_stm32f10x_cl.o [1]
  .text              ro code  0x080146fc     0x4  startup_stm32f10x_cl.o [1]
  .text              ro code  0x08014700     0x4  startup_stm32f10x_cl.o [1]
  .text              ro code  0x08014704     0x4  startup_stm32f10x_cl.o [1]
  .text              ro code  0x08014708     0x4  startup_stm32f10x_cl.o [1]
  .text              ro code  0x0801470c     0x4  startup_stm32f10x_cl.o [1]
  .text              ro code  0x08014710     0x4  startup_stm32f10x_cl.o [1]
  .text              ro code  0x08014714     0x4  startup_stm32f10x_cl.o [1]
  .text              ro code  0x08014718     0x4  startup_stm32f10x_cl.o [1]
  .text              ro code  0x0801471c     0x4  startup_stm32f10x_cl.o [1]
  .text              ro code  0x08014720     0x4  startup_stm32f10x_cl.o [1]
  .text              ro code  0x08014724     0x4  startup_stm32f10x_cl.o [1]
  .text              ro code  0x08014728     0x4  startup_stm32f10x_cl.o [1]
  .text              ro code  0x0801472c     0x4  startup_stm32f10x_cl.o [1]
  .text              ro code  0x08014730     0x4  startup_stm32f10x_cl.o [1]
  .text              ro code  0x08014734     0x4  startup_stm32f10x_cl.o [1]
  .text              ro code  0x08014738     0x4  startup_stm32f10x_cl.o [1]
  .text              ro code  0x0801473c     0x4  startup_stm32f10x_cl.o [1]
  .text              ro code  0x08014740     0x4  startup_stm32f10x_cl.o [1]
  .text              ro code  0x08014744     0x4  startup_stm32f10x_cl.o [1]
  .text              ro code  0x08014748     0x4  startup_stm32f10x_cl.o [1]
  .text              ro code  0x0801474c     0x4  startup_stm32f10x_cl.o [1]
  .text              ro code  0x08014750     0x4  startup_stm32f10x_cl.o [1]
  .text              ro code  0x08014754     0x4  startup_stm32f10x_cl.o [1]
  .text              ro code  0x08014758     0x4  startup_stm32f10x_cl.o [1]
  .text              ro code  0x0801475c     0x4  startup_stm32f10x_cl.o [1]
  .text              ro code  0x08014760     0x4  startup_stm32f10x_cl.o [1]
  .text              ro code  0x08014764     0x4  startup_stm32f10x_cl.o [1]
  .text              ro code  0x08014768     0x4  startup_stm32f10x_cl.o [1]
  .text              ro code  0x0801476c     0x4  startup_stm32f10x_cl.o [1]
  .text              ro code  0x08014770     0x4  startup_stm32f10x_cl.o [1]
  .text              ro code  0x08014774     0x4  startup_stm32f10x_cl.o [1]
  .text              ro code  0x08014778     0x4  startup_stm32f10x_cl.o [1]
  .text              ro code  0x0801477c     0x4  startup_stm32f10x_cl.o [1]
  .text              ro code  0x08014780     0x4  startup_stm32f10x_cl.o [1]
  .text              ro code  0x08014784     0x4  startup_stm32f10x_cl.o [1]
  .text              ro code  0x08014788     0x4  startup_stm32f10x_cl.o [1]
  .text              ro code  0x0801478c     0x4  startup_stm32f10x_cl.o [1]
  .text              ro code  0x08014790     0x4  startup_stm32f10x_cl.o [1]
  .text              ro code  0x08014794     0x4  startup_stm32f10x_cl.o [1]
  .text              ro code  0x08014798     0x4  startup_stm32f10x_cl.o [1]
  .text              ro code  0x0801479c     0x4  startup_stm32f10x_cl.o [1]
  .text              ro code  0x080147a0     0x4  startup_stm32f10x_cl.o [1]
  .text              ro code  0x080147a4     0x4  startup_stm32f10x_cl.o [1]
  .text              ro code  0x080147a8     0x4  startup_stm32f10x_cl.o [1]
  .text              ro code  0x080147ac     0x4  startup_stm32f10x_cl.o [1]
  .text              ro code  0x080147b0     0x4  startup_stm32f10x_cl.o [1]
  .text              ro code  0x080147b4     0x4  startup_stm32f10x_cl.o [1]
  .text              ro code  0x080147b8     0x4  startup_stm32f10x_cl.o [1]
  Initializer bytes  ro data  0x080147bc    0x2c  <for P2 s0>
                            - 0x080147e8  0x4698

"P2", part 1 of 3:                          0x2c
  P2 s0                       0x20000000    0x2c  <Init block>
    .data            inited   0x20000000    0x10  stm32f10x_rcc.o [1]
    .data            inited   0x20000010     0x8  XShttio.o [3]
    .data            inited   0x20000018     0x4  guangdian.o [1]
    .data            inited   0x2000001c     0x4  stm32f10x_rcc.o [1]
    .data            inited   0x20000020     0x4  zongxian.o [1]
    .data            inited   0x20000024     0x2  guangdian.o [1]
    .data            inited   0x20000026     0x2  main.o [1]
    .data            inited   0x20000028     0x1  moto.o [1]
                            - 0x2000002c    0x2c

"P2", part 2 of 3:                        0x2b5c
  .bss               zero     0x2000002c  0x1c44  fun.o [1]
  .bss               zero     0x20001c70   0x3e8  can_bus.o [1]
  .bss               zero     0x20002058   0x3e8  zongxian.o [1]
  .bss               zero     0x20002440   0x2bc  can_bus.o [1]
  .bss               zero     0x200026fc   0x120  moto.o [1]
  .bss               zero     0x2000281c   0x10c  fun.o [1]
  .bss               zero     0x20002928    0xdc  fun.o [1]
  .bss               zero     0x20002a04    0x34  zongxian.o [1]
  .bss               zero     0x20002a38    0x34  zongxian.o [1]
  .bss               zero     0x20002a6c    0x30  netconf.o [1]
  .bss               zero     0x20002a9c    0x24  memp.o [1]
  .bss               zero     0x20002ac0    0x18  photo.o [1]
  .bss               zero     0x20002ad8    0x14  fun.o [1]
  .bss               zero     0x20002aec    0x14  moto.o [1]
  .bss               zero     0x20002b00    0x14  moto.o [1]
  .bss               zero     0x20002b14     0xc  can_bus.o [1]
  .bss               zero     0x20002b20     0xc  fun.o [1]
  .bss               zero     0x20002b2c     0xc  photo.o [1]
  .bss               zero     0x20002b38     0x4  fun.o [1]
  .bss               zero     0x20002b3c     0x4  guangdian.o [1]
  .bss               zero     0x20002b40     0x4  main.o [1]
  .bss               zero     0x20002b44     0x4  main.o [1]
  .bss               zero     0x20002b48     0x4  mem.o [1]
  .bss               zero     0x20002b4c     0x4  mem.o [1]
  .bss               zero     0x20002b50     0x4  mem.o [1]
  .bss               zero     0x20002b54     0x4  stm32_eth.o [1]
  .bss               zero     0x20002b58     0x4  zongxian.o [1]
  .bss               zero     0x20002b5c     0x2  can_bus.o [1]
  .bss               zero     0x20002b5e     0x2  can_bus.o [1]
  .bss               zero     0x20002b60     0x2  guangdian.o [1]
  .bss               zero     0x20002b62     0x2  guangdian.o [1]
  .bss               zero     0x20002b64     0x2  guangdian.o [1]
  .bss               zero     0x20002b66     0x2  main.o [1]
  .bss               zero     0x20002b68     0x2  main.o [1]
  .bss               zero     0x20002b6a     0x2  main.o [1]
  .bss               zero     0x20002b6c     0x2  moto.o [1]
  .bss               zero     0x20002b6e     0x2  zongxian.o [1]
  .bss               zero     0x20002b70     0x1  TCPclient.o [1]
  .bss               zero     0x20002b71     0x1  can_bus.o [1]
  .bss               zero     0x20002b72     0x1  can_bus.o [1]
  .bss               zero     0x20002b73     0x1  guangdian.o [1]
  .bss               zero     0x20002b74     0x1  guangdian.o [1]
  .bss               zero     0x20002b75     0x1  main.o [1]
  .bss               zero     0x20002b76     0x1  main.o [1]
  .bss               zero     0x20002b77     0x1  main.o [1]
  .bss               zero     0x20002b78     0x1  main.o [1]
  .bss               zero     0x20002b79     0x1  moto.o [1]
  .bss               zero     0x20002b7a     0x1  moto.o [1]
  .bss               zero     0x20002b7b     0x1  moto.o [1]
  .bss               zero     0x20002b7c     0x1  moto.o [1]
  .bss               zero     0x20002b7d     0x1  moto.o [1]
  .bss               zero     0x20002b7e     0x1  moto.o [1]
  .bss               zero     0x20002b7f     0x1  moto.o [1]
  .bss               zero     0x20002b80     0x1  moto.o [1]
  .bss               zero     0x20002b81     0x1  moto.o [1]
  .bss               zero     0x20002b82     0x1  moto.o [1]
  .bss               zero     0x20002b83     0x1  moto.o [1]
  .bss               zero     0x20002b84     0x1  moto.o [1]
  .bss               zero     0x20002b85     0x1  zongxian.o [1]
  .bss               zero     0x20002b86     0x1  zongxian.o [1]
                            - 0x20002b87  0x2b5b

"P2", part 3 of 3:                         0x800
  CSTACK                      0x20002b88   0x800  <Block>
    CSTACK           uninit   0x20002b88   0x800  <Block tail>
                            - 0x20003388   0x800


*******************************************************************************
*** INIT TABLE
***

          Address     Size
          -------     ----
Zero (__iar_zero_init3)
    1 destination range, total size 0x2b5b:
          0x2000002c  0x2b5b

Copy (__iar_copy_init3)
    1 source range, total size 0x2c (107% of destination):
          0x080147bc    0x2c
    1 destination range, total size 0x29:
          0x20000000    0x29


*******************************************************************************
*** MODULE SUMMARY
***

    Module                  ro code  ro data  rw data
    ------                  -------  -------  -------
E:\car_item_v1\normalmorethan655car\car_control_v1.2.7.6\ip110\slave___CAR_CTRL_PROJECT_v1.2.7.6\Project\EWARMv5_iap\STM3210C-EVAL\Obj: [1]
    TCPclient.o                                     1
    can_bus.o                 1 578             1 718
    ethernetif.o                288
    fun.o                       840             7 760
    guangdian.o                 288        6       18
    main.o                      764        2       20
    mem.o                       520                12
    memp.o                       92                36
    misc.o                      152
    moto.o                    3 892        1      343
    netconf.o                    16                48
    pbuf.o                      546
    photo.o                     644                36
    startup_stm32f10x_cl.o      616
    stm32_eth.o                  68                 4
    stm32f107.o               1 690
    stm32f10x_bkp.o              32
    stm32f10x_can.o           1 364
    stm32f10x_dma.o             512
    stm32f10x_exti.o             52
    stm32f10x_gpio.o            376
    stm32f10x_it.o              764
    stm32f10x_rcc.o             440       20       20
    stm32f10x_tim.o              54
    stm32f10x_usart.o           468
    system_stm32f10x.o          408
    zongxian.o                1 486        4    1 116
    -------------------------------------------------
    Total:                   17 950       33   11 132

command line: [2]
    -------------------------------------------------
    Total:

dl7M_tlf.a: [3]
    XShttio.o                     8        8        8
    exit.o                        8
    low_level_init.o              4
    -------------------------------------------------
    Total:                       20        8        8

m7M_tl.a: [4]
    -------------------------------------------------
    Total:

rt7M_tl.a: [5]
    ABImemcpy.o                 112
    cexit.o                      10
    cmain.o                      22
    copy_init3.o                 46
    cstartup_M.o                 12
    data_init3.o                 44
    zero_init3.o                 34
    -------------------------------------------------
    Total:                      280

shb_l.a: [6]
    exit.o                       20
    iarttio.o                    48
    -------------------------------------------------
    Total:                       68

    Gaps                         10                 3
    Linker created                        39    2 048
-----------------------------------------------------
    Grand Total:             18 328       80   13 191


*******************************************************************************
*** ENTRY LIST
***

Entry                      Address    Size  Type      Object
-----                      -------    ----  ----      ------
?main                   0x08014655          Code  Gb  cmain.o [5]
ADC1_2_IRQHandler       0x08014711          Code  Wk  startup_stm32f10x_cl.o [1]
ADCPrescTable           0x2000001c     0x4  Data  Lc  stm32f10x_rcc.o [1]
APBAHBPrescTable        0x20000000    0x10  Data  Lc  stm32f10x_rcc.o [1]
BKP_WriteBackupRegister
                        0x08013f7d    0x1c  Code  Gb  stm32f10x_bkp.o [1]
BusFault_Handler        0x08013c71     0x8  Code  Gb  stm32f10x_it.o [1]
CAN1_RX0_IRQHandler     0x08013eb9    0x2c  Code  Gb  stm32f10x_it.o [1]
CAN1_RX1_IRQHandler     0x0801471d          Code  Wk  startup_stm32f10x_cl.o [1]
CAN1_SCE_IRQHandler     0x08014721          Code  Wk  startup_stm32f10x_cl.o [1]
CAN1_TX_IRQHandler      0x08014715          Code  Wk  startup_stm32f10x_cl.o [1]
CAN2_RX0_IRQHandler     0x080147ad          Code  Wk  startup_stm32f10x_cl.o [1]
CAN2_RX1_IRQHandler     0x080147b1          Code  Wk  startup_stm32f10x_cl.o [1]
CAN2_SCE_IRQHandler     0x080147b5          Code  Wk  startup_stm32f10x_cl.o [1]
CAN2_TX_IRQHandler      0x080147a9          Code  Wk  startup_stm32f10x_cl.o [1]
CAN_CancelTransmit      0x0801203f    0x2e  Code  Gb  stm32f10x_can.o [1]
CAN_ClearITPendingBit   0x08012157    0x96  Code  Gb  stm32f10x_can.o [1]
CAN_Configuration       0x08011623    0xac  Code  Gb  stm32f107.o [1]
CAN_DeInit              0x08011c99    0x34  Code  Gb  stm32f10x_can.o [1]
CAN_FIFORelease         0x0801206d    0x12  Code  Gb  stm32f10x_can.o [1]
CAN_FilterInit          0x08011ddd    0xe2  Code  Gb  stm32f10x_can.o [1]
CAN_ITConfig            0x08011f09    0x18  Code  Gb  stm32f10x_can.o [1]
CAN_Init                0x08011ccd   0x110  Code  Gb  stm32f10x_can.o [1]
CAN_Receive             0x0801207f    0xd8  Code  Gb  stm32f10x_can.o [1]
CAN_StructInit          0x08011ebf    0x2e  Code  Gb  stm32f10x_can.o [1]
CAN_Transmit            0x08011f21   0x11e  Code  Gb  stm32f10x_can.o [1]
CAN_Transmit_Rewrite    0x080127c5   0x150  Code  Gb  can_bus.o [1]
CSTACK$$Base            0x20002b88           --   Gb  - Linker created -
CSTACK$$Limit           0x20003388           --   Gb  - Linker created -
DEBUG_recv_flag         0x20002b76     0x1  Data  Gb  main.o [1]
DMA1_Channel1_IRQHandler
                        0x080146f5          Code  Wk  startup_stm32f10x_cl.o [1]
DMA1_Channel2_IRQHandler
                        0x080146f9          Code  Wk  startup_stm32f10x_cl.o [1]
DMA1_Channel3_IRQHandler
                        0x080146fd          Code  Wk  startup_stm32f10x_cl.o [1]
DMA1_Channel4_IRQHandler
                        0x08013cbf    0x2c  Code  Gb  stm32f10x_it.o [1]
DMA1_Channel5_IRQHandler
                        0x08014705          Code  Wk  startup_stm32f10x_cl.o [1]
DMA1_Channel6_IRQHandler
                        0x08014709          Code  Wk  startup_stm32f10x_cl.o [1]
DMA1_Channel7_IRQHandler
                        0x0801470d          Code  Wk  startup_stm32f10x_cl.o [1]
DMA2_Channel1_IRQHandler
                        0x0801478d          Code  Wk  startup_stm32f10x_cl.o [1]
DMA2_Channel2_IRQHandler
                        0x08014791          Code  Wk  startup_stm32f10x_cl.o [1]
DMA2_Channel3_IRQHandler
                        0x08014795          Code  Wk  startup_stm32f10x_cl.o [1]
DMA2_Channel4_IRQHandler
                        0x08014799          Code  Wk  startup_stm32f10x_cl.o [1]
DMA2_Channel5_IRQHandler
                        0x0801479d          Code  Wk  startup_stm32f10x_cl.o [1]
DMARxDescToGet          0x20002b54     0x4  Data  Gb  stm32_eth.o [1]
DMA_ClearFlag           0x08011385    0x10  Code  Gb  stm32f10x_dma.o [1]
DMA_Cmd                 0x08011345    0x1c  Code  Gb  stm32f10x_dma.o [1]
DMA_Configuration       0x0801151d   0x106  Code  Gb  stm32f107.o [1]
DMA_DeInit              0x080111fd   0x10a  Code  Gb  stm32f10x_dma.o [1]
DMA_GetCurrDataCounter  0x0801137f     0x6  Code  Gb  stm32f10x_dma.o [1]
DMA_GetITStatus         0x08011395    0x22  Code  Gb  stm32f10x_dma.o [1]
DMA_ITConfig            0x08011361    0x18  Code  Gb  stm32f10x_dma.o [1]
DMA_Init                0x08011307    0x3e  Code  Gb  stm32f10x_dma.o [1]
DMA_SetCurrDataCounter  0x08011379     0x6  Code  Gb  stm32f10x_dma.o [1]
DebugMon_Handler        0x08013c83     0x2  Code  Gb  stm32f10x_it.o [1]
Debug_recv_buff         0x20002a04    0x34  Data  Gb  zongxian.o [1]
Debug_recv_count        0x20002b85     0x1  Data  Gb  zongxian.o [1]
Debug_send_buff         0x20002a38    0x34  Data  Gb  zongxian.o [1]
ETH_DMAClearITPendingBit
                        0x08013fdb     0x8  Code  Gb  stm32_eth.o [1]
ETH_GetDMARxDescFrameLength
                        0x08013fd3     0x8  Code  Gb  stm32_eth.o [1]
ETH_GetRxPktSize        0x08013fad    0x26  Code  Gb  stm32_eth.o [1]
ETH_IRQHandler          0x08013e7d    0x20  Code  Gb  stm32f10x_it.o [1]
ETH_RxPkt_ChainMode     0x080140b1    0x88  Code  Gb  ethernetif.o [1]
ETH_WKUP_IRQHandler     0x080147a5          Code  Wk  startup_stm32f10x_cl.o [1]
EXTI0_IRQHandler        0x080146e1          Code  Wk  startup_stm32f10x_cl.o [1]
EXTI15_10_IRQHandler    0x08014769          Code  Wk  startup_stm32f10x_cl.o [1]
EXTI1_IRQHandler        0x080146e5          Code  Wk  startup_stm32f10x_cl.o [1]
EXTI2_IRQHandler        0x080146e9          Code  Wk  startup_stm32f10x_cl.o [1]
EXTI3_IRQHandler        0x080146ed          Code  Wk  startup_stm32f10x_cl.o [1]
EXTI4_IRQHandler        0x080146f1          Code  Wk  startup_stm32f10x_cl.o [1]
EXTI9_5_IRQHandler      0x08013e9d    0x1c  Code  Gb  stm32f10x_it.o [1]
EXTI_ClearITPendingBit  0x08014015     0x6  Code  Gb  stm32f10x_exti.o [1]
EXTI_GetITStatus        0x08013ff1    0x24  Code  Gb  stm32f10x_exti.o [1]
FLASH_IRQHandler        0x080146d9          Code  Wk  startup_stm32f10x_cl.o [1]
GPIO_Configuration      0x08011729   0x262  Code  Gb  stm32f107.o [1]
GPIO_Init               0x08011085    0xcc  Code  Gb  stm32f10x_gpio.o [1]
GPIO_PinRemapConfig     0x08011189    0x70  Code  Gb  stm32f10x_gpio.o [1]
GPIO_ReadInputDataBit   0x08011151    0x16  Code  Gb  stm32f10x_gpio.o [1]
GPIO_ReadOutputDataBit  0x08011167    0x16  Code  Gb  stm32f10x_gpio.o [1]
GPIO_ResetBits          0x08011183     0x6  Code  Gb  stm32f10x_gpio.o [1]
GPIO_SetBits            0x0801117d     0x6  Code  Gb  stm32f10x_gpio.o [1]
HardFault_Handler       0x08013c61     0x8  Code  Gb  stm32f10x_it.o [1]
I2C1_ER_IRQHandler      0x08014749          Code  Wk  startup_stm32f10x_cl.o [1]
I2C1_EV_IRQHandler      0x08014745          Code  Wk  startup_stm32f10x_cl.o [1]
I2C2_ER_IRQHandler      0x08014751          Code  Wk  startup_stm32f10x_cl.o [1]
I2C2_EV_IRQHandler      0x0801474d          Code  Wk  startup_stm32f10x_cl.o [1]
INPUT2_count            0x20000024     0x2  Data  Gb  guangdian.o [1]
INPUT2_count_error      0x20002b64     0x2  Data  Gb  guangdian.o [1]
INPUT2_timer            0x20002b3c     0x4  Data  Gb  guangdian.o [1]
INPUT2_timer_beilv      0x20002b60     0x2  Data  Gb  guangdian.o [1]
Isphotovalue            0x20002b86     0x1  Data  Gb  zongxian.o [1]
Load_info_t             0x20002928    0xdc  Data  Gb  fun.o [1]
LocalTime               0x20002b40     0x4  Data  Gb  main.o [1]
LocalTime_half_ms       0x20002b44     0x4  Data  Gb  main.o [1]
LwIP_Pkt_Handle         0x08013f9d     0xa  Code  Gb  netconf.o [1]
MOTO_MAX_COUNT          0x20002b7a     0x1  Data  Gb  moto.o [1]
MemManage_Handler       0x08013c69     0x8  Code  Gb  stm32f10x_it.o [1]
NMI_Handler             0x08013c5f     0x2  Code  Gb  stm32f10x_it.o [1]
NVIC_Configuration      0x080119e9    0xae  Code  Gb  stm32f107.o [1]
NVIC_Init               0x08012547    0x66  Code  Gb  misc.o [1]
NVIC_PriorityGroupConfig
                        0x0801253d     0xa  Code  Gb  misc.o [1]
NVIC_SetPriority        0x080113fd    0x26  Code  Lc  stm32f107.o [1]
NVIC_SetVectorTable     0x080125ad     0xc  Code  Gb  misc.o [1]
NVIC_SystemReset        0x08013c49    0x16  Code  Lc  stm32f10x_it.o [1]
OTG_FS_IRQHandler       0x080147b9          Code  Wk  startup_stm32f10x_cl.o [1]
OTG_FS_WKUP_IRQHandler  0x08014771          Code  Wk  startup_stm32f10x_cl.o [1]
PVD_IRQHandler          0x080146cd          Code  Wk  startup_stm32f10x_cl.o [1]
PendSV_Handler          0x08013c85     0x2  Code  Gb  stm32f10x_it.o [1]
RCC_AHBPeriphClockCmd   0x08012491    0x20  Code  Gb  stm32f10x_rcc.o [1]
RCC_APB1PeriphClockCmd  0x080124d1    0x20  Code  Gb  stm32f10x_rcc.o [1]
RCC_APB1PeriphResetCmd  0x080124f1    0x20  Code  Gb  stm32f10x_rcc.o [1]
RCC_APB2PeriphClockCmd  0x080124b1    0x20  Code  Gb  stm32f10x_rcc.o [1]
RCC_GetClocksFreq       0x08012385   0x10c  Code  Gb  stm32f10x_rcc.o [1]
RCC_IRQHandler          0x080146dd          Code  Wk  startup_stm32f10x_cl.o [1]
RTCAlarm_IRQHandler     0x0801476d          Code  Wk  startup_stm32f10x_cl.o [1]
RTC_IRQHandler          0x080146d5          Code  Wk  startup_stm32f10x_cl.o [1]
Region$$Table$$Base     0x08014630           --   Gb  - Linker created -
Region$$Table$$Limit    0x08014654           --   Gb  - Linker created -
SPI1_IRQHandler         0x08014755          Code  Wk  startup_stm32f10x_cl.o [1]
SPI2_IRQHandler         0x08014759          Code  Wk  startup_stm32f10x_cl.o [1]
SPI3_IRQHandler         0x08014779          Code  Wk  startup_stm32f10x_cl.o [1]
SVC_Handler             0x08013c81     0x2  Code  Gb  stm32f10x_it.o [1]
SetSysClock             0x0801224b     0x8  Code  Lc  system_stm32f10x.o [1]
SetSysClockTo72         0x08012253   0x10e  Code  Lc  system_stm32f10x.o [1]
SysTick_Config          0x08011423    0x36  Code  Lc  stm32f107.o [1]
SysTick_Handler         0x08013c87     0x8  Code  Gb  stm32f10x_it.o [1]
SystemInit              0x080121ed    0x5e  Code  Gb  system_stm32f10x.o [1]
System_Setup            0x080116cf    0x5a  Code  Gb  stm32f107.o [1]
TAMPER_IRQHandler       0x080146d1          Code  Wk  startup_stm32f10x_cl.o [1]
TIM1_BRK_IRQHandler     0x08014729          Code  Wk  startup_stm32f10x_cl.o [1]
TIM1_CC_IRQHandler      0x08014735          Code  Wk  startup_stm32f10x_cl.o [1]
TIM1_TRG_COM_IRQHandler
                        0x08014731          Code  Wk  startup_stm32f10x_cl.o [1]
TIM1_UP_IRQHandler      0x0801472d          Code  Wk  startup_stm32f10x_cl.o [1]
TIM2_IRQHandler         0x08013c8f    0x30  Code  Gb  stm32f10x_it.o [1]
TIM3_IRQHandler         0x0801473d          Code  Wk  startup_stm32f10x_cl.o [1]
TIM4_IRQHandler         0x08014741          Code  Wk  startup_stm32f10x_cl.o [1]
TIM5_IRQHandler         0x08014775          Code  Wk  startup_stm32f10x_cl.o [1]
TIM6_IRQHandler         0x08014785          Code  Wk  startup_stm32f10x_cl.o [1]
TIM7_IRQHandler         0x08014789          Code  Wk  startup_stm32f10x_cl.o [1]
TIM_ClearITPendingBit   0x08013f73     0x8  Code  Gb  stm32f10x_tim.o [1]
TIM_GetITStatus         0x08013f45    0x2e  Code  Gb  stm32f10x_tim.o [1]
Time_Update             0x08013865   0x106  Code  Gb  main.o [1]
UART4_IRQHandler        0x08013d49    0x58  Code  Gb  stm32f10x_it.o [1]
UART5_IRQHandler        0x08014781          Code  Wk  startup_stm32f10x_cl.o [1]
USART1_IRQHandler       0x08013df7    0x86  Code  Gb  stm32f10x_it.o [1]
USART2_IRQHandler       0x08013da1    0x56  Code  Gb  stm32f10x_it.o [1]
USART3_IRQHandler       0x08014765          Code  Wk  startup_stm32f10x_cl.o [1]
USART_ClearFlag         0x08011c07     0xc  Code  Gb  stm32f10x_usart.o [1]
USART_ClearITPendingBit
                        0x08011c77    0x22  Code  Gb  stm32f10x_usart.o [1]
USART_Cmd               0x08011b5d    0x1c  Code  Gb  stm32f10x_usart.o [1]
USART_Configuration     0x08011459    0xc4  Code  Gb  stm32f107.o [1]
USART_DMACmd            0x08011bcb    0x18  Code  Gb  stm32f10x_usart.o [1]
USART_GetFlagStatus     0x08011beb    0x1c  Code  Gb  stm32f10x_usart.o [1]
USART_GetITStatus       0x08011c13    0x64  Code  Gb  stm32f10x_usart.o [1]
USART_ITConfig          0x08011b79    0x52  Code  Gb  stm32f10x_usart.o [1]
USART_Init              0x08011ac5    0x90  Code  Gb  stm32f10x_usart.o [1]
USART_SendData          0x08011be3     0x8  Code  Gb  stm32f10x_usart.o [1]
Unload_info_t           0x2000281c   0x10c  Data  Gb  fun.o [1]
UsageFault_Handler      0x08013c79     0x8  Code  Gb  stm32f10x_it.o [1]
WWDG_IRQHandler         0x080146c9          Code  Wk  startup_stm32f10x_cl.o [1]
XIAOCHE_GROUP_NUM       0x20002b79     0x1  Data  Gb  moto.o [1]
XIAOCHE_START_NUM       0x20002b6c     0x2  Data  Gb  moto.o [1]
__aeabi_memcpy          0x08012c21          Code  Gb  ABImemcpy.o [5]
__aeabi_memcpy4         0x08012c3b          Code  Gb  ABImemcpy.o [5]
__aeabi_memcpy8         0x08012c3b          Code  Gb  ABImemcpy.o [5]
__cmain                 0x08014655          Code  Gb  cmain.o [5]
__exit                  0x08014685    0x14  Code  Gb  exit.o [6]
__iar_close_ttio        0x080145cd    0x2e  Code  Gb  iarttio.o [6]
__iar_copy_init3        0x08011a97    0x2e  Code  Gb  copy_init3.o [5]
__iar_data_init3        0x08014605    0x2c  Code  Gb  data_init3.o [5]
__iar_lookup_ttioh      0x080145fd     0x8  Code  Gb  XShttio.o [3]
__iar_program_start     0x08014699          Code  Gb  cstartup_M.o [5]
__iar_ttio_handles      0x20000010     0x8  Data  Lc  XShttio.o [3]
__iar_zero_init3        0x08012bff    0x22  Code  Gb  zero_init3.o [5]
__low_level_init        0x0801466b     0x4  Code  Gb  low_level_init.o [3]
__vector_table          0x08010000          Data  Gb  startup_stm32f10x_cl.o [1]
_call_main              0x08014661          Code  Gb  cmain.o [5]
_exit                   0x08014679          Code  Gb  cexit.o [5]
_main                   0x08014667          Code  Gb  cmain.o [5]
boot_mode_cmd_check     0x08013ceb    0x5e  Code  Gb  stm32f10x_it.o [1]
can_bus_frame_receive   0x08012a11   0x1a0  Code  Gb  can_bus.o [1]
can_bus_reply_ack       0x08012975    0x9c  Code  Gb  can_bus.o [1]
can_bus_send_one_frame  0x08012915    0x60  Code  Gb  can_bus.o [1]
can_recv_buff           0x20001c70   0x3e8  Data  Gb  can_bus.o [1]
can_recv_len            0x20002b5c     0x2  Data  Gb  can_bus.o [1]
canframequeue           0x20002b14     0xc  Data  Gb  can_bus.o [1]
canframequeuebuff       0x20002440   0x2bc  Data  Gb  can_bus.o [1]
check_car_cmd_process   0x08012e27    0xa0  Code  Gb  zongxian.o [1]
check_motor_flag        0x20002b78     0x1  Data  Gb  main.o [1]
cur_moto_para_num       0x20002b81     0x1  Data  Gb  moto.o [1]
ethernetif_input        0x0801407d    0x34  Code  Gb  ethernetif.o [1]
exit                    0x0801466f     0x8  Code  Gb  exit.o [3]
g_SegBytes              0x20002b5e     0x2  Data  Gb  can_bus.o [1]
g_SegNum                0x20002b72     0x1  Data  Gb  can_bus.o [1]
g_SegPolo               0x20002b71     0x1  Data  Gb  can_bus.o [1]
get_load_num            0x08010549   0x2ba  Code  Gb  moto.o [1]
get_xialiao_num_process
                        0x08010323   0x226  Code  Gb  moto.o [1]
guangdian_error         0x20002b73     0x1  Data  Gb  guangdian.o [1]
heart_dely              0x20002b70     0x1  Data  Gb  TCPclient.o [1]
key_value               0x20002b77     0x1  Data  Gb  main.o [1]
led_on_delay            0x20002b66     0x2  Data  Gb  main.o [1]
lfree                   0x20002b50     0x4  Data  Lc  mem.o [1]
low_level_input         0x08014025    0x58  Code  Lc  ethernetif.o [1]
main                    0x0801381b    0x4a  Code  Gb  main.o [1]
max_guandian_count_u16  0x20002b6a     0x2  Data  Gb  main.o [1]
mem_free                0x08014455    0x4a  Code  Gb  mem.o [1]
mem_malloc              0x0801449f   0x11e  Code  Gb  mem.o [1]
memcpy                  0x08012c91     0xe  Code  Gb  zongxian.o [1]
memp_free               0x08014399    0x24  Code  Gb  memp.o [1]
memp_malloc             0x08014369    0x30  Code  Gb  memp.o [1]
memp_tab                0x20002a9c    0x24  Data  Lc  memp.o [1]
moto_commu_statue       0x20002b7d     0x1  Data  Gb  moto.o [1]
moto_ctr_process        0x08010f55    0xe2  Code  Gb  moto.o [1]
moto_ctr_statue         0x20000028     0x1  Data  Gb  moto.o [1]
moto_para               0x200026fc   0x120  Data  Gb  moto.o [1]
moto_ready_recv_process
                        0x08010151    0x28  Code  Gb  moto.o [1]
moto_recv_buff          0x20002b00    0x14  Data  Gb  moto.o [1]
moto_recv_count         0x20002b7c     0x1  Data  Gb  moto.o [1]
moto_recv_now_process   0x080101bd   0x166  Code  Gb  moto.o [1]
moto_recv_statue        0x20002b7f     0x1  Data  Gb  moto.o [1]
moto_reply_count        0x20002b84     0x1  Data  Gb  moto.o [1]
moto_reply_outtimer     0x20002b83     0x1  Data  Gb  moto.o [1]
moto_send_buff          0x20002aec    0x14  Data  Gb  moto.o [1]
moto_send_count         0x20002b7b     0x1  Data  Gb  moto.o [1]
moto_send_num           0x20002b7e     0x1  Data  Gb  moto.o [1]
moto_send_process       0x08010179    0x44  Code  Gb  moto.o [1]
moto_start_ctr          0x20002b80     0x1  Data  Gb  moto.o [1]
moto_statue_comm_en     0x20002b74     0x1  Data  Gb  guangdian.o [1]
motor_position_reset    0x080108c3    0x38  Code  Gb  moto.o [1]
netif                   0x20002a6c    0x30  Data  Gb  netconf.o [1]
pbuf_alloc              0x08014145   0x1ac  Code  Gb  pbuf.o [1]
pbuf_free               0x080142f1    0x76  Code  Gb  pbuf.o [1]
plug_holes              0x080143c5    0x90  Code  Lc  mem.o [1]
port_info               0x20002ac0    0x18  Data  Gb  photo.o [1]
pre_INPUT2_count        0x20002b62     0x2  Data  Gb  guangdian.o [1]
pre_moto_para_num       0x20002b82     0x1  Data  Gb  moto.o [1]
ram                     0x20002b48     0x4  Data  Lc  mem.o [1]
ram_end                 0x20002b4c     0x4  Data  Lc  mem.o [1]
recv_moto_statue_process
                        0x080131d3    0x12  Code  Gb  zongxian.o [1]
recv_msg_check          0x08013381    0x56  Code  Gb  fun.o [1]
recv_photoeletricity    0x08013261   0x120  Code  Gb  guangdian.o [1]
recv_slaver_photo_config_process
                        0x08012ec7    0x3e  Code  Gb  zongxian.o [1]
rev_cnt_test            0x20002b58     0x4  Data  Lc  zongxian.o [1]
sWCS2CarUnloadRunData   0x20002ad8    0x14  Data  Gb  fun.o [1]
s_LastPhotoCount        0x20000018     0x4  Data  Gb  guangdian.o [1]
s_last_ID_u32           0x20000020     0x4  Data  Gb  zongxian.o [1]
s_speed_zhuxian_u32     0x20002b38     0x4  Data  Gb  fun.o [1]
scan_key_process        0x08013755    0xc6  Code  Gb  main.o [1]
sec_flag                0x20002b68     0x2  Data  Gb  main.o [1]
sec_process             0x080136c9    0x8c  Code  Gb  main.o [1]
sec_reg                 0x20000026     0x2  Data  Gb  main.o [1]
send_moto_para_process  0x08010bc1   0x12e  Code  Gb  moto.o [1]
send_moto_run_process   0x08010d19   0x230  Code  Gb  moto.o [1]
slave_send_debug_flag   0x20002b75     0x1  Data  Gb  main.o [1]
slave_send_moto_process
                        0x08012ca1   0x186  Code  Gb  zongxian.o [1]
sysmsg                  0x20002b2c     0xc  Data  Gb  photo.o [1]
u8can_bus_send_one_frame
                        0x08012631    0x68  Code  Gb  can_bus.o [1]
vcan_bus_addto_cansendqueue
                        0x080125ef    0x42  Code  Gb  can_bus.o [1]
vcan_bus_init_cansendqueue
                        0x080125d5    0x1a  Code  Gb  can_bus.o [1]
vcan_send_frame_process
                        0x08012779    0x4c  Code  Gb  can_bus.o [1]
vcan_send_send_msg      0x08012699    0xe0  Code  Gb  can_bus.o [1]
vcanbus_send_heart_msg  0x08012be9    0x16  Code  Gb  can_bus.o [1]
vphoto_deal_with_cnt_photo
                        0x08013ab3   0x182  Code  Gb  photo.o [1]
vphoto_deal_with_reset_photo
                        0x080139db    0xd8  Code  Gb  photo.o [1]
vphoto_init_msg         0x080139c5    0x16  Code  Gb  photo.o [1]
wcs2CarParaData         0x2000002c  0x1c44  Data  Gb  fun.o [1]
wcs2carSysEnData        0x20002b20     0xc  Data  Gb  fun.o [1]
write_moto_process      0x08010803    0xc0  Code  Gb  moto.o [1]
xialiao_process         0x080108fb   0x2b0  Code  Gb  moto.o [1]
xiaoliao_IO_exit_process
                        0x080135e3    0xd8  Code  Gb  fun.o [1]
xiaoliao_exit_process   0x080133d7   0x20c  Code  Gb  fun.o [1]
zongxian_recv_buff      0x20002058   0x3e8  Data  Gb  zongxian.o [1]
zongxian_recv_count     0x20002b6e     0x2  Data  Gb  zongxian.o [1]
zongxian_uart_recv      0x08012f05   0x2ce  Code  Gb  zongxian.o [1]


[1] = E:\car_item_v1\normalmorethan655car\car_control_v1.2.7.6\ip110\slave___CAR_CTRL_PROJECT_v1.2.7.6\Project\EWARMv5_iap\STM3210C-EVAL\Obj
[2] = command line
[3] = dl7M_tlf.a
[4] = m7M_tl.a
[5] = rt7M_tl.a
[6] = shb_l.a

  18 328 bytes of readonly  code memory
      80 bytes of readonly  data memory
  13 191 bytes of readwrite data memory

Errors: none
Warnings: none
